
Optional file libmchp_peripheral.a not found

Optional file libmchp_peripheral_32MX795F512L.a not found
Archive member included because of file (symbol)

c:/program files (x86)/microchip/xc32/v1.42/bin/bin/../../lib/gcc/pic32mx/4.8.3/../../../../pic32mx/lib\libpic32.a(memcpy.o)
                              build/default/production/_ext/1128951024/queue.o (memcpy)
c:/program files (x86)/microchip/xc32/v1.42/bin/bin/../../lib/gcc/pic32mx/4.8.3/../../../../pic32mx/lib\libpic32.a(memset.o)
                              build/default/production/_ext/1128951024/tasks.o (memset)
c:/program files (x86)/microchip/xc32/v1.42/bin/bin/../../lib/gcc/pic32mx/4.8.3/../../../../pic32mx/lib\libpic32.a(strlen.o)
                              build/default/production/_ext/1360937237/messages.o (strlen)
c:/program files (x86)/microchip/xc32/v1.42/bin/bin/../../lib/gcc/pic32mx/4.8.3/../../../../pic32mx/lib\libpic32.a(default-bootstrap-exception-handler.o)
                              c:/program files (x86)/microchip/xc32/v1.42/bin/bin/../../lib/gcc/pic32mx/4.8.3/../../../../pic32mx/lib/./proc/32MX795F512L/crt0_mips32r2.o (_bootstrap_exception_handler)
c:/program files (x86)/microchip/xc32/v1.42/bin/bin/../../lib/gcc/pic32mx/4.8.3/../../../../pic32mx/lib\libpic32.a(default-on-reset.o)
                              c:/program files (x86)/microchip/xc32/v1.42/bin/bin/../../lib/gcc/pic32mx/4.8.3/../../../../pic32mx/lib/./proc/32MX795F512L/crt0_mips32r2.o (_on_reset)
c:/program files (x86)/microchip/xc32/v1.42/bin/bin/../../lib/gcc/pic32mx/4.8.3/../../../../pic32mx/lib\libpic32.a(default-on-bootstrap.o)
                              c:/program files (x86)/microchip/xc32/v1.42/bin/bin/../../lib/gcc/pic32mx/4.8.3/../../../../pic32mx/lib/./proc/32MX795F512L/crt0_mips32r2.o (_on_bootstrap)
c:/program files (x86)/microchip/xc32/v1.42/bin/bin/../../lib/gcc/pic32mx/4.8.3/../../../../pic32mx/lib\libpic32.a(default-nmi-handler.o)
                              c:/program files (x86)/microchip/xc32/v1.42/bin/bin/../../lib/gcc/pic32mx/4.8.3/../../../../pic32mx/lib/./proc/32MX795F512L/crt0_mips32r2.o (_nmi_handler)
c:/program files (x86)/microchip/xc32/v1.42/bin/bin/../../lib/gcc/pic32mx/4.8.3/../../../../pic32mx/lib\libpic32.a(general-exception.o)
                              c:/program files (x86)/microchip/xc32/v1.42/bin/bin/../../lib/gcc/pic32mx/4.8.3/../../../../pic32mx/lib/./proc/32MX795F512L/crt0_mips32r2.o (_general_exception_context)
c:/program files (x86)/microchip/xc32/v1.42/bin/bin/../../lib/gcc/pic32mx/4.8.3/../../../../pic32mx/lib\libpic32.a(vector0.o)
                              c:/program files (x86)/microchip/xc32/v1.42/bin/bin/../../lib/gcc/pic32mx/4.8.3/../../../../pic32mx/lib/./proc/32MX795F512L\default_isr_vectors.o (__vector_dispatch_0)
c:/program files (x86)/microchip/xc32/v1.42/bin/bin/../../lib/gcc/pic32mx/4.8.3/../../../../pic32mx/lib\libpic32.a(vector2.o)
                              c:/program files (x86)/microchip/xc32/v1.42/bin/bin/../../lib/gcc/pic32mx/4.8.3/../../../../pic32mx/lib/./proc/32MX795F512L\default_isr_vectors.o (__vector_dispatch_2)
c:/program files (x86)/microchip/xc32/v1.42/bin/bin/../../lib/gcc/pic32mx/4.8.3/../../../../pic32mx/lib\libpic32.a(vector3.o)
                              c:/program files (x86)/microchip/xc32/v1.42/bin/bin/../../lib/gcc/pic32mx/4.8.3/../../../../pic32mx/lib/./proc/32MX795F512L\default_isr_vectors.o (__vector_dispatch_3)
c:/program files (x86)/microchip/xc32/v1.42/bin/bin/../../lib/gcc/pic32mx/4.8.3/../../../../pic32mx/lib\libpic32.a(vector5.o)
                              c:/program files (x86)/microchip/xc32/v1.42/bin/bin/../../lib/gcc/pic32mx/4.8.3/../../../../pic32mx/lib/./proc/32MX795F512L\default_isr_vectors.o (__vector_dispatch_5)
c:/program files (x86)/microchip/xc32/v1.42/bin/bin/../../lib/gcc/pic32mx/4.8.3/../../../../pic32mx/lib\libpic32.a(vector6.o)
                              c:/program files (x86)/microchip/xc32/v1.42/bin/bin/../../lib/gcc/pic32mx/4.8.3/../../../../pic32mx/lib/./proc/32MX795F512L\default_isr_vectors.o (__vector_dispatch_6)
c:/program files (x86)/microchip/xc32/v1.42/bin/bin/../../lib/gcc/pic32mx/4.8.3/../../../../pic32mx/lib\libpic32.a(vector7.o)
                              c:/program files (x86)/microchip/xc32/v1.42/bin/bin/../../lib/gcc/pic32mx/4.8.3/../../../../pic32mx/lib/./proc/32MX795F512L\default_isr_vectors.o (__vector_dispatch_7)
c:/program files (x86)/microchip/xc32/v1.42/bin/bin/../../lib/gcc/pic32mx/4.8.3/../../../../pic32mx/lib\libpic32.a(vector9.o)
                              c:/program files (x86)/microchip/xc32/v1.42/bin/bin/../../lib/gcc/pic32mx/4.8.3/../../../../pic32mx/lib/./proc/32MX795F512L\default_isr_vectors.o (__vector_dispatch_9)
c:/program files (x86)/microchip/xc32/v1.42/bin/bin/../../lib/gcc/pic32mx/4.8.3/../../../../pic32mx/lib\libpic32.a(vector10.o)
[...]
Memory Configuration

Name             Origin             Length             Attributes
kseg0_program_mem 0x9d000000         0x00080000         xr
kseg0_boot_mem   0x9fc00490         0x00000970
exception_mem    0x9fc01000         0x00001000
kseg1_boot_mem   0xbfc00000         0x00000490
debug_exec_mem   0xbfc02000         0x00000ff0
config3          0xbfc02ff0         0x00000004
config2          0xbfc02ff4         0x00000004
config1          0xbfc02ff8         0x00000004
config0          0xbfc02ffc         0x00000004
kseg1_data_mem   0xa0000000         0x00020000         w !x
sfrs             0xbf800000         0x00100000
configsfrs       0xbfc02ff0         0x00000010
*default*        0x00000000         0xffffffff

Linker script and memory map

LOAD c:/program files (x86)/microchip/xc32/v1.42/bin/bin/../../lib/gcc/pic32mx/4.8.3/../../../../pic32mx/lib/./proc/32MX795F512L/crt0_mips32r2.o
LOAD c:/program files (x86)/microchip/xc32/v1.42/bin/bin/../../lib/gcc/pic32mx/4.8.3/../../../../pic32mx/lib\debug-exception-return.o
LOAD build/default/production/_ext/1360937237/control.o
LOAD build/default/production/_ext/1360937237/motor.o
LOAD build/default/production/_ext/1360937237/main.o
LOAD build/default/production/_ext/1360937237/debug.o
LOAD build/default/production/_ext/1360937237/tx_thread.o
LOAD build/default/production/_ext/1360937237/rx_thread.o
LOAD build/default/production/_ext/24337685/osal_freertos.o
LOAD build/default/production/_ext/1271179505/sys_devcon.o
LOAD build/default/production/_ext/1271179505/sys_devcon_pic32mx.o
LOAD build/default/production/_ext/122796885/sys_int_pic32.o
LOAD build/default/production/_ext/1128951024/croutine.o
LOAD build/default/production/_ext/1128951024/list.o
LOAD build/default/production/_ext/1128951024/queue.o
LOAD build/default/production/_ext/1128951024/tasks.o
LOAD build/default/production/_ext/1128951024/timers.o
LOAD build/default/production/_ext/1128951024/event_groups.o
LOAD build/default/production/_ext/1856876499/heap_1.o
LOAD build/default/production/_ext/12131622/port.o
LOAD build/default/production/_ext/12131622/port_asm.o
LOAD build/default/production/_ext/1360937237/message_controller_thread.o
LOAD build/default/production/_ext/1407244131/drv_tmr_static.o
LOAD build/default/production/_ext/1407244131/drv_tmr_mapping.o
LOAD build/default/production/_ext/327000265/drv_usart_mapping.o
LOAD build/default/production/_ext/327000265/drv_usart_static.o
LOAD build/default/production/_ext/327000265/drv_usart_static_byte_model.o
LOAD build/default/production/_ext/639803181/sys_clk_static.o
LOAD build/default/production/_ext/822048611/sys_ports_static.o
LOAD build/default/production/_ext/1688732426/system_init.o
LOAD build/default/production/_ext/1688732426/system_interrupt.o
LOAD build/default/production/_ext/1688732426/system_exceptions.o
LOAD build/default/production/_ext/1688732426/system_tasks.o
LOAD build/default/production/_ext/1688732426/system_interrupt_a.o
LOAD build/default/production/_ext/1688732426/rtos_hooks.o
LOAD build/default/production/_ext/1360937237/messages.o
LOAD build/default/production/_ext/1360937237/jsmn.o
LOAD ..\..\..\..\bin\framework\peripheral\PIC32MX795F512L_peripherals.a
                0x00000001                __MPLAB_BUILD = 0x1
                0x00000000                _min_heap_size = 0x0
LOAD c:/program files (x86)/microchip/xc32/v1.42/bin/bin/../../lib/gcc/pic32mx/4.8.3/../../../../pic32mx/lib/./proc/32MX795F512L\default_isr_vectors.o
LOAD c:/program files (x86)/microchip/xc32/v1.42/bin/bin/../../lib/gcc/pic32mx/4.8.3/../../../../pic32mx/lib\pic32_software_reset.o
                0x00000400                PROVIDE (_min_stack_size, 0x400)
LOAD c:/program files (x86)/microchip/xc32/v1.42/bin/bin/../../lib/gcc/pic32mx/4.8.3/../../../../pic32mx/lib/./proc/32MX795F512L\processor.o
START GROUP
LOAD libmchp_peripheral.a
END GROUP
START GROUP
LOAD libmchp_peripheral_32MX795F512L.a
END GROUP
                0x00000001                PROVIDE (_vector_spacing, 0x1)
                0x9fc01000                PROVIDE (_ebase_address, 0x9fc01000)
                0xbfc00000                _RESET_ADDR = 0xbfc00000
                0xbfc00380                _BEV_EXCPT_ADDR = 0xbfc00380
                0xbfc00480                _DBG_EXCPT_ADDR = 0xbfc00480
                0xbfc02000                _DBG_CODE_ADDR = 0xbfc02000
                0x00000ff0                _DBG_CODE_SIZE = 0xff0
                0x9fc01180                _GEN_EXCPT_ADDR = (_ebase_address + 0x180)

.config_BFC02FF0
                0xbfc02ff0        0x4
 *(.config_BFC02FF0)
 .config_BFC02FF0
                0xbfc02ff0        0x4 build/default/production/_ext/1688732426/system_init.o

.config_BFC02FF4
                0xbfc02ff4        0x4
 *(.config_BFC02FF4)
 .config_BFC02FF4
                0xbfc02ff4        0x4 build/default/production/_ext/1688732426/system_init.o

.config_BFC02FF8
                0xbfc02ff8        0x4
 *(.config_BFC02FF8)
 .config_BFC02FF8
                0xbfc02ff8        0x4 build/default/production/_ext/1688732426/system_init.o

.config_BFC02FFC
                0xbfc02ffc        0x4
 *(.config_BFC02FFC)
 .config_BFC02FFC
                0xbfc02ffc        0x4 build/default/production/_ext/1688732426/system_init.o
                0xbfc02000                PROVIDE (_DBG_CODE_ADDR, 0xbfc02000)
                0x00000ff0                PROVIDE (_DBG_CODE_SIZE, 0xff0)

.reset          0xbfc00000      0x208
 *(.reset)
 .reset         0xbfc00000        0x8 c:/program files (x86)/microchip/xc32/v1.42/bin/bin/../../lib/gcc/pic32mx/4.8.3/../../../../pic32mx/lib/./proc/32MX795F512L/crt0_mips32r2.o
                0xbfc00000                _reset
 *(.reset.startup)
 .reset.startup
                0xbfc00008      0x200 c:/program files (x86)/microchip/xc32/v1.42/bin/bin/../../lib/gcc/pic32mx/4.8.3/../../../../pic32mx/lib/./proc/32MX795F512L/crt0_mips32r2.o

.bev_excpt      0xbfc00380       0x10
 *(.bev_handler)
 .bev_handler   0xbfc00380       0x10 c:/program files (x86)/microchip/xc32/v1.42/bin/bin/../../lib/gcc/pic32mx/4.8.3/../../../../pic32mx/lib/./proc/32MX795F512L/crt0_mips32r2.o

.dbg_excpt      0xbfc00480        0x0
                0xbfc00480                . = (. + DEFINED (_DEBUGGER)?0x8:0x0)

.dbg_code       0xbfc02000        0x0
                0xbfc02000                . = (. + DEFINED (_DEBUGGER)?_DBG_CODE_SIZE:0x0)

.app_excpt      0x9fc01180       0x10
 *(.gen_handler)
 .gen_handler   0x9fc01180       0x10 c:/program files (x86)/microchip/xc32/v1.42/bin/bin/../../lib/gcc/pic32mx/4.8.3/../../../../pic32mx/lib/./proc/32MX795F512L/crt0_mips32r2.o

.vector_0       0x9fc01200        0x8
 *(.vector_0)
 .vector_0      0x9fc01200        0x8 c:/program files (x86)/microchip/xc32/v1.42/bin/bin/../../lib/gcc/pic32mx/4.8.3/../../../../pic32mx/lib\libpic32.a(vector0.o)
                0x9fc01200                __vector_dispatch_0
                0x00000001                ASSERT (((_vector_spacing == 0x0) || (SIZEOF (.vector_0) <= (_vector_spacing << 0x5))), function at exception vector 0 too large)

.vector_1       0x9fc01220        0x8
 *(.vector_1)
 .vector_1      0x9fc01220        0x8 build/default/production/_ext/12131622/port.o
                0x9fc01220                __vector_dispatch_1
                0x00000001                ASSERT (((_vector_spacing == 0x0) || (SIZEOF (.vector_1) <= (_vector_spacing << 0x5))), function at exception vector 1 too large)

.vector_2       0x9fc01240        0x8
 *(.vector_2)
 .vector_2      0x9fc01240        0x8 c:/program files (x86)/microchip/xc32/v1.42/bin/bin/../../lib/gcc/pic32mx/4.8.3/../../../../pic32mx/lib\libpic32.a(vector2.o)
                0x9fc01240                __vector_dispatch_2
                0x00000001                ASSERT (((_vector_spacing == 0x0) || (SIZEOF (.vector_2) <= (_vector_spacing << 0x5))), function at exception vector 2 too large)

.vector_3       0x9fc01260        0x8
 *(.vector_3)
 .vector_3      0x9fc01260        0x8 c:/program files (x86)/microchip/xc32/v1.42/bin/bin/../../lib/gcc/pic32mx/4.8.3/../../../../pic32mx/lib\libpic32.a(vector3.o)
                0x9fc01260                __vector_dispatch_3
                0x00000001                ASSERT (((_vector_spacing == 0x0) || (SIZEOF (.vector_3) <= (_vector_spacing << 0x5))), function at exception vector 3 too large)

.vector_4       0x9fc01280        0x8
 *(.vector_4)
 .vector_4      0x9fc01280        0x8 build/default/production/_ext/12131622/port.o
                0x9fc01280                __vector_dispatch_4
                0x00000001                ASSERT (((_vector_spacing == 0x0) || (SIZEOF (.vector_4) <= (_vector_spacing << 0x5))), function at exception vector 4 too large)

.vector_5       0x9fc012a0        0x8
 *(.vector_5)
 .vector_5      0x9fc012a0        0x8 c:/program files (x86)/microchip/xc32/v1.42/bin/bin/../../lib/gcc/pic32mx/4.8.3/../../../../pic32mx/lib\libpic32.a(vector5.o)
                0x9fc012a0                __vector_dispatch_5
                0x00000001                ASSERT (((_vector_spacing == 0x0) || (SIZEOF (.vector_5) <= (_vector_spacing << 0x5))), function at exception vector 5 too large)

.vector_6       0x9fc012c0        0x8
 *(.vector_6)
 .vector_6      0x9fc012c0        0x8 c:/program files (x86)/microchip/xc32/v1.42/bin/bin/../../lib/gcc/pic32mx/4.8.3/../../../../pic32mx/lib\libpic32.a(vector6.o)
                0x9fc012c0                __vector_dispatch_6
                0x00000001                ASSERT (((_vector_spacing == 0x0) || (SIZEOF (.vector_6) <= (_vector_spacing << 0x5))), function at exception vector 6 too large)

.vector_7       0x9fc012e0        0x8
 *(.vector_7)
 .vector_7      0x9fc012e0        0x8 c:/program files (x86)/microchip/xc32/v1.42/bin/bin/../../lib/gcc/pic32mx/4.8.3/../../../../pic32mx/lib\libpic32.a(vector7.o)
                0x9fc012e0                __vector_dispatch_7
                0x00000001                ASSERT (((_vector_spacing == 0x0) || (SIZEOF (.vector_7) <= (_vector_spacing << 0x5))), function at exception vector 7 too large)

.vector_8       0x9fc01300       0x10
 *(.vector_8)
 .vector_8      0x9fc01300       0x10 build/default/production/_ext/1688732426/system_interrupt_a.o
                0x9fc01300                __vector_dispatch_8
                0x00000001                ASSERT (((_vector_spacing == 0x0) || (SIZEOF (.vector_8) <= (_vector_spacing << 0x5))), function at exception vector 8 too large)

.vector_9       0x9fc01320        0x8
 *(.vector_9)
 .vector_9      0x9fc01320        0x8 c:/program files (x86)/microchip/xc32/v1.42/bin/bin/../../lib/gcc/pic32mx/4.8.3/../../../../pic32mx/lib\libpic32.a(vector9.o)
                0x9fc01320                __vector_dispatch_9
                0x00000001                ASSERT (((_vector_spacing == 0x0) || (SIZEOF (.vector_9) <= (_vector_spacing << 0x5))), function at exception vector 9 too large)

.vector_10      0x9fc01340        0x8
 *(.vector_10)
 .vector_10     0x9fc01340        0x8 c:/program files (x86)/microchip/xc32/v1.42/bin/bin/../../lib/gcc/pic32mx/4.8.3/../../../../pic32mx/lib\libpic32.a(vector10.o)
                0x9fc01340                __vector_dispatch_10
                0x00000001                ASSERT (((_vector_spacing == 0x0) || (SIZEOF (.vector_10) <= (_vector_spacing << 0x5))), function at exception vector 10 too large)

.vector_11      0x9fc01360        0x8
 *(.vector_11)
 .vector_11     0x9fc01360        0x8 c:/program files (x86)/microchip/xc32/v1.42/bin/bin/../../lib/gcc/pic32mx/4.8.3/../../../../pic32mx/lib\libpic32.a(vector11.o)
                0x9fc01360                __vector_dispatch_11
                0x00000001                ASSERT (((_vector_spacing == 0x0) || (SIZEOF (.vector_11) <= (_vector_spacing << 0x5))), function at exception vector 11 too large)

.vector_12      0x9fc01380        0x8
 *(.vector_12)
 .vector_12     0x9fc01380        0x8 c:/program files (x86)/microchip/xc32/v1.42/bin/bin/../../lib/gcc/pic32mx/4.8.3/../../../../pic32mx/lib\libpic32.a(vector12.o)
                0x9fc01380                __vector_dispatch_12
                0x00000001                ASSERT (((_vector_spacing == 0x0) || (SIZEOF (.vector_12) <= (_vector_spacing << 0x5))), function at exception vector 12 too large)

.vector_13      0x9fc013a0        0x8
 *(.vector_13)
 .vector_13     0x9fc013a0        0x8 c:/program files (x86)/microchip/xc32/v1.42/bin/bin/../../lib/gcc/pic32mx/4.8.3/../../../../pic32mx/lib\libpic32.a(vector13.o)
                0x9fc013a0                __vector_dispatch_13
                0x00000001                ASSERT (((_vector_spacing == 0x0) || (SIZEOF (.vector_13) <= (_vector_spacing << 0x5))), function at exception vector 13 too large)

.vector_14      0x9fc013c0        0x8
 *(.vector_14)
 .vector_14     0x9fc013c0        0x8 c:/program files (x86)/microchip/xc32/v1.42/bin/bin/../../lib/gcc/pic32mx/4.8.3/../../../../pic32mx/lib\libpic32.a(vector14.o)
                0x9fc013c0                __vector_dispatch_14
                0x00000001                ASSERT (((_vector_spacing == 0x0) || (SIZEOF (.vector_14) <= (_vector_spacing << 0x5))), function at exception vector 14 too large)

.vector_15      0x9fc013e0        0x8
 *(.vector_15)
 .vector_15     0x9fc013e0        0x8 c:/program files (x86)/microchip/xc32/v1.42/bin/bin/../../lib/gcc/pic32mx/4.8.3/../../../../pic32mx/lib\libpic32.a(vector15.o)
                0x9fc013e0                __vector_dispatch_15
                0x00000001                ASSERT (((_vector_spacing == 0x0) || (SIZEOF (.vector_15) <= (_vector_spacing << 0x5))), function at exception vector 15 too large)

.vector_16      0x9fc01400        0x8
 *(.vector_16)
 .vector_16     0x9fc01400        0x8 c:/program files (x86)/microchip/xc32/v1.42/bin/bin/../../lib/gcc/pic32mx/4.8.3/../../../../pic32mx/lib\libpic32.a(vector16.o)
                0x9fc01400                __vector_dispatch_16
                0x00000001                ASSERT (((_vector_spacing == 0x0) || (SIZEOF (.vector_16) <= (_vector_spacing << 0x5))), function at exception vector 16 too large)

.vector_17      0x9fc01420        0x8
 *(.vector_17)
 .vector_17     0x9fc01420        0x8 c:/program files (x86)/microchip/xc32/v1.42/bin/bin/../../lib/gcc/pic32mx/4.8.3/../../../../pic32mx/lib\libpic32.a(vector17.o)
                0x9fc01420                __vector_dispatch_17
                0x00000001                ASSERT (((_vector_spacing == 0x0) || (SIZEOF (.vector_17) <= (_vector_spacing << 0x5))), function at exception vector 17 too large)

.vector_18      0x9fc01440        0x8
 *(.vector_18)
 .vector_18     0x9fc01440        0x8 c:/program files (x86)/microchip/xc32/v1.42/bin/bin/../../lib/gcc/pic32mx/4.8.3/../../../../pic32mx/lib\libpic32.a(vector18.o)
                0x9fc01440                __vector_dispatch_18
                0x00000001                ASSERT (((_vector_spacing == 0x0) || (SIZEOF (.vector_18) <= (_vector_spacing << 0x5))), function at exception vector 18 too large)

.vector_19      0x9fc01460        0x8
 *(.vector_19)
 .vector_19     0x9fc01460        0x8 c:/program files (x86)/microchip/xc32/v1.42/bin/bin/../../lib/gcc/pic32mx/4.8.3/../../../../pic32mx/lib\libpic32.a(vector19.o)
                0x9fc01460                __vector_dispatch_19
                0x00000001                ASSERT (((_vector_spacing == 0x0) || (SIZEOF (.vector_19) <= (_vector_spacing << 0x5))), function at exception vector 19 too large)

.vector_20      0x9fc01480        0x8
 *(.vector_20)
 .vector_20     0x9fc01480        0x8 c:/program files (x86)/microchip/xc32/v1.42/bin/bin/../../lib/gcc/pic32mx/4.8.3/../../../../pic32mx/lib\libpic32.a(vector20.o)
                0x9fc01480                __vector_dispatch_20
                0x00000001                ASSERT (((_vector_spacing == 0x0) || (SIZEOF (.vector_20) <= (_vector_spacing << 0x5))), function at exception vector 20 too large)

.vector_21      0x9fc014a0        0x8
 *(.vector_21)
 .vector_21     0x9fc014a0        0x8 c:/program files (x86)/microchip/xc32/v1.42/bin/bin/../../lib/gcc/pic32mx/4.8.3/../../../../pic32mx/lib\libpic32.a(vector21.o)
                0x9fc014a0                __vector_dispatch_21
                0x00000001                ASSERT (((_vector_spacing == 0x0) || (SIZEOF (.vector_21) <= (_vector_spacing << 0x5))), function at exception vector 21 too large)

.vector_22      0x9fc014c0        0x8
 *(.vector_22)
 .vector_22     0x9fc014c0        0x8 c:/program files (x86)/microchip/xc32/v1.42/bin/bin/../../lib/gcc/pic32mx/4.8.3/../../../../pic32mx/lib\libpic32.a(vector22.o)
                0x9fc014c0                __vector_dispatch_22
                0x00000001                ASSERT (((_vector_spacing == 0x0) || (SIZEOF (.vector_22) <= (_vector_spacing << 0x5))), function at exception vector 22 too large)

.vector_23      0x9fc014e0        0x8
 *(.vector_23)
 .vector_23     0x9fc014e0        0x8 c:/program files (x86)/microchip/xc32/v1.42/bin/bin/../../lib/gcc/pic32mx/4.8.3/../../../../pic32mx/lib\libpic32.a(vector23.o)
                0x9fc014e0                __vector_dispatch_23
                0x00000001                ASSERT (((_vector_spacing == 0x0) || (SIZEOF (.vector_23) <= (_vector_spacing << 0x5))), function at exception vector 23 too large)

.vector_24      0x9fc01500       0x10
 *(.vector_24)
 .vector_24     0x9fc01500       0x10 build/default/production/_ext/1688732426/system_interrupt_a.o
                0x9fc01500                __vector_dispatch_24
                0x00000001                ASSERT (((_vector_spacing == 0x0) || (SIZEOF (.vector_24) <= (_vector_spacing << 0x5))), function at exception vector 24 too large)

.vector_25      0x9fc01520        0x8
 *(.vector_25)
 .vector_25     0x9fc01520        0x8 c:/program files (x86)/microchip/xc32/v1.42/bin/bin/../../lib/gcc/pic32mx/4.8.3/../../../../pic32mx/lib\libpic32.a(vector25.o)
                0x9fc01520                __vector_dispatch_25
                0x00000001                ASSERT (((_vector_spacing == 0x0) || (SIZEOF (.vector_25) <= (_vector_spacing << 0x5))), function at exception vector 25 too large)

.vector_26      0x9fc01540        0x8
 *(.vector_26)
 .vector_26     0x9fc01540        0x8 c:/program files (x86)/microchip/xc32/v1.42/bin/bin/../../lib/gcc/pic32mx/4.8.3/../../../../pic32mx/lib\libpic32.a(vector26.o)
                0x9fc01540                __vector_dispatch_26
                0x00000001                ASSERT (((_vector_spacing == 0x0) || (SIZEOF (.vector_26) <= (_vector_spacing << 0x5))), function at exception vector 26 too large)

.vector_27      0x9fc01560        0x8
 *(.vector_27)
 .vector_27     0x9fc01560        0x8 c:/program files (x86)/microchip/xc32/v1.42/bin/bin/../../lib/gcc/pic32mx/4.8.3/../../../../pic32mx/lib\libpic32.a(vector27.o)
                0x9fc01560                __vector_dispatch_27
                0x00000001                ASSERT (((_vector_spacing == 0x0) || (SIZEOF (.vector_27) <= (_vector_spacing << 0x5))), function at exception vector 27 too large)

.vector_28      0x9fc01580        0x8
 *(.vector_28)
 .vector_28     0x9fc01580        0x8 c:/program files (x86)/microchip/xc32/v1.42/bin/bin/../../lib/gcc/pic32mx/4.8.3/../../../../pic32mx/lib\libpic32.a(vector28.o)
                0x9fc01580                __vector_dispatch_28
                0x00000001                ASSERT (((_vector_spacing == 0x0) || (SIZEOF (.vector_28) <= (_vector_spacing << 0x5))), function at exception vector 28 too large)

.vector_29      0x9fc015a0        0x8
 *(.vector_29)
 .vector_29     0x9fc015a0        0x8 c:/program files (x86)/microchip/xc32/v1.42/bin/bin/../../lib/gcc/pic32mx/4.8.3/../../../../pic32mx/lib\libpic32.a(vector29.o)
                0x9fc015a0                __vector_dispatch_29
                0x00000001                ASSERT (((_vector_spacing == 0x0) || (SIZEOF (.vector_29) <= (_vector_spacing << 0x5))), function at exception vector 29 too large)

.vector_30      0x9fc015c0        0x8
 *(.vector_30)
 .vector_30     0x9fc015c0        0x8 c:/program files (x86)/microchip/xc32/v1.42/bin/bin/../../lib/gcc/pic32mx/4.8.3/../../../../pic32mx/lib\libpic32.a(vector30.o)
                0x9fc015c0                __vector_dispatch_30
                0x00000001                ASSERT (((_vector_spacing == 0x0) || (SIZEOF (.vector_30) <= (_vector_spacing << 0x5))), function at exception vector 30 too large)

.vector_31      0x9fc015e0        0x8
 *(.vector_31)
 .vector_31     0x9fc015e0        0x8 c:/program files (x86)/microchip/xc32/v1.42/bin/bin/../../lib/gcc/pic32mx/4.8.3/../../../../pic32mx/lib\libpic32.a(vector31.o)
                0x9fc015e0                __vector_dispatch_31
                0x00000001                ASSERT (((_vector_spacing == 0x0) || (SIZEOF (.vector_31) <= (_vector_spacing << 0x5))), function at exception vector 31 too large)

.vector_32      0x9fc01600        0x8
 *(.vector_32)
 .vector_32     0x9fc01600        0x8 c:/program files (x86)/microchip/xc32/v1.42/bin/bin/../../lib/gcc/pic32mx/4.8.3/../../../../pic32mx/lib\libpic32.a(vector32.o)
                0x9fc01600                __vector_dispatch_32
                0x00000001                ASSERT (((_vector_spacing == 0x0) || (SIZEOF (.vector_32) <= (_vector_spacing << 0x5))), function at exception vector 32 too large)

.vector_33      0x9fc01620        0x8
 *(.vector_33)
 .vector_33     0x9fc01620        0x8 c:/program files (x86)/microchip/xc32/v1.42/bin/bin/../../lib/gcc/pic32mx/4.8.3/../../../../pic32mx/lib\libpic32.a(vector33.o)
                0x9fc01620                __vector_dispatch_33
                0x00000001                ASSERT (((_vector_spacing == 0x0) || (SIZEOF (.vector_33) <= (_vector_spacing << 0x5))), function at exception vector 33 too large)

.vector_34      0x9fc01640        0x8
 *(.vector_34)
 .vector_34     0x9fc01640        0x8 c:/program files (x86)/microchip/xc32/v1.42/bin/bin/../../lib/gcc/pic32mx/4.8.3/../../../../pic32mx/lib\libpic32.a(vector34.o)
                0x9fc01640                __vector_dispatch_34
                0x00000001                ASSERT (((_vector_spacing == 0x0) || (SIZEOF (.vector_34) <= (_vector_spacing << 0x5))), function at exception vector 34 too large)

.vector_35      0x9fc01660        0x8
 *(.vector_35)
 .vector_35     0x9fc01660        0x8 c:/program files (x86)/microchip/xc32/v1.42/bin/bin/../../lib/gcc/pic32mx/4.8.3/../../../../pic32mx/lib\libpic32.a(vector35.o)
                0x9fc01660                __vector_dispatch_35
                0x00000001                ASSERT (((_vector_spacing == 0x0) || (SIZEOF (.vector_35) <= (_vector_spacing << 0x5))), function at exception vector 35 too large)

.vector_36      0x9fc01680        0x8
 *(.vector_36)
 .vector_36     0x9fc01680        0x8 c:/program files (x86)/microchip/xc32/v1.42/bin/bin/../../lib/gcc/pic32mx/4.8.3/../../../../pic32mx/lib\libpic32.a(vector36.o)
                0x9fc01680                __vector_dispatch_36
                0x00000001                ASSERT (((_vector_spacing == 0x0) || (SIZEOF (.vector_36) <= (_vector_spacing << 0x5))), function at exception vector 36 too large)

.vector_37      0x9fc016a0        0x8
 *(.vector_37)
 .vector_37     0x9fc016a0        0x8 c:/program files (x86)/microchip/xc32/v1.42/bin/bin/../../lib/gcc/pic32mx/4.8.3/../../../../pic32mx/lib\libpic32.a(vector37.o)
                0x9fc016a0                __vector_dispatch_37
                0x00000001                ASSERT (((_vector_spacing == 0x0) || (SIZEOF (.vector_37) <= (_vector_spacing << 0x5))), function at exception vector 37 too large)

.vector_38      0x9fc016c0        0x8
 *(.vector_38)
 .vector_38     0x9fc016c0        0x8 c:/program files (x86)/microchip/xc32/v1.42/bin/bin/../../lib/gcc/pic32mx/4.8.3/../../../../pic32mx/lib\libpic32.a(vector38.o)
                0x9fc016c0                __vector_dispatch_38
                0x00000001                ASSERT (((_vector_spacing == 0x0) || (SIZEOF (.vector_38) <= (_vector_spacing << 0x5))), function at exception vector 38 too large)

.vector_39      0x9fc016e0        0x8
 *(.vector_39)
 .vector_39     0x9fc016e0        0x8 c:/program files (x86)/microchip/xc32/v1.42/bin/bin/../../lib/gcc/pic32mx/4.8.3/../../../../pic32mx/lib\libpic32.a(vector39.o)
                0x9fc016e0                __vector_dispatch_39
                0x00000001                ASSERT (((_vector_spacing == 0x0) || (SIZEOF (.vector_39) <= (_vector_spacing << 0x5))), function at exception vector 39 too large)

.vector_40      0x9fc01700        0x8
 *(.vector_40)
 .vector_40     0x9fc01700        0x8 c:/program files (x86)/microchip/xc32/v1.42/bin/bin/../../lib/gcc/pic32mx/4.8.3/../../../../pic32mx/lib\libpic32.a(vector40.o)
                0x9fc01700                __vector_dispatch_40
                0x00000001                ASSERT (((_vector_spacing == 0x0) || (SIZEOF (.vector_40) <= (_vector_spacing << 0x5))), function at exception vector 40 too large)

.vector_41      0x9fc01720        0x8
 *(.vector_41)
 .vector_41     0x9fc01720        0x8 c:/program files (x86)/microchip/xc32/v1.42/bin/bin/../../lib/gcc/pic32mx/4.8.3/../../../../pic32mx/lib\libpic32.a(vector41.o)
                0x9fc01720                __vector_dispatch_41
                0x00000001                ASSERT (((_vector_spacing == 0x0) || (SIZEOF (.vector_41) <= (_vector_spacing << 0x5))), function at exception vector 41 too large)

.vector_42      0x9fc01740        0x8
 *(.vector_42)
 .vector_42     0x9fc01740        0x8 c:/program files (x86)/microchip/xc32/v1.42/bin/bin/../../lib/gcc/pic32mx/4.8.3/../../../../pic32mx/lib\libpic32.a(vector42.o)
                0x9fc01740                __vector_dispatch_42
                0x00000001                ASSERT (((_vector_spacing == 0x0) || (SIZEOF (.vector_42) <= (_vector_spacing << 0x5))), function at exception vector 42 too large)

.vector_43      0x9fc01760        0x8
 *(.vector_43)
 .vector_43     0x9fc01760        0x8 c:/program files (x86)/microchip/xc32/v1.42/bin/bin/../../lib/gcc/pic32mx/4.8.3/../../../../pic32mx/lib\libpic32.a(vector43.o)
                0x9fc01760                __vector_dispatch_43
                0x00000001                ASSERT (((_vector_spacing == 0x0) || (SIZEOF (.vector_43) <= (_vector_spacing << 0x5))), function at exception vector 43 too large)

.vector_44      0x9fc01780        0x8
 *(.vector_44)
 .vector_44     0x9fc01780        0x8 c:/program files (x86)/microchip/xc32/v1.42/bin/bin/../../lib/gcc/pic32mx/4.8.3/../../../../pic32mx/lib\libpic32.a(vector44.o)
                0x9fc01780                __vector_dispatch_44
                0x00000001                ASSERT (((_vector_spacing == 0x0) || (SIZEOF (.vector_44) <= (_vector_spacing << 0x5))), function at exception vector 44 too large)

.vector_45      0x9fc017a0        0x8
 *(.vector_45)
 .vector_45     0x9fc017a0        0x8 c:/program files (x86)/microchip/xc32/v1.42/bin/bin/../../lib/gcc/pic32mx/4.8.3/../../../../pic32mx/lib\libpic32.a(vector45.o)
                0x9fc017a0                __vector_dispatch_45
                0x00000001                ASSERT (((_vector_spacing == 0x0) || (SIZEOF (.vector_45) <= (_vector_spacing << 0x5))), function at exception vector 45 too large)

.vector_46      0x9fc017c0        0x8
 *(.vector_46)
 .vector_46     0x9fc017c0        0x8 c:/program files (x86)/microchip/xc32/v1.42/bin/bin/../../lib/gcc/pic32mx/4.8.3/../../../../pic32mx/lib\libpic32.a(vector46.o)
                0x9fc017c0                __vector_dispatch_46
                0x00000001                ASSERT (((_vector_spacing == 0x0) || (SIZEOF (.vector_46) <= (_vector_spacing << 0x5))), function at exception vector 46 too large)

.vector_47      0x9fc017e0        0x8
 *(.vector_47)
 .vector_47     0x9fc017e0        0x8 c:/program files (x86)/microchip/xc32/v1.42/bin/bin/../../lib/gcc/pic32mx/4.8.3/../../../../pic32mx/lib\libpic32.a(vector47.o)
                0x9fc017e0                __vector_dispatch_47
                0x00000001                ASSERT (((_vector_spacing == 0x0) || (SIZEOF (.vector_47) <= (_vector_spacing << 0x5))), function at exception vector 47 too large)

.vector_48      0x9fc01800        0x8
 *(.vector_48)
 .vector_48     0x9fc01800        0x8 c:/program files (x86)/microchip/xc32/v1.42/bin/bin/../../lib/gcc/pic32mx/4.8.3/../../../../pic32mx/lib\libpic32.a(vector48.o)
                0x9fc01800                __vector_dispatch_48
                0x00000001                ASSERT (((_vector_spacing == 0x0) || (SIZEOF (.vector_48) <= (_vector_spacing << 0x5))), function at exception vector 48 too large)

.vector_49      0x9fc01820        0x8
 *(.vector_49)
 .vector_49     0x9fc01820        0x8 c:/program files (x86)/microchip/xc32/v1.42/bin/bin/../../lib/gcc/pic32mx/4.8.3/../../../../pic32mx/lib\libpic32.a(vector49.o)
                0x9fc01820                __vector_dispatch_49
                0x00000001                ASSERT (((_vector_spacing == 0x0) || (SIZEOF (.vector_49) <= (_vector_spacing << 0x5))), function at exception vector 49 too large)

.vector_50      0x9fc01840        0x8
 *(.vector_50)
 .vector_50     0x9fc01840        0x8 c:/program files (x86)/microchip/xc32/v1.42/bin/bin/../../lib/gcc/pic32mx/4.8.3/../../../../pic32mx/lib\libpic32.a(vector50.o)
                0x9fc01840                __vector_dispatch_50
                0x00000001                ASSERT (((_vector_spacing == 0x0) || (SIZEOF (.vector_50) <= (_vector_spacing << 0x5))), function at exception vector 50 too large)

.vector_51      0x9fc01860        0x8
 *(.vector_51)
 .vector_51     0x9fc01860        0x8 c:/program files (x86)/microchip/xc32/v1.42/bin/bin/../../lib/gcc/pic32mx/4.8.3/../../../../pic32mx/lib\libpic32.a(vector51.o)
                0x9fc01860                __vector_dispatch_51
                0x00000001                ASSERT (((_vector_spacing == 0x0) || (SIZEOF (.vector_51) <= (_vector_spacing << 0x5))), function at exception vector 51 too large)

.vector_52      0x9fc01880        0x0
 *(.vector_52)
                0x00000001                ASSERT (((_vector_spacing == 0x0) || (SIZEOF (.vector_52) <= (_vector_spacing << 0x5))), function at exception vector 52 too large)

.vector_53      0x9fc018a0        0x0
 *(.vector_53)
                0x00000001                ASSERT (((_vector_spacing == 0x0) || (SIZEOF (.vector_53) <= (_vector_spacing << 0x5))), function at exception vector 53 too large)

.vector_54      0x9fc018c0        0x0
 *(.vector_54)
                0x00000001                ASSERT (((_vector_spacing == 0x0) || (SIZEOF (.vector_54) <= (_vector_spacing << 0x5))), function at exception vector 54 too large)

.vector_55      0x9fc018e0        0x0
 *(.vector_55)
                0x00000001                ASSERT (((_vector_spacing == 0x0) || (SIZEOF (.vector_55) <= (_vector_spacing << 0x5))), function at exception vector 55 too large)

.vector_56      0x9fc01900        0x0
 *(.vector_56)
                0x00000001                ASSERT (((_vector_spacing == 0x0) || (SIZEOF (.vector_56) <= (_vector_spacing << 0x5))), function at exception vector 56 too large)

.vector_57      0x9fc01920        0x0
 *(.vector_57)
                0x00000001                ASSERT (((_vector_spacing == 0x0) || (SIZEOF (.vector_57) <= (_vector_spacing << 0x5))), function at exception vector 57 too large)

.vector_58      0x9fc01940        0x0
 *(.vector_58)
                0x00000001                ASSERT (((_vector_spacing == 0x0) || (SIZEOF (.vector_58) <= (_vector_spacing << 0x5))), function at exception vector 58 too large)

.vector_59      0x9fc01960        0x0
 *(.vector_59)
                0x00000001                ASSERT (((_vector_spacing == 0x0) || (SIZEOF (.vector_59) <= (_vector_spacing << 0x5))), function at exception vector 59 too large)

.vector_60      0x9fc01980        0x0
 *(.vector_60)
                0x00000001                ASSERT (((_vector_spacing == 0x0) || (SIZEOF (.vector_60) <= (_vector_spacing << 0x5))), function at exception vector 60 too large)

.vector_61      0x9fc019a0        0x0
 *(.vector_61)
                0x00000001                ASSERT (((_vector_spacing == 0x0) || (SIZEOF (.vector_61) <= (_vector_spacing << 0x5))), function at exception vector 61 too large)

.vector_62      0x9fc019c0        0x0
 *(.vector_62)
                0x00000001                ASSERT (((_vector_spacing == 0x0) || (SIZEOF (.vector_62) <= (_vector_spacing << 0x5))), function at exception vector 62 too large)

.vector_63      0x9fc019e0        0x0
 *(.vector_63)
                0x00000001                ASSERT (((_vector_spacing == 0x0) || (SIZEOF (.vector_63) <= (_vector_spacing << 0x5))), function at exception vector 63 too large)

.startup
 *(.startup)

.text           0x9d000000        0x0
 *(.stub .gnu.linkonce.t.*)
 *(.text.*personality*)
 *(.mips16.fn.*)
 *(.mips16.call.*)
 *(.gnu.warning)
                0x9d000000                . = ALIGN (0x4)

.init           0x9d000000        0x0
 *crti.o(.init)
 *crtbegin.o(.init)
 *(EXCLUDE_FILE(*crtn.o *crtend?.o *crtend.o) .init)
 *crtend.o(.init)
 *crtn.o(.init)
                0x9d000000                . = ALIGN (0x4)

.fini           0x9d000000        0x0
 *(.fini)
                0x9d000000                . = ALIGN (0x4)

.preinit_array  0x9d000000        0x0
                0x9d000000                PROVIDE (__preinit_array_start, .)
 *(.preinit_array)
                0x9d000000                PROVIDE (__preinit_array_end, .)
                0x9d000000                . = ALIGN (0x4)

.init_array     0x9d000000        0x0
                0x9d000000                PROVIDE (__init_array_start, .)
 *(SORT(.init_array.*))
 *(.init_array)
                0x9d000000                PROVIDE (__init_array_end, .)
                0x9d000000                . = ALIGN (0x4)

.fini_array     0x9d000000        0x0
                0x9d000000                PROVIDE (__fini_array_start, .)
 *(SORT(.fini_array.*))
 *(.fini_array)
                0x9d000000                PROVIDE (__fini_array_end, .)
                0x9d000000                . = ALIGN (0x4)

.ctors          0x9d000000        0x0
 *crtbegin.o(.ctors)
 *crtbegin?.o(.ctors)
 *(EXCLUDE_FILE(*crtend?.o *crtend.o) .ctors)
 *(SORT(.ctors.*))
 *(.ctors)
                0x9d000000                . = ALIGN (0x4)

.dtors          0x9d000000        0x0
 *crtbegin.o(.dtors)
 *crtbegin?.o(.dtors)
 *(EXCLUDE_FILE(*crtend?.o *crtend.o) .dtors)
 *(SORT(.dtors.*))
 *(.dtors)
                0x9d000000                . = ALIGN (0x4)

.rodata         0x9d000000        0x0
 *(.gnu.linkonce.r.*)
 *(.rodata1)
                0x9d000000                . = ALIGN (0x4)

.sdata2         0x9fc00490        0x0
 *(.sdata2 .sdata2.* .gnu.linkonce.s2.*)
                0x9fc00490                . = ALIGN (0x4)

.sbss2          0x9fc00490        0x0
 *(.sbss2 .sbss2.* .gnu.linkonce.sb2.*)
                0x9fc00490                . = ALIGN (0x4)

.eh_frame_hdr
 *(.eh_frame_hdr)
                0x9fc00490                . = ALIGN (0x4)

.eh_frame
 *(.eh_frame)
                0x9fc00490                . = ALIGN (0x4)

.gcc_except_table
 *(.gcc_except_table .gcc_except_table.*)
                0x9fc00490                . = ALIGN (0x4)

.dbg_data       0xa0000000        0x0
                0xa0000000                . = (. + DEFINED (_DEBUGGER)?0x200:0x0)

.jcr            0xa0000000        0x0
 *(.jcr)
                0xa0000000                . = ALIGN (0x4)

.eh_frame
 *(.eh_frame)
                0xa0000000                . = ALIGN (0x4)

.gcc_except_table
 *(.gcc_except_table .gcc_except_table.*)
                0xa0000000                . = ALIGN (0x4)

.persist        0xa0000000        0x0
                0xa0000000                _persist_begin = .
 *(.persist .persist.*)
 *(.pbss .pbss.*)
                0xa0000000                . = ALIGN (0x4)
                0xa0000000                _persist_end = .

.data           0xa0000000        0x0
 *(.gnu.linkonce.d.*)
 *(.data1)
                0xa0000000                . = ALIGN (0x4)
                0xa0000000                . = .
                0xa0007ff0                _gp = (ALIGN (0x10) + 0x7ff0)

.got            0xa0000000        0x0
 *(.got.plt)
 *(.got)
                0xa0000000                . = ALIGN (0x4)

.sdata          0xa0000000        0x8
                0xa0000000                _sdata_begin = .
 *(.sdata .sdata.* .gnu.linkonce.s.*)
 .sdata         0xa0000000        0x4 build/default/production/_ext/12131622/port.o
                0xa0000000                uxInterruptNesting
 .sdata         0xa0000004        0x4 c:/program files (x86)/microchip/xc32/v1.42/bin/bin/../../lib/gcc/pic32mx/4.8.3/../../../../pic32mx/lib\libpic32.a(xc32_uart.o)
                0xa0000004                __XC_UART
                0xa0000008                . = ALIGN (0x4)
                0xa0000008                _sdata_end = .

.lit8
 *(.lit8)

.lit4
 *(.lit4)
                0xa0000008                . = ALIGN (0x4)
                0xa0000008                _data_end = .
                0xa0000008                _bss_begin = .

.sbss           0xa0000008       0x8c
                0xa0000008                _sbss_begin = .
 *(.dynsbss)
 *(.sbss .sbss.* .gnu.linkonce.sb.*)
 .sbss          0xa0000008        0x4 build/default/production/_ext/1360937237/tx_thread.o
 .sbss          0xa000000c        0x4 build/default/production/_ext/1360937237/rx_thread.o
 .sbss          0xa0000010       0x3c build/default/production/_ext/1128951024/tasks.o
                0xa0000048                pxCurrentTCB
 .sbss          0xa000004c        0x8 build/default/production/_ext/1856876499/heap_1.o
 .sbss          0xa0000054        0x4 build/default/production/_ext/12131622/port.o
                0xa0000054                uxSavedTaskStackPointer
 .sbss          0xa0000058        0x1 build/default/production/_ext/1407244131/drv_tmr_static.o
 *fill*         0xa0000059        0x3 
 .sbss          0xa000005c        0x4 build/default/production/_ext/1688732426/system_interrupt.o
 .sbss          0xa0000060        0xc build/default/production/_ext/1688732426/system_exceptions.o
 .sbss          0xa000006c       0x10 build/default/production/_ext/1360937237/messages.o
 *(.scommon)
 .scommon       0xa000007c        0x4 build/default/production/_ext/1360937237/control.o
                0xa000007c                controlData
 .scommon       0xa0000080        0x4 build/default/production/_ext/1360937237/motor.o
                0xa0000080                motorData
 .scommon       0xa0000084        0x8 build/default/production/_ext/1271179505/sys_devcon.o
                0xa0000084                sysDevconObj
 .scommon       0xa000008c        0x4 build/default/production/_ext/1360937237/message_controller_thread.o
                0xa000008c                message_controller_threadData
 .scommon       0xa0000090        0x4 build/default/production/_ext/327000265/drv_usart_static.o
                0xa0000090                gDrvUSART0Obj
                0xa0000094                _sbss_end = .
                0xa0000094                . = ALIGN (0x4)

.bss            0xa0000094        0xc
 *(.dynbss)
 *(COMMON)
 COMMON         0xa0000094        0xc build/default/production/_ext/1688732426/system_init.o
                0xa0000094                sysObj
                0xa00000a0                . = ALIGN ((. != 0x0)?0x4:0x1)
                0xa00000a0                . = ALIGN (0x4)
                0xa00000a0                _end = .
                0xa00000a0                _bss_end = .
                0x00020000                _bmxdudba_address = 0x20000
                0x00020000                _bmxdupba_address = 0x20000

/DISCARD/
 *(.pdr)
 *(.rel.dyn)
 *(.note.GNU-stack)
 *(.note.GNU-stack)
 *(.gnu_debuglink)
 *(.gnu.lto_*)
 *(.discard)

.gptab.sdata
 *(.gptab.data)
 *(.gptab.sdata)

.gptab.sbss
 *(.gptab.bss)
 *(.gptab.sbss)

.mdebug.abi32   0xa00000a0        0x0
 *(.mdebug.abi32)
 .mdebug.abi32  0xa00000a0        0x0 build/default/production/_ext/1360937237/control.o
 .mdebug.abi32  0xa00000a0        0x0 build/default/production/_ext/1360937237/motor.o
 .mdebug.abi32  0xa00000a0        0x0 build/default/production/_ext/1360937237/main.o
 .mdebug.abi32  0xa00000a0        0x0 build/default/production/_ext/1360937237/debug.o
 .mdebug.abi32  0xa00000a0        0x0 build/default/production/_ext/1360937237/tx_thread.o
 .mdebug.abi32  0xa00000a0        0x0 build/default/production/_ext/1360937237/rx_thread.o
 .mdebug.abi32  0xa00000a0        0x0 build/default/production/_ext/24337685/osal_freertos.o
 .mdebug.abi32  0xa00000a0        0x0 build/default/production/_ext/1271179505/sys_devcon.o
 .mdebug.abi32  0xa00000a0        0x0 build/default/production/_ext/1271179505/sys_devcon_pic32mx.o
 .mdebug.abi32  0xa00000a0        0x0 build/default/production/_ext/122796885/sys_int_pic32.o
 .mdebug.abi32  0xa00000a0        0x0 build/default/production/_ext/1128951024/croutine.o
 .mdebug.abi32  0xa00000a0        0x0 build/default/production/_ext/1128951024/list.o
 .mdebug.abi32  0xa00000a0        0x0 build/default/production/_ext/1128951024/queue.o
 .mdebug.abi32  0xa00000a0        0x0 build/default/production/_ext/1128951024/tasks.o
 .mdebug.abi32  0xa00000a0        0x0 build/default/production/_ext/1128951024/timers.o
 .mdebug.abi32  0xa00000a0        0x0 build/default/production/_ext/1128951024/event_groups.o
 .mdebug.abi32  0xa00000a0        0x0 build/default/production/_ext/1856876499/heap_1.o
 .mdebug.abi32  0xa00000a0        0x0 build/default/production/_ext/12131622/port.o
 .mdebug.abi32  0xa00000a0        0x0 build/default/production/_ext/1360937237/message_controller_thread.o
 .mdebug.abi32  0xa00000a0        0x0 build/default/production/_ext/1407244131/drv_tmr_static.o
 .mdebug.abi32  0xa00000a0        0x0 build/default/production/_ext/1407244131/drv_tmr_mapping.o
 .mdebug.abi32  0xa00000a0        0x0 build/default/production/_ext/327000265/drv_usart_mapping.o
 .mdebug.abi32  0xa00000a0        0x0 build/default/production/_ext/327000265/drv_usart_static.o
 .mdebug.abi32  0xa00000a0        0x0 build/default/production/_ext/327000265/drv_usart_static_byte_model.o
 .mdebug.abi32  0xa00000a0        0x0 build/default/production/_ext/639803181/sys_clk_static.o
 .mdebug.abi32  0xa00000a0        0x0 build/default/production/_ext/822048611/sys_ports_static.o
 .mdebug.abi32  0xa00000a0        0x0 build/default/production/_ext/1688732426/system_init.o
 .mdebug.abi32  0xa00000a0        0x0 build/default/production/_ext/1688732426/system_interrupt.o
 .mdebug.abi32  0xa00000a0        0x0 build/default/production/_ext/1688732426/system_exceptions.o
 .mdebug.abi32  0xa00000a0        0x0 build/default/production/_ext/1688732426/system_tasks.o
 .mdebug.abi32  0xa00000a0        0x0 build/default/production/_ext/1688732426/rtos_hooks.o
 .mdebug.abi32  0xa00000a0        0x0 build/default/production/_ext/1360937237/messages.o
 .mdebug.abi32  0xa00000a0        0x0 build/default/production/_ext/1360937237/jsmn.o
 .mdebug.abi32  0xa00000a0        0x0 c:/program files (x86)/microchip/xc32/v1.42/bin/bin/../../lib/gcc/pic32mx/4.8.3/../../../../pic32mx/lib\libpic32.a(default-bootstrap-exception-handler.o)
 .mdebug.abi32  0xa00000a0        0x0 c:/program files (x86)/microchip/xc32/v1.42/bin/bin/../../lib/gcc/pic32mx/4.8.3/../../../../pic32mx/lib\libpic32.a(default-on-reset.o)
 .mdebug.abi32  0xa00000a0        0x0 c:/program files (x86)/microchip/xc32/v1.42/bin/bin/../../lib/gcc/pic32mx/4.8.3/../../../../pic32mx/lib\libpic32.a(default-on-bootstrap.o)
 .mdebug.abi32  0xa00000a0        0x0 c:/program files (x86)/microchip/xc32/v1.42/bin/bin/../../lib/gcc/pic32mx/4.8.3/../../../../pic32mx/lib\libpic32.a(defaultinterrupt.o)
 .mdebug.abi32  0xa00000a0        0x0 c:/program files (x86)/microchip/xc32/v1.42/bin/bin/../../lib/gcc/pic32mx/4.8.3/../../../../pic32mx/lib\libc.a(sprintf_cdnopsuxX.eo)
 .mdebug.abi32  0xa00000a0        0x0 c:/program files (x86)/microchip/xc32/v1.42/bin/bin/../../lib/gcc/pic32mx/4.8.3/../../../../pic32mx/lib\libc.a(doprnt_cdnopsuxX.eo)
 .mdebug.abi32  0xa00000a0        0x0 c:/program files (x86)/microchip/xc32/v1.42/bin/bin/../../lib/gcc/pic32mx/4.8.3/../../../../pic32mx/lib\libc.a(_fputc_simple.o)
 .mdebug.abi32  0xa00000a0        0x0 c:/program files (x86)/microchip/xc32/v1.42/bin/bin/../../lib/gcc/pic32mx/4.8.3/../../../../pic32mx/lib\libc.a(ctype.o)
 .mdebug.abi32  0xa00000a0        0x0 c:/program files (x86)/microchip/xc32/v1.42/bin/bin/../../lib/gcc/pic32mx/4.8.3/../../../../pic32mx/lib\libc.a(_iob.o)
 .mdebug.abi32  0xa00000a0        0x0 c:/program files (x86)/microchip/xc32/v1.42/bin/bin/../../lib/gcc/pic32mx/4.8.3/../../../../pic32mx/lib\libc.a(_flsbuf_simple.o)
 .mdebug.abi32  0xa00000a0        0x0 c:/program files (x86)/microchip/xc32/v1.42/bin/bin/../../lib/gcc/pic32mx/4.8.3/../../../../pic32mx/lib\libpic32.a(write.o)
 .mdebug.abi32  0xa00000a0        0x0 c:/program files (x86)/microchip/xc32/v1.42/bin/bin/../../lib/gcc/pic32mx/4.8.3/../../../../pic32mx/lib\libpic32.a(_mon_putc.o)
 .mdebug.abi32  0xa00000a0        0x0 c:/program files (x86)/microchip/xc32/v1.42/bin/bin/../../lib/gcc/pic32mx/4.8.3/../../../../pic32mx/lib\libpic32.a(xc32_uart.o)
 .mdebug.abi32  0xa00000a0        0x0 c:/program files (x86)/microchip/xc32/v1.42/bin/bin/../../lib/gcc/pic32mx/4.8.3\libgcc.a(_udivdi3.o)
 .mdebug.abi32  0xa00000a0        0x0 c:/program files (x86)/microchip/xc32/v1.42/bin/bin/../../lib/gcc/pic32mx/4.8.3\libgcc.a(_umoddi3.o)

.mdebug.abiN32
 *(.mdebug.abiN32)

.mdebug.abi64
 *(.mdebug.abi64)

.mdebug.abiO64
 *(.mdebug.abiO64)

.mdebug.eabi32
 *(.mdebug.eabi32)

.mdebug.eabi64
 *(.mdebug.eabi64)

.gcc_compiled_long32
 *(.gcc_compiled_long32)

.gcc_compiled_long64
 *(.gcc_compiled_long64)

.stab
 *(.stab)

.stabstr
 *(.stabstr)

.stab.excl
 *(.stab.excl)

.stab.exclstr
 *(.stab.exclstr)

.stab.index
 *(.stab.index)

.stab.indexstr
 *(.stab.indexstr)

.comment        0x00000000       0xbb
 *(.comment)
 .comment       0x00000000       0x3c build/default/production/_ext/1360937237/control.o
                                 0x3d (size before relaxing)
 .comment       0x00000000       0x3d build/default/production/_ext/1360937237/motor.o
 .comment       0x00000000       0x3d build/default/production/_ext/1360937237/main.o
 .comment       0x00000000       0x3d build/default/production/_ext/1360937237/debug.o
 .comment       0x00000000       0x3d build/default/production/_ext/1360937237/tx_thread.o
 .comment       0x00000000       0x3d build/default/production/_ext/1360937237/rx_thread.o
 .comment       0x00000000       0x3d build/default/production/_ext/24337685/osal_freertos.o
 .comment       0x00000000       0x3d build/default/production/_ext/1271179505/sys_devcon.o
 .comment       0x00000000       0x3d build/default/production/_ext/1271179505/sys_devcon_pic32mx.o
 .comment       0x00000000       0x3d build/default/production/_ext/122796885/sys_int_pic32.o
 .comment       0x00000000       0x3d build/default/production/_ext/1128951024/croutine.o
 .comment       0x00000000       0x3d build/default/production/_ext/1128951024/list.o
 .comment       0x00000000       0x3d build/default/production/_ext/1128951024/queue.o
 .comment       0x00000000       0x3d build/default/production/_ext/1128951024/tasks.o
 .comment       0x00000000       0x3d build/default/production/_ext/1128951024/timers.o
 .comment       0x00000000       0x3d build/default/production/_ext/1128951024/event_groups.o
 .comment       0x00000000       0x3d build/default/production/_ext/1856876499/heap_1.o
 .comment       0x00000000       0x3d build/default/production/_ext/12131622/port.o
 .comment       0x00000000       0x3d build/default/production/_ext/1360937237/message_controller_thread.o
 .comment       0x00000000       0x3d build/default/production/_ext/1407244131/drv_tmr_static.o
 .comment       0x00000000       0x3d build/default/production/_ext/1407244131/drv_tmr_mapping.o
 .comment       0x00000000       0x3d build/default/production/_ext/327000265/drv_usart_mapping.o
 .comment       0x00000000       0x3d build/default/production/_ext/327000265/drv_usart_static.o
 .comment       0x00000000       0x3d build/default/production/_ext/327000265/drv_usart_static_byte_model.o
 .comment       0x00000000       0x3d build/default/production/_ext/639803181/sys_clk_static.o
 .comment       0x00000000       0x3d build/default/production/_ext/822048611/sys_ports_static.o
 .comment       0x00000000       0x3d build/default/production/_ext/1688732426/system_init.o
 .comment       0x00000000       0x3d build/default/production/_ext/1688732426/system_interrupt.o
 .comment       0x00000000       0x3d build/default/production/_ext/1688732426/system_exceptions.o
 .comment       0x00000000       0x3d build/default/production/_ext/1688732426/system_tasks.o
 .comment       0x00000000       0x3d build/default/production/_ext/1688732426/rtos_hooks.o
 .comment       0x00000000       0x3d build/default/production/_ext/1360937237/messages.o
 .comment       0x00000000       0x3d build/default/production/_ext/1360937237/jsmn.o
 .comment       0x0000003c       0x18 c:/program files (x86)/microchip/xc32/v1.42/bin/bin/../../lib/gcc/pic32mx/4.8.3/../../../../pic32mx/lib\libpic32.a(memset.o)
                                 0x19 (size before relaxing)
 .comment       0x00000054       0x19 c:/program files (x86)/microchip/xc32/v1.42/bin/bin/../../lib/gcc/pic32mx/4.8.3/../../../../pic32mx/lib\libpic32.a(strlen.o)
                                 0x1a (size before relaxing)
 .comment       0x00000000       0x3d c:/program files (x86)/microchip/xc32/v1.42/bin/bin/../../lib/gcc/pic32mx/4.8.3/../../../../pic32mx/lib\libpic32.a(default-bootstrap-exception-handler.o)
 .comment       0x00000000       0x3d c:/program files (x86)/microchip/xc32/v1.42/bin/bin/../../lib/gcc/pic32mx/4.8.3/../../../../pic32mx/lib\libpic32.a(default-on-reset.o)
 .comment       0x00000000       0x3d c:/program files (x86)/microchip/xc32/v1.42/bin/bin/../../lib/gcc/pic32mx/4.8.3/../../../../pic32mx/lib\libpic32.a(default-on-bootstrap.o)
 .comment       0x00000000       0x3d c:/program files (x86)/microchip/xc32/v1.42/bin/bin/../../lib/gcc/pic32mx/4.8.3/../../../../pic32mx/lib\libpic32.a(defaultinterrupt.o)
 .comment       0x00000000       0x3d c:/program files (x86)/microchip/xc32/v1.42/bin/bin/../../lib/gcc/pic32mx/4.8.3/../../../../pic32mx/lib\libc.a(sprintf_cdnopsuxX.eo)
 .comment       0x00000000       0x3d c:/program files (x86)/microchip/xc32/v1.42/bin/bin/../../lib/gcc/pic32mx/4.8.3/../../../../pic32mx/lib\libc.a(doprnt_cdnopsuxX.eo)
 .comment       0x00000000       0x3d c:/program files (x86)/microchip/xc32/v1.42/bin/bin/../../lib/gcc/pic32mx/4.8.3/../../../../pic32mx/lib\libc.a(_fputc_simple.o)
 .comment       0x0000006d       0x4e c:/program files (x86)/microchip/xc32/v1.42/bin/bin/../../lib/gcc/pic32mx/4.8.3/../../../../pic32mx/lib\libc.a(ctype.o)
                                 0x8b (size before relaxing)
 .comment       0x00000000       0x3d c:/program files (x86)/microchip/xc32/v1.42/bin/bin/../../lib/gcc/pic32mx/4.8.3/../../../../pic32mx/lib\libc.a(_iob.o)
 .comment       0x00000000       0x3d c:/program files (x86)/microchip/xc32/v1.42/bin/bin/../../lib/gcc/pic32mx/4.8.3/../../../../pic32mx/lib\libc.a(_flsbuf_simple.o)
 .comment       0x00000000       0x3d c:/program files (x86)/microchip/xc32/v1.42/bin/bin/../../lib/gcc/pic32mx/4.8.3/../../../../pic32mx/lib\libpic32.a(write.o)
 .comment       0x00000000       0x3d c:/program files (x86)/microchip/xc32/v1.42/bin/bin/../../lib/gcc/pic32mx/4.8.3/../../../../pic32mx/lib\libpic32.a(_mon_putc.o)
 .comment       0x00000000       0x3d c:/program files (x86)/microchip/xc32/v1.42/bin/bin/../../lib/gcc/pic32mx/4.8.3/../../../../pic32mx/lib\libpic32.a(xc32_uart.o)
 .comment       0x00000000       0x3d c:/program files (x86)/microchip/xc32/v1.42/bin/bin/../../lib/gcc/pic32mx/4.8.3\libgcc.a(_udivdi3.o)
 .comment       0x00000000       0x3d c:/program files (x86)/microchip/xc32/v1.42/bin/bin/../../lib/gcc/pic32mx/4.8.3\libgcc.a(_umoddi3.o)

.debug
 *(.debug)

.line
 *(.line)

.debug_srcinfo
 *(.debug_srcinfo)

.debug_sfnames
 *(.debug_sfnames)

.debug_aranges  0x00000000      0xdb0
 *(.debug_aranges)
 .debug_aranges
                0x00000000       0x28 build/default/production/_ext/1360937237/control.o
 .debug_aranges
                0x00000028       0x28 build/default/production/_ext/1360937237/motor.o
 .debug_aranges
                0x00000050       0x20 build/default/production/_ext/1360937237/main.o
 .debug_aranges
                0x00000070       0x50 build/default/production/_ext/1360937237/debug.o
 .debug_aranges
                0x000000c0       0x48 build/default/production/_ext/1360937237/tx_thread.o
 .debug_aranges
                0x00000108       0x48 build/default/production/_ext/1360937237/rx_thread.o
 .debug_aranges
                0x00000150       0x88 build/default/production/_ext/24337685/osal_freertos.o
 .debug_aranges
                0x000001d8       0x78 build/default/production/_ext/1271179505/sys_devcon.o
 .debug_aranges
                0x00000250       0x20 build/default/production/_ext/1271179505/sys_devcon_pic32mx.o
 .debug_aranges
                0x00000270       0x48 build/default/production/_ext/122796885/sys_int_pic32.o
 .debug_aranges
                0x000002b8       0x18 build/default/production/_ext/1128951024/croutine.o
 .debug_aranges
                0x000002d0       0x40 build/default/production/_ext/1128951024/list.o
 .debug_aranges
                0x00000310       0xb0 build/default/production/_ext/1128951024/queue.o
 .debug_aranges
                0x000003c0      0x178 build/default/production/_ext/1128951024/tasks.o
 .debug_aranges
                0x00000538       0x18 build/default/production/_ext/1128951024/timers.o
 .debug_aranges
                0x00000550       0x60 build/default/production/_ext/1128951024/event_groups.o
 .debug_aranges
                0x000005b0       0x38 build/default/production/_ext/1856876499/heap_1.o
 .debug_aranges
                0x000005e8       0x58 build/default/production/_ext/12131622/port.o
 .debug_aranges
                0x00000640       0x20 build/default/production/_ext/12131622/port_asm.o
 .debug_aranges
                0x00000660       0x28 build/default/production/_ext/1360937237/message_controller_thread.o
 .debug_aranges
                0x00000688       0x88 build/default/production/_ext/1407244131/drv_tmr_static.o
 .debug_aranges
                0x00000710       0xc8 build/default/production/_ext/1407244131/drv_tmr_mapping.o
 .debug_aranges
                0x000007d8       0xa8 build/default/production/_ext/327000265/drv_usart_mapping.o
 .debug_aranges
                0x00000880       0x78 build/default/production/_ext/327000265/drv_usart_static.o
 .debug_aranges
                0x000008f8       0x48 build/default/production/_ext/327000265/drv_usart_static_byte_model.o
 .debug_aranges
                0x00000940       0x50 build/default/production/_ext/639803181/sys_clk_static.o
 .debug_aranges
                0x00000990      0x108 build/default/production/_ext/822048611/sys_ports_static.o
 .debug_aranges
                0x00000a98       0x20 build/default/production/_ext/1688732426/system_init.o
 .debug_aranges
                0x00000ab8       0x50 build/default/production/_ext/1688732426/system_interrupt.o
 .debug_aranges
                0x00000b08       0x20 build/default/production/_ext/1688732426/system_exceptions.o
 .debug_aranges
                0x00000b28       0x50 build/default/production/_ext/1688732426/system_tasks.o
 .debug_aranges
                0x00000b78       0x38 build/default/production/_ext/1688732426/system_interrupt_a.o
 .debug_aranges
                0x00000bb0       0x28 build/default/production/_ext/1688732426/rtos_hooks.o
 .debug_aranges
                0x00000bd8       0x30 build/default/production/_ext/1360937237/messages.o
 .debug_aranges
                0x00000c08       0x28 build/default/production/_ext/1360937237/jsmn.o
 .debug_aranges
                0x00000c30       0x20 c:/program files (x86)/microchip/xc32/v1.42/bin/bin/../../lib/gcc/pic32mx/4.8.3/../../../../pic32mx/lib\libpic32.a(default-bootstrap-exception-handler.o)
 .debug_aranges
                0x00000c50       0x20 c:/program files (x86)/microchip/xc32/v1.42/bin/bin/../../lib/gcc/pic32mx/4.8.3/../../../../pic32mx/lib\libpic32.a(default-on-reset.o)
 .debug_aranges
                0x00000c70       0x20 c:/program files (x86)/microchip/xc32/v1.42/bin/bin/../../lib/gcc/pic32mx/4.8.3/../../../../pic32mx/lib\libpic32.a(default-on-bootstrap.o)
 .debug_aranges
                0x00000c90       0x20 c:/program files (x86)/microchip/xc32/v1.42/bin/bin/../../lib/gcc/pic32mx/4.8.3/../../../../pic32mx/lib\libpic32.a(defaultinterrupt.o)
 .debug_aranges
                0x00000cb0       0x20 c:/program files (x86)/microchip/xc32/v1.42/bin/bin/../../lib/gcc/pic32mx/4.8.3/../../../../pic32mx/lib\libc.a(sprintf_cdnopsuxX.eo)
 .debug_aranges
                0x00000cd0       0x20 c:/program files (x86)/microchip/xc32/v1.42/bin/bin/../../lib/gcc/pic32mx/4.8.3/../../../../pic32mx/lib\libc.a(doprnt_cdnopsuxX.eo)
 .debug_aranges
                0x00000cf0       0x20 c:/program files (x86)/microchip/xc32/v1.42/bin/bin/../../lib/gcc/pic32mx/4.8.3/../../../../pic32mx/lib\libc.a(_fputc_simple.o)
 .debug_aranges
                0x00000d10       0x20 c:/program files (x86)/microchip/xc32/v1.42/bin/bin/../../lib/gcc/pic32mx/4.8.3/../../../../pic32mx/lib\libc.a(_flsbuf_simple.o)
 .debug_aranges
                0x00000d30       0x20 c:/program files (x86)/microchip/xc32/v1.42/bin/bin/../../lib/gcc/pic32mx/4.8.3/../../../../pic32mx/lib\libpic32.a(write.o)
 .debug_aranges
                0x00000d50       0x20 c:/program files (x86)/microchip/xc32/v1.42/bin/bin/../../lib/gcc/pic32mx/4.8.3/../../../../pic32mx/lib\libpic32.a(_mon_putc.o)
 .debug_aranges
                0x00000d70       0x20 c:/program files (x86)/microchip/xc32/v1.42/bin/bin/../../lib/gcc/pic32mx/4.8.3\libgcc.a(_udivdi3.o)
 .debug_aranges
                0x00000d90       0x20 c:/program files (x86)/microchip/xc32/v1.42/bin/bin/../../lib/gcc/pic32mx/4.8.3\libgcc.a(_umoddi3.o)

.debug_pubnames
 *(.debug_pubnames)

.debug_info     0x00000000    0x2a0e3
 *(.debug_info .gnu.linkonce.wi.*)
 .debug_info    0x00000000      0xb11 build/default/production/_ext/1360937237/control.o
 .debug_info    0x00000b11      0xb01 build/default/production/_ext/1360937237/motor.o
 .debug_info    0x00001612      0x19c build/default/production/_ext/1360937237/main.o
 .debug_info    0x000017ae     0x1b86 build/default/production/_ext/1360937237/debug.o
 .debug_info    0x00003334     0x1aa7 build/default/production/_ext/1360937237/tx_thread.o
 .debug_info    0x00004ddb     0x1958 build/default/production/_ext/1360937237/rx_thread.o
 .debug_info    0x00006733      0xa80 build/default/production/_ext/24337685/osal_freertos.o
 .debug_info    0x000071b3     0x1140 build/default/production/_ext/1271179505/sys_devcon.o
 .debug_info    0x000082f3      0xd31 build/default/production/_ext/1271179505/sys_devcon_pic32mx.o
 .debug_info    0x00009024     0x1598 build/default/production/_ext/122796885/sys_int_pic32.o
 .debug_info    0x0000a5bc      0x161 build/default/production/_ext/1128951024/croutine.o
 .debug_info    0x0000a71d      0x45d build/default/production/_ext/1128951024/list.o
 .debug_info    0x0000ab7a     0x1910 build/default/production/_ext/1128951024/queue.o
 .debug_info    0x0000c48a     0x28ff build/default/production/_ext/1128951024/tasks.o
 .debug_info    0x0000ed89      0x15f build/default/production/_ext/1128951024/timers.o
 .debug_info    0x0000eee8      0xd34 build/default/production/_ext/1128951024/event_groups.o
 .debug_info    0x0000fc1c      0x367 build/default/production/_ext/1856876499/heap_1.o
 .debug_info    0x0000ff83     0x1190 build/default/production/_ext/12131622/port.o
 .debug_info    0x00011113       0xaf build/default/production/_ext/12131622/port_asm.o
 .debug_info    0x000111c2      0xba1 build/default/production/_ext/1360937237/message_controller_thread.o
 .debug_info    0x00011d63     0x33b8 build/default/production/_ext/1407244131/drv_tmr_static.o
 .debug_info    0x0001511b     0x1061 build/default/production/_ext/1407244131/drv_tmr_mapping.o
 .debug_info    0x0001617c     0x18ba build/default/production/_ext/327000265/drv_usart_mapping.o
 .debug_info    0x00017a36     0x3ad0 build/default/production/_ext/327000265/drv_usart_static.o
 .debug_info    0x0001b506     0x1c8c build/default/production/_ext/327000265/drv_usart_static_byte_model.o
 .debug_info    0x0001d192     0x1594 build/default/production/_ext/639803181/sys_clk_static.o
 .debug_info    0x0001e726     0x3ac7 build/default/production/_ext/822048611/sys_ports_static.o
 .debug_info    0x000221ed     0x18fe build/default/production/_ext/1688732426/system_init.o
 .debug_info    0x00023aeb     0x1dfb build/default/production/_ext/1688732426/system_interrupt.o
 .debug_info    0x000258e6      0xad1 build/default/production/_ext/1688732426/system_exceptions.o
 .debug_info    0x000263b7      0xd07 build/default/production/_ext/1688732426/system_tasks.o
 .debug_info    0x000270be       0x8e build/default/production/_ext/1688732426/system_interrupt_a.o
 .debug_info    0x0002714c      0x244 build/default/production/_ext/1688732426/rtos_hooks.o
 .debug_info    0x00027390      0xf31 build/default/production/_ext/1360937237/messages.o
 .debug_info    0x000282c1      0x6b9 build/default/production/_ext/1360937237/jsmn.o
 .debug_info    0x0002897a       0xf5 c:/program files (x86)/microchip/xc32/v1.42/bin/bin/../../lib/gcc/pic32mx/4.8.3/../../../../pic32mx/lib\libpic32.a(default-bootstrap-exception-handler.o)
 .debug_info    0x00028a6f       0xcf c:/program files (x86)/microchip/xc32/v1.42/bin/bin/../../lib/gcc/pic32mx/4.8.3/../../../../pic32mx/lib\libpic32.a(default-on-reset.o)
 .debug_info    0x00028b3e       0xd7 c:/program files (x86)/microchip/xc32/v1.42/bin/bin/../../lib/gcc/pic32mx/4.8.3/../../../../pic32mx/lib\libpic32.a(default-on-bootstrap.o)
 .debug_info    0x00028c15       0xe9 c:/program files (x86)/microchip/xc32/v1.42/bin/bin/../../lib/gcc/pic32mx/4.8.3/../../../../pic32mx/lib\libpic32.a(defaultinterrupt.o)
 .debug_info    0x00028cfe       0xd5 c:/program files (x86)/microchip/xc32/v1.42/bin/bin/../../lib/gcc/pic32mx/4.8.3/../../../../pic32mx/lib\libc.a(sprintf_cdnopsuxX.eo)
 .debug_info    0x00028dd3       0xd6 c:/program files (x86)/microchip/xc32/v1.42/bin/bin/../../lib/gcc/pic32mx/4.8.3/../../../../pic32mx/lib\libc.a(doprnt_cdnopsuxX.eo)
 .debug_info    0x00028ea9       0xc6 c:/program files (x86)/microchip/xc32/v1.42/bin/bin/../../lib/gcc/pic32mx/4.8.3/../../../../pic32mx/lib\libc.a(_fputc_simple.o)
 .debug_info    0x00028f6f       0xc9 c:/program files (x86)/microchip/xc32/v1.42/bin/bin/../../lib/gcc/pic32mx/4.8.3/../../../../pic32mx/lib\libc.a(_flsbuf_simple.o)
 .debug_info    0x00029038       0xc0 c:/program files (x86)/microchip/xc32/v1.42/bin/bin/../../lib/gcc/pic32mx/4.8.3/../../../../pic32mx/lib\libpic32.a(write.o)
 .debug_info    0x000290f8       0xc8 c:/program files (x86)/microchip/xc32/v1.42/bin/bin/../../lib/gcc/pic32mx/4.8.3/../../../../pic32mx/lib\libpic32.a(_mon_putc.o)
 .debug_info    0x000291c0      0x773 c:/program files (x86)/microchip/xc32/v1.42/bin/bin/../../lib/gcc/pic32mx/4.8.3\libgcc.a(_udivdi3.o)
 .debug_info    0x00029933      0x7b0 c:/program files (x86)/microchip/xc32/v1.42/bin/bin/../../lib/gcc/pic32mx/4.8.3\libgcc.a(_umoddi3.o)

.debug_abbrev   0x00000000     0x406e
 *(.debug_abbrev)
 .debug_abbrev  0x00000000       0xe4 build/default/production/_ext/1360937237/control.o
 .debug_abbrev  0x000000e4       0xe4 build/default/production/_ext/1360937237/motor.o
 .debug_abbrev  0x000001c8       0x93 build/default/production/_ext/1360937237/main.o
 .debug_abbrev  0x0000025b      0x1d1 build/default/production/_ext/1360937237/debug.o
 .debug_abbrev  0x0000042c      0x239 build/default/production/_ext/1360937237/tx_thread.o
 .debug_abbrev  0x00000665      0x1b5 build/default/production/_ext/1360937237/rx_thread.o
 .debug_abbrev  0x0000081a      0x1fe build/default/production/_ext/24337685/osal_freertos.o
 .debug_abbrev  0x00000a18      0x26d build/default/production/_ext/1271179505/sys_devcon.o
 .debug_abbrev  0x00000c85      0x16d build/default/production/_ext/1271179505/sys_devcon_pic32mx.o
 .debug_abbrev  0x00000df2      0x1d0 build/default/production/_ext/122796885/sys_int_pic32.o
 .debug_abbrev  0x00000fc2       0x1b build/default/production/_ext/1128951024/croutine.o
 .debug_abbrev  0x00000fdd       0xf1 build/default/production/_ext/1128951024/list.o
 .debug_abbrev  0x000010ce      0x2f4 build/default/production/_ext/1128951024/queue.o
 .debug_abbrev  0x000013c2      0x381 build/default/production/_ext/1128951024/tasks.o
 .debug_abbrev  0x00001743       0x1b build/default/production/_ext/1128951024/timers.o
 .debug_abbrev  0x0000175e      0x29a build/default/production/_ext/1128951024/event_groups.o
 .debug_abbrev  0x000019f8      0x13f build/default/production/_ext/1856876499/heap_1.o
 .debug_abbrev  0x00001b37      0x2cf build/default/production/_ext/12131622/port.o
 .debug_abbrev  0x00001e06       0x14 build/default/production/_ext/12131622/port_asm.o
 .debug_abbrev  0x00001e1a       0xe4 build/default/production/_ext/1360937237/message_controller_thread.o
 .debug_abbrev  0x00001efe      0x314 build/default/production/_ext/1407244131/drv_tmr_static.o
 .debug_abbrev  0x00002212      0x24a build/default/production/_ext/1407244131/drv_tmr_mapping.o
 .debug_abbrev  0x0000245c      0x221 build/default/production/_ext/327000265/drv_usart_mapping.o
 .debug_abbrev  0x0000267d      0x393 build/default/production/_ext/327000265/drv_usart_static.o
 .debug_abbrev  0x00002a10      0x24f build/default/production/_ext/327000265/drv_usart_static_byte_model.o
 .debug_abbrev  0x00002c5f      0x27b build/default/production/_ext/639803181/sys_clk_static.o
 .debug_abbrev  0x00002eda      0x222 build/default/production/_ext/822048611/sys_ports_static.o
 .debug_abbrev  0x000030fc      0x2c1 build/default/production/_ext/1688732426/system_init.o
 .debug_abbrev  0x000033bd      0x2bf build/default/production/_ext/1688732426/system_interrupt.o
 .debug_abbrev  0x0000367c       0xa9 build/default/production/_ext/1688732426/system_exceptions.o
 .debug_abbrev  0x00003725      0x13a build/default/production/_ext/1688732426/system_tasks.o
 .debug_abbrev  0x0000385f       0x12 build/default/production/_ext/1688732426/system_interrupt_a.o
 .debug_abbrev  0x00003871       0x97 build/default/production/_ext/1688732426/rtos_hooks.o
 .debug_abbrev  0x00003908      0x156 build/default/production/_ext/1360937237/messages.o
 .debug_abbrev  0x00003a5e      0x201 build/default/production/_ext/1360937237/jsmn.o
 .debug_abbrev  0x00003c5f       0x28 c:/program files (x86)/microchip/xc32/v1.42/bin/bin/../../lib/gcc/pic32mx/4.8.3/../../../../pic32mx/lib\libpic32.a(default-bootstrap-exception-handler.o)
 .debug_abbrev  0x00003c87       0x28 c:/program files (x86)/microchip/xc32/v1.42/bin/bin/../../lib/gcc/pic32mx/4.8.3/../../../../pic32mx/lib\libpic32.a(default-on-reset.o)
 .debug_abbrev  0x00003caf       0x28 c:/program files (x86)/microchip/xc32/v1.42/bin/bin/../../lib/gcc/pic32mx/4.8.3/../../../../pic32mx/lib\libpic32.a(default-on-bootstrap.o)
 .debug_abbrev  0x00003cd7       0x28 c:/program files (x86)/microchip/xc32/v1.42/bin/bin/../../lib/gcc/pic32mx/4.8.3/../../../../pic32mx/lib\libpic32.a(defaultinterrupt.o)
 .debug_abbrev  0x00003cff       0x28 c:/program files (x86)/microchip/xc32/v1.42/bin/bin/../../lib/gcc/pic32mx/4.8.3/../../../../pic32mx/lib\libc.a(sprintf_cdnopsuxX.eo)
 .debug_abbrev  0x00003d27       0x28 c:/program files (x86)/microchip/xc32/v1.42/bin/bin/../../lib/gcc/pic32mx/4.8.3/../../../../pic32mx/lib\libc.a(doprnt_cdnopsuxX.eo)
 .debug_abbrev  0x00003d4f       0x28 c:/program files (x86)/microchip/xc32/v1.42/bin/bin/../../lib/gcc/pic32mx/4.8.3/../../../../pic32mx/lib\libc.a(_fputc_simple.o)
 .debug_abbrev  0x00003d77       0x28 c:/program files (x86)/microchip/xc32/v1.42/bin/bin/../../lib/gcc/pic32mx/4.8.3/../../../../pic32mx/lib\libc.a(_flsbuf_simple.o)
 .debug_abbrev  0x00003d9f       0x28 c:/program files (x86)/microchip/xc32/v1.42/bin/bin/../../lib/gcc/pic32mx/4.8.3/../../../../pic32mx/lib\libpic32.a(write.o)
 .debug_abbrev  0x00003dc7       0x28 c:/program files (x86)/microchip/xc32/v1.42/bin/bin/../../lib/gcc/pic32mx/4.8.3/../../../../pic32mx/lib\libpic32.a(_mon_putc.o)
 .debug_abbrev  0x00003def      0x138 c:/program files (x86)/microchip/xc32/v1.42/bin/bin/../../lib/gcc/pic32mx/4.8.3\libgcc.a(_udivdi3.o)
 .debug_abbrev  0x00003f27      0x147 c:/program files (x86)/microchip/xc32/v1.42/bin/bin/../../lib/gcc/pic32mx/4.8.3\libgcc.a(_umoddi3.o)

.debug_line     0x00000000     0x7fd5
 *(.debug_line)
 .debug_line    0x00000000      0x17b build/default/production/_ext/1360937237/control.o
 .debug_line    0x0000017b      0x177 build/default/production/_ext/1360937237/motor.o
 .debug_line    0x000002f2       0xaf build/default/production/_ext/1360937237/main.o
 .debug_line    0x000003a1      0x4f3 build/default/production/_ext/1360937237/debug.o
 .debug_line    0x00000894      0x400 build/default/production/_ext/1360937237/tx_thread.o
 .debug_line    0x00000c94      0x3d7 build/default/production/_ext/1360937237/rx_thread.o
 .debug_line    0x0000106b      0x2bb build/default/production/_ext/24337685/osal_freertos.o
 .debug_line    0x00001326      0x5c6 build/default/production/_ext/1271179505/sys_devcon.o
 .debug_line    0x000018ec      0x471 build/default/production/_ext/1271179505/sys_devcon_pic32mx.o
 .debug_line    0x00001d5d      0x38c build/default/production/_ext/122796885/sys_int_pic32.o
 .debug_line    0x000020e9       0x1d build/default/production/_ext/1128951024/croutine.o
 .debug_line    0x00002106      0x1dc build/default/production/_ext/1128951024/list.o
 .debug_line    0x000022e2      0x496 build/default/production/_ext/1128951024/queue.o
 .debug_line    0x00002778      0x7ba build/default/production/_ext/1128951024/tasks.o
 .debug_line    0x00002f32       0x1d build/default/production/_ext/1128951024/timers.o
 .debug_line    0x00002f4f      0x325 build/default/production/_ext/1128951024/event_groups.o
 .debug_line    0x00003274      0x217 build/default/production/_ext/1856876499/heap_1.o
 .debug_line    0x0000348b      0x23a build/default/production/_ext/12131622/port.o
 .debug_line    0x000036c5      0x102 build/default/production/_ext/12131622/port_asm.o
 .debug_line    0x000037c7      0x19f build/default/production/_ext/1360937237/message_controller_thread.o
 .debug_line    0x00003966      0x6e3 build/default/production/_ext/1407244131/drv_tmr_static.o
 .debug_line    0x00004049      0x482 build/default/production/_ext/1407244131/drv_tmr_mapping.o
 .debug_line    0x000044cb      0x42a build/default/production/_ext/327000265/drv_usart_mapping.o
 .debug_line    0x000048f5      0x84b build/default/production/_ext/327000265/drv_usart_static.o
 .debug_line    0x00005140      0x4c3 build/default/production/_ext/327000265/drv_usart_static_byte_model.o
 .debug_line    0x00005603      0x402 build/default/production/_ext/639803181/sys_clk_static.o
 .debug_line    0x00005a05      0x77b build/default/production/_ext/822048611/sys_ports_static.o
 .debug_line    0x00006180      0x5cb build/default/production/_ext/1688732426/system_init.o
 .debug_line    0x0000674b      0x59c build/default/production/_ext/1688732426/system_interrupt.o
 .debug_line    0x00006ce7      0x17c build/default/production/_ext/1688732426/system_exceptions.o
 .debug_line    0x00006e63      0x38d build/default/production/_ext/1688732426/system_tasks.o
 .debug_line    0x000071f0       0xa5 build/default/production/_ext/1688732426/system_interrupt_a.o
 .debug_line    0x00007295      0x13a build/default/production/_ext/1688732426/rtos_hooks.o
 .debug_line    0x000073cf      0x258 build/default/production/_ext/1360937237/messages.o
 .debug_line    0x00007627      0x1fb build/default/production/_ext/1360937237/jsmn.o
 .debug_line    0x00007822       0xa9 c:/program files (x86)/microchip/xc32/v1.42/bin/bin/../../lib/gcc/pic32mx/4.8.3/../../../../pic32mx/lib\libpic32.a(default-bootstrap-exception-handler.o)
 .debug_line    0x000078cb       0x96 c:/program files (x86)/microchip/xc32/v1.42/bin/bin/../../lib/gcc/pic32mx/4.8.3/../../../../pic32mx/lib\libpic32.a(default-on-reset.o)
 .debug_line    0x00007961       0x9a c:/program files (x86)/microchip/xc32/v1.42/bin/bin/../../lib/gcc/pic32mx/4.8.3/../../../../pic32mx/lib\libpic32.a(default-on-bootstrap.o)
 .debug_line    0x000079fb       0xa8 c:/program files (x86)/microchip/xc32/v1.42/bin/bin/../../lib/gcc/pic32mx/4.8.3/../../../../pic32mx/lib\libpic32.a(defaultinterrupt.o)
 .debug_line    0x00007aa3       0x83 c:/program files (x86)/microchip/xc32/v1.42/bin/bin/../../lib/gcc/pic32mx/4.8.3/../../../../pic32mx/lib\libc.a(sprintf_cdnopsuxX.eo)
 .debug_line    0x00007b26       0x82 c:/program files (x86)/microchip/xc32/v1.42/bin/bin/../../lib/gcc/pic32mx/4.8.3/../../../../pic32mx/lib\libc.a(doprnt_cdnopsuxX.eo)
 .debug_line    0x00007ba8       0x81 c:/program files (x86)/microchip/xc32/v1.42/bin/bin/../../lib/gcc/pic32mx/4.8.3/../../../../pic32mx/lib\libc.a(_fputc_simple.o)
 .debug_line    0x00007c29        0x0 c:/program files (x86)/microchip/xc32/v1.42/bin/bin/../../lib/gcc/pic32mx/4.8.3/../../../../pic32mx/lib\libc.a(ctype.o)
 .debug_line    0x00007c29        0x0 c:/program files (x86)/microchip/xc32/v1.42/bin/bin/../../lib/gcc/pic32mx/4.8.3/../../../../pic32mx/lib\libc.a(_iob.o)
 .debug_line    0x00007c29       0x82 c:/program files (x86)/microchip/xc32/v1.42/bin/bin/../../lib/gcc/pic32mx/4.8.3/../../../../pic32mx/lib\libc.a(_flsbuf_simple.o)
 .debug_line    0x00007cab       0x8b c:/program files (x86)/microchip/xc32/v1.42/bin/bin/../../lib/gcc/pic32mx/4.8.3/../../../../pic32mx/lib\libpic32.a(write.o)
 .debug_line    0x00007d36       0x8f c:/program files (x86)/microchip/xc32/v1.42/bin/bin/../../lib/gcc/pic32mx/4.8.3/../../../../pic32mx/lib\libpic32.a(_mon_putc.o)
 .debug_line    0x00007dc5        0x0 c:/program files (x86)/microchip/xc32/v1.42/bin/bin/../../lib/gcc/pic32mx/4.8.3/../../../../pic32mx/lib\libpic32.a(xc32_uart.o)
 .debug_line    0x00007dc5       0xff c:/program files (x86)/microchip/xc32/v1.42/bin/bin/../../lib/gcc/pic32mx/4.8.3\libgcc.a(_udivdi3.o)
 .debug_line    0x00007ec4      0x111 c:/program files (x86)/microchip/xc32/v1.42/bin/bin/../../lib/gcc/pic32mx/4.8.3\libgcc.a(_umoddi3.o)

.debug_frame    0x00000000     0x1c68
 *(.debug_frame)
 .debug_frame   0x00000000       0x30 build/default/production/_ext/1360937237/control.o
 .debug_frame   0x00000030       0x30 build/default/production/_ext/1360937237/motor.o
 .debug_frame   0x00000060       0x28 build/default/production/_ext/1360937237/main.o
 .debug_frame   0x00000088       0xa8 build/default/production/_ext/1360937237/debug.o
 .debug_frame   0x00000130       0xa8 build/default/production/_ext/1360937237/tx_thread.o
 .debug_frame   0x000001d8       0xa0 build/default/production/_ext/1360937237/rx_thread.o
 .debug_frame   0x00000278      0x150 build/default/production/_ext/24337685/osal_freertos.o
 .debug_frame   0x000003c8       0xe8 build/default/production/_ext/1271179505/sys_devcon.o
 .debug_frame   0x000004b0       0x28 build/default/production/_ext/1271179505/sys_devcon_pic32mx.o
 .debug_frame   0x000004d8       0x90 build/default/production/_ext/122796885/sys_int_pic32.o
 .debug_frame   0x00000568       0x60 build/default/production/_ext/1128951024/list.o
 .debug_frame   0x000005c8      0x218 build/default/production/_ext/1128951024/queue.o
 .debug_frame   0x000007e0      0x458 build/default/production/_ext/1128951024/tasks.o
 .debug_frame   0x00000c38      0x108 build/default/production/_ext/1128951024/event_groups.o
 .debug_frame   0x00000d40       0x5c build/default/production/_ext/1856876499/heap_1.o
 .debug_frame   0x00000d9c       0xc0 build/default/production/_ext/12131622/port.o
 .debug_frame   0x00000e5c       0x30 build/default/production/_ext/1360937237/message_controller_thread.o
 .debug_frame   0x00000e8c       0xf8 build/default/production/_ext/1407244131/drv_tmr_static.o
 .debug_frame   0x00000f84      0x210 build/default/production/_ext/1407244131/drv_tmr_mapping.o
 .debug_frame   0x00001194      0x238 build/default/production/_ext/327000265/drv_usart_mapping.o
 .debug_frame   0x000013cc       0xfc build/default/production/_ext/327000265/drv_usart_static.o
 .debug_frame   0x000014c8       0x80 build/default/production/_ext/327000265/drv_usart_static_byte_model.o
 .debug_frame   0x00001548       0xa0 build/default/production/_ext/639803181/sys_clk_static.o
 .debug_frame   0x000015e8      0x1f0 build/default/production/_ext/822048611/sys_ports_static.o
 .debug_frame   0x000017d8       0x28 build/default/production/_ext/1688732426/system_init.o
 .debug_frame   0x00001800       0xb4 build/default/production/_ext/1688732426/system_interrupt.o
 .debug_frame   0x000018b4       0x28 build/default/production/_ext/1688732426/system_exceptions.o
 .debug_frame   0x000018dc       0xb8 build/default/production/_ext/1688732426/system_tasks.o
 .debug_frame   0x00001994       0x40 build/default/production/_ext/1688732426/rtos_hooks.o
 .debug_frame   0x000019d4       0x6c build/default/production/_ext/1360937237/messages.o
 .debug_frame   0x00001a40       0x48 build/default/production/_ext/1360937237/jsmn.o
 .debug_frame   0x00001a88       0x2c c:/program files (x86)/microchip/xc32/v1.42/bin/bin/../../lib/gcc/pic32mx/4.8.3/../../../../pic32mx/lib\libpic32.a(default-bootstrap-exception-handler.o)
 .debug_frame   0x00001ab4       0x20 c:/program files (x86)/microchip/xc32/v1.42/bin/bin/../../lib/gcc/pic32mx/4.8.3/../../../../pic32mx/lib\libpic32.a(default-on-reset.o)
 .debug_frame   0x00001ad4       0x20 c:/program files (x86)/microchip/xc32/v1.42/bin/bin/../../lib/gcc/pic32mx/4.8.3/../../../../pic32mx/lib\libpic32.a(default-on-bootstrap.o)
 .debug_frame   0x00001af4       0x20 c:/program files (x86)/microchip/xc32/v1.42/bin/bin/../../lib/gcc/pic32mx/4.8.3/../../../../pic32mx/lib\libpic32.a(defaultinterrupt.o)
 .debug_frame   0x00001b14       0x28 c:/program files (x86)/microchip/xc32/v1.42/bin/bin/../../lib/gcc/pic32mx/4.8.3/../../../../pic32mx/lib\libc.a(sprintf_cdnopsuxX.eo)
 .debug_frame   0x00001b3c       0x38 c:/program files (x86)/microchip/xc32/v1.42/bin/bin/../../lib/gcc/pic32mx/4.8.3/../../../../pic32mx/lib\libc.a(doprnt_cdnopsuxX.eo)
 .debug_frame   0x00001b74       0x2c c:/program files (x86)/microchip/xc32/v1.42/bin/bin/../../lib/gcc/pic32mx/4.8.3/../../../../pic32mx/lib\libc.a(_fputc_simple.o)
 .debug_frame   0x00001ba0       0x28 c:/program files (x86)/microchip/xc32/v1.42/bin/bin/../../lib/gcc/pic32mx/4.8.3/../../../../pic32mx/lib\libc.a(_flsbuf_simple.o)
 .debug_frame   0x00001bc8       0x38 c:/program files (x86)/microchip/xc32/v1.42/bin/bin/../../lib/gcc/pic32mx/4.8.3/../../../../pic32mx/lib\libpic32.a(write.o)
 .debug_frame   0x00001c00       0x28 c:/program files (x86)/microchip/xc32/v1.42/bin/bin/../../lib/gcc/pic32mx/4.8.3/../../../../pic32mx/lib\libpic32.a(_mon_putc.o)
 .debug_frame   0x00001c28       0x20 c:/program files (x86)/microchip/xc32/v1.42/bin/bin/../../lib/gcc/pic32mx/4.8.3\libgcc.a(_udivdi3.o)
 .debug_frame   0x00001c48       0x20 c:/program files (x86)/microchip/xc32/v1.42/bin/bin/../../lib/gcc/pic32mx/4.8.3\libgcc.a(_umoddi3.o)

.debug_str      0x00000000      0x771
 *(.debug_str)
 .debug_str     0x00000000        0x0 build/default/production/_ext/1360937237/control.o
 .debug_str     0x00000000        0x0 build/default/production/_ext/1360937237/motor.o
 .debug_str     0x00000000        0x0 build/default/production/_ext/1360937237/main.o
 .debug_str     0x00000000       0x1c build/default/production/_ext/1360937237/debug.o
 .debug_str     0x0000001c       0x13 build/default/production/_ext/1360937237/tx_thread.o
 .debug_str     0x0000002f        0x0 build/default/production/_ext/1360937237/rx_thread.o
 .debug_str     0x0000002f       0x40 build/default/production/_ext/24337685/osal_freertos.o
 .debug_str     0x0000006f       0x16 build/default/production/_ext/1271179505/sys_devcon.o
 .debug_str     0x00000085        0x6 build/default/production/_ext/1271179505/sys_devcon_pic32mx.o
 .debug_str     0x0000008b       0x2d build/default/production/_ext/122796885/sys_int_pic32.o
 .debug_str     0x000000b8        0x0 build/default/production/_ext/1128951024/croutine.o
 .debug_str     0x000000b8       0x2b build/default/production/_ext/1128951024/list.o
 .debug_str     0x000000e3      0x131 build/default/production/_ext/1128951024/queue.o
 .debug_str     0x00000214      0x186 build/default/production/_ext/1128951024/tasks.o
 .debug_str     0x0000039a        0x0 build/default/production/_ext/1128951024/timers.o
 .debug_str     0x0000039a       0xe6 build/default/production/_ext/1128951024/event_groups.o
 .debug_str     0x00000480       0x1d build/default/production/_ext/1856876499/heap_1.o
 .debug_str     0x0000049d       0x37 build/default/production/_ext/12131622/port.o
 .debug_str     0x000004d4        0x0 build/default/production/_ext/1360937237/message_controller_thread.o
 .debug_str     0x000004d4       0x4d build/default/production/_ext/1407244131/drv_tmr_static.o
 .debug_str     0x00000521        0x7 build/default/production/_ext/1407244131/drv_tmr_mapping.o
 .debug_str     0x00000528       0x23 build/default/production/_ext/327000265/drv_usart_mapping.o
 .debug_str     0x0000054b       0xe2 build/default/production/_ext/327000265/drv_usart_static.o
 .debug_str     0x0000062d       0x12 build/default/production/_ext/327000265/drv_usart_static_byte_model.o
 .debug_str     0x0000063f       0x39 build/default/production/_ext/639803181/sys_clk_static.o
 .debug_str     0x00000678       0x55 build/default/production/_ext/822048611/sys_ports_static.o
 .debug_str     0x000006cd       0x36 build/default/production/_ext/1688732426/system_init.o
 .debug_str     0x00000703       0x40 build/default/production/_ext/1688732426/system_interrupt.o
 .debug_str     0x00000743        0x0 build/default/production/_ext/1688732426/system_exceptions.o
 .debug_str     0x00000743        0x0 build/default/production/_ext/1688732426/system_tasks.o
 .debug_str     0x00000743        0x9 build/default/production/_ext/1688732426/rtos_hooks.o
 .debug_str     0x0000074c        0x0 build/default/production/_ext/1360937237/messages.o
 .debug_str     0x0000074c       0x25 build/default/production/_ext/1360937237/jsmn.o
 .debug_str     0x00000771        0x0 c:/program files (x86)/microchip/xc32/v1.42/bin/bin/../../lib/gcc/pic32mx/4.8.3/../../../../pic32mx/lib\libpic32.a(default-bootstrap-exception-handler.o)
 .debug_str     0x00000771        0x0 c:/program files (x86)/microchip/xc32/v1.42/bin/bin/../../lib/gcc/pic32mx/4.8.3/../../../../pic32mx/lib\libpic32.a(default-on-reset.o)
 .debug_str     0x00000771        0x0 c:/program files (x86)/microchip/xc32/v1.42/bin/bin/../../lib/gcc/pic32mx/4.8.3/../../../../pic32mx/lib\libpic32.a(default-on-bootstrap.o)
 .debug_str     0x00000771        0x0 c:/program files (x86)/microchip/xc32/v1.42/bin/bin/../../lib/gcc/pic32mx/4.8.3/../../../../pic32mx/lib\libpic32.a(defaultinterrupt.o)
 .debug_str     0x00000771        0x0 c:/program files (x86)/microchip/xc32/v1.42/bin/bin/../../lib/gcc/pic32mx/4.8.3/../../../../pic32mx/lib\libc.a(sprintf_cdnopsuxX.eo)
 .debug_str     0x00000771        0x0 c:/program files (x86)/microchip/xc32/v1.42/bin/bin/../../lib/gcc/pic32mx/4.8.3/../../../../pic32mx/lib\libc.a(doprnt_cdnopsuxX.eo)
 .debug_str     0x00000771        0x0 c:/program files (x86)/microchip/xc32/v1.42/bin/bin/../../lib/gcc/pic32mx/4.8.3/../../../../pic32mx/lib\libc.a(_fputc_simple.o)
 .debug_str     0x00000771        0x0 c:/program files (x86)/microchip/xc32/v1.42/bin/bin/../../lib/gcc/pic32mx/4.8.3/../../../../pic32mx/lib\libc.a(ctype.o)
 .debug_str     0x00000771        0x0 c:/program files (x86)/microchip/xc32/v1.42/bin/bin/../../lib/gcc/pic32mx/4.8.3/../../../../pic32mx/lib\libc.a(_iob.o)
 .debug_str     0x00000771        0x0 c:/program files (x86)/microchip/xc32/v1.42/bin/bin/../../lib/gcc/pic32mx/4.8.3/../../../../pic32mx/lib\libc.a(_flsbuf_simple.o)
 .debug_str     0x00000771        0x0 c:/program files (x86)/microchip/xc32/v1.42/bin/bin/../../lib/gcc/pic32mx/4.8.3/../../../../pic32mx/lib\libpic32.a(write.o)
 .debug_str     0x00000771        0x0 c:/program files (x86)/microchip/xc32/v1.42/bin/bin/../../lib/gcc/pic32mx/4.8.3/../../../../pic32mx/lib\libpic32.a(_mon_putc.o)
 .debug_str     0x00000771        0x0 c:/program files (x86)/microchip/xc32/v1.42/bin/bin/../../lib/gcc/pic32mx/4.8.3/../../../../pic32mx/lib\libpic32.a(xc32_uart.o)
 .debug_str     0x00000771        0x0 c:/program files (x86)/microchip/xc32/v1.42/bin/bin/../../lib/gcc/pic32mx/4.8.3\libgcc.a(_udivdi3.o)
 .debug_str     0x00000771        0x0 c:/program files (x86)/microchip/xc32/v1.42/bin/bin/../../lib/gcc/pic32mx/4.8.3\libgcc.a(_umoddi3.o)

.debug_loc      0x00000000     0x7c7f
 *(.debug_loc)
 .debug_loc     0x00000000       0x14 build/default/production/_ext/1360937237/control.o
 .debug_loc     0x00000014       0x14 build/default/production/_ext/1360937237/motor.o
 .debug_loc     0x00000028      0x70d build/default/production/_ext/1360937237/debug.o
 .debug_loc     0x00000735       0xd6 build/default/production/_ext/1360937237/tx_thread.o
 .debug_loc     0x0000080b       0xde build/default/production/_ext/1360937237/rx_thread.o
 .debug_loc     0x000008e9      0x40c build/default/production/_ext/24337685/osal_freertos.o
 .debug_loc     0x00000cf5       0xf0 build/default/production/_ext/1271179505/sys_devcon.o
 .debug_loc     0x00000de5       0xec build/default/production/_ext/1271179505/sys_devcon_pic32mx.o
 .debug_loc     0x00000ed1       0x8d build/default/production/_ext/122796885/sys_int_pic32.o
 .debug_loc     0x00000f5e       0x31 build/default/production/_ext/1128951024/list.o
 .debug_loc     0x00000f8f      0xeb0 build/default/production/_ext/1128951024/queue.o
 .debug_loc     0x00001e3f     0x1471 build/default/production/_ext/1128951024/tasks.o
 .debug_loc     0x000032b0      0x8ea build/default/production/_ext/1128951024/event_groups.o
 .debug_loc     0x00003b9a       0x49 build/default/production/_ext/1856876499/heap_1.o
 .debug_loc     0x00003be3       0xea build/default/production/_ext/12131622/port.o
 .debug_loc     0x00003ccd       0x14 build/default/production/_ext/1360937237/message_controller_thread.o
 .debug_loc     0x00003ce1      0x305 build/default/production/_ext/1407244131/drv_tmr_static.o
 .debug_loc     0x00003fe6      0x2f4 build/default/production/_ext/1407244131/drv_tmr_mapping.o
 .debug_loc     0x000042da      0x69f build/default/production/_ext/327000265/drv_usart_mapping.o
 .debug_loc     0x00004979      0x575 build/default/production/_ext/327000265/drv_usart_static.o
 .debug_loc     0x00004eee       0x74 build/default/production/_ext/327000265/drv_usart_static_byte_model.o
 .debug_loc     0x00004f62       0x49 build/default/production/_ext/639803181/sys_clk_static.o
 .debug_loc     0x00004fab      0xecf build/default/production/_ext/822048611/sys_ports_static.o
 .debug_loc     0x00005e7a       0x21 build/default/production/_ext/1688732426/system_init.o
 .debug_loc     0x00005e9b      0x157 build/default/production/_ext/1688732426/system_interrupt.o
 .debug_loc     0x00005ff2       0x34 build/default/production/_ext/1688732426/rtos_hooks.o
 .debug_loc     0x00006026      0x216 build/default/production/_ext/1360937237/messages.o
 .debug_loc     0x0000623c      0x59c build/default/production/_ext/1360937237/jsmn.o
 .debug_loc     0x000067d8      0xa6a c:/program files (x86)/microchip/xc32/v1.42/bin/bin/../../lib/gcc/pic32mx/4.8.3\libgcc.a(_udivdi3.o)
 .debug_loc     0x00007242      0xa3d c:/program files (x86)/microchip/xc32/v1.42/bin/bin/../../lib/gcc/pic32mx/4.8.3\libgcc.a(_umoddi3.o)

.debug_macinfo
 *(.debug_macinfo)

.debug_weaknames
 *(.debug_weaknames)

.debug_funcnames
 *(.debug_funcnames)

.debug_typenames
 *(.debug_typenames)

.debug_varnames
 *(.debug_varnames)

.debug_pubtypes
 *(.debug_pubtypes)

.debug_ranges   0x00000000      0xf20
 *(.debug_ranges)
 .debug_ranges  0x00000000       0x18 build/default/production/_ext/1360937237/control.o
 .debug_ranges  0x00000018       0x18 build/default/production/_ext/1360937237/motor.o
 .debug_ranges  0x00000030       0x10 build/default/production/_ext/1360937237/main.o
 .debug_ranges  0x00000040       0x40 build/default/production/_ext/1360937237/debug.o
 .debug_ranges  0x00000080       0x50 build/default/production/_ext/1360937237/tx_thread.o
 .debug_ranges  0x000000d0       0x38 build/default/production/_ext/1360937237/rx_thread.o
 .debug_ranges  0x00000108       0x78 build/default/production/_ext/24337685/osal_freertos.o
 .debug_ranges  0x00000180       0x68 build/default/production/_ext/1271179505/sys_devcon.o
 .debug_ranges  0x000001e8       0x10 build/default/production/_ext/1271179505/sys_devcon_pic32mx.o
 .debug_ranges  0x000001f8       0x50 build/default/production/_ext/122796885/sys_int_pic32.o
 .debug_ranges  0x00000248       0x30 build/default/production/_ext/1128951024/list.o
 .debug_ranges  0x00000278      0x130 build/default/production/_ext/1128951024/queue.o
 .debug_ranges  0x000003a8      0x1b0 build/default/production/_ext/1128951024/tasks.o
 .debug_ranges  0x00000558       0x98 build/default/production/_ext/1128951024/event_groups.o
 .debug_ranges  0x000005f0       0x28 build/default/production/_ext/1856876499/heap_1.o
 .debug_ranges  0x00000618       0x48 build/default/production/_ext/12131622/port.o
 .debug_ranges  0x00000660       0x18 build/default/production/_ext/1360937237/message_controller_thread.o
 .debug_ranges  0x00000678       0x90 build/default/production/_ext/1407244131/drv_tmr_static.o
 .debug_ranges  0x00000708       0xb8 build/default/production/_ext/1407244131/drv_tmr_mapping.o
 .debug_ranges  0x000007c0       0x98 build/default/production/_ext/327000265/drv_usart_mapping.o
 .debug_ranges  0x00000858       0x98 build/default/production/_ext/327000265/drv_usart_static.o
 .debug_ranges  0x000008f0       0x38 build/default/production/_ext/327000265/drv_usart_static_byte_model.o
 .debug_ranges  0x00000928       0x40 build/default/production/_ext/639803181/sys_clk_static.o
 .debug_ranges  0x00000968       0xf8 build/default/production/_ext/822048611/sys_ports_static.o
 .debug_ranges  0x00000a60       0x10 build/default/production/_ext/1688732426/system_init.o
 .debug_ranges  0x00000a70       0x40 build/default/production/_ext/1688732426/system_interrupt.o
 .debug_ranges  0x00000ab0       0x10 build/default/production/_ext/1688732426/system_exceptions.o
 .debug_ranges  0x00000ac0       0x40 build/default/production/_ext/1688732426/system_tasks.o
 .debug_ranges  0x00000b00       0x30 build/default/production/_ext/1688732426/system_interrupt_a.o
 .debug_ranges  0x00000b30       0x18 build/default/production/_ext/1688732426/rtos_hooks.o
 .debug_ranges  0x00000b48       0x20 build/default/production/_ext/1360937237/messages.o
 .debug_ranges  0x00000b68      0x1a8 build/default/production/_ext/1360937237/jsmn.o
 .debug_ranges  0x00000d10       0x10 c:/program files (x86)/microchip/xc32/v1.42/bin/bin/../../lib/gcc/pic32mx/4.8.3/../../../../pic32mx/lib\libpic32.a(default-bootstrap-exception-handler.o)
 .debug_ranges  0x00000d20       0x10 c:/program files (x86)/microchip/xc32/v1.42/bin/bin/../../lib/gcc/pic32mx/4.8.3/../../../../pic32mx/lib\libpic32.a(default-on-reset.o)
 .debug_ranges  0x00000d30       0x10 c:/program files (x86)/microchip/xc32/v1.42/bin/bin/../../lib/gcc/pic32mx/4.8.3/../../../../pic32mx/lib\libpic32.a(default-on-bootstrap.o)
 .debug_ranges  0x00000d40       0x10 c:/program files (x86)/microchip/xc32/v1.42/bin/bin/../../lib/gcc/pic32mx/4.8.3/../../../../pic32mx/lib\libpic32.a(defaultinterrupt.o)
 .debug_ranges  0x00000d50       0x10 c:/program files (x86)/microchip/xc32/v1.42/bin/bin/../../lib/gcc/pic32mx/4.8.3/../../../../pic32mx/lib\libc.a(sprintf_cdnopsuxX.eo)
 .debug_ranges  0x00000d60       0x10 c:/program files (x86)/microchip/xc32/v1.42/bin/bin/../../lib/gcc/pic32mx/4.8.3/../../../../pic32mx/lib\libc.a(doprnt_cdnopsuxX.eo)
 .debug_ranges  0x00000d70       0x10 c:/program files (x86)/microchip/xc32/v1.42/bin/bin/../../lib/gcc/pic32mx/4.8.3/../../../../pic32mx/lib\libc.a(_fputc_simple.o)
 .debug_ranges  0x00000d80       0x10 c:/program files (x86)/microchip/xc32/v1.42/bin/bin/../../lib/gcc/pic32mx/4.8.3/../../../../pic32mx/lib\libc.a(_flsbuf_simple.o)
 .debug_ranges  0x00000d90       0x10 c:/program files (x86)/microchip/xc32/v1.42/bin/bin/../../lib/gcc/pic32mx/4.8.3/../../../../pic32mx/lib\libpic32.a(write.o)
 .debug_ranges  0x00000da0       0x10 c:/program files (x86)/microchip/xc32/v1.42/bin/bin/../../lib/gcc/pic32mx/4.8.3/../../../../pic32mx/lib\libpic32.a(_mon_putc.o)
 .debug_ranges  0x00000db0       0x98 c:/program files (x86)/microchip/xc32/v1.42/bin/bin/../../lib/gcc/pic32mx/4.8.3\libgcc.a(_udivdi3.o)
 .debug_ranges  0x00000e48       0xd8 c:/program files (x86)/microchip/xc32/v1.42/bin/bin/../../lib/gcc/pic32mx/4.8.3\libgcc.a(_umoddi3.o)

.gnu.attributes
                0x00000000       0x10
 *(.gnu.attributes)
 .gnu.attributes
                0x00000000       0x10 build/default/production/_ext/1360937237/control.o
 .gnu.attributes