
Optional file libmchp_peripheral.a not found

Optional file libmchp_peripheral_32MX795F512L.a not found
Archive member included because of file (symbol)

c:/program files (x86)/microchip/xc32/v1.42/bin/bin/../../lib/gcc/pic32mx/4.8.3/../../../../pic32mx/lib\libpic32.a(memcpy.o)
                              build/default/production/_ext/1128951024/queue.o (memcpy)
c:/program files (x86)/microchip/xc32/v1.42/bin/bin/../../lib/gcc/pic32mx/4.8.3/../../../../pic32mx/lib\libpic32.a(memset.o)
                              build/default/production/_ext/1128951024/tasks.o (memset)
c:/program files (x86)/microchip/xc32/v1.42/bin/bin/../../lib/gcc/pic32mx/4.8.3/../../../../pic32mx/lib\libpic32.a(default-bootstrap-exception-handler.o)
                              c:/program files (x86)/microchip/xc32/v1.42/bin/bin/../../lib/gcc/pic32mx/4.8.3/../../../../pic32mx/lib/./proc/32MX795F512L/crt0_mips32r2.o (_bootstrap_exception_handler)
c:/program files (x86)/microchip/xc32/v1.42/bin/bin/../../lib/gcc/pic32mx/4.8.3/../../../../pic32mx/lib\libpic32.a(default-on-reset.o)
                              c:/program files (x86)/microchip/xc32/v1.42/bin/bin/../../lib/gcc/pic32mx/4.8.3/../../../../pic32mx/lib/./proc/32MX795F512L/crt0_mips32r2.o (_on_reset)
c:/program files (x86)/microchip/xc32/v1.42/bin/bin/../../lib/gcc/pic32mx/4.8.3/../../../../pic32mx/lib\libpic32.a(default-on-bootstrap.o)
                              c:/program files (x86)/microchip/xc32/v1.42/bin/bin/../../lib/gcc/pic32mx/4.8.3/../../../../pic32mx/lib/./proc/32MX795F512L/crt0_mips32r2.o (_on_bootstrap)
c:/program files (x86)/microchip/xc32/v1.42/bin/bin/../../lib/gcc/pic32mx/4.8.3/../../../../pic32mx/lib\libpic32.a(default-nmi-handler.o)
                              c:/program files (x86)/microchip/xc32/v1.42/bin/bin/../../lib/gcc/pic32mx/4.8.3/../../../../pic32mx/lib/./proc/32MX795F512L/crt0_mips32r2.o (_nmi_handler)
c:/program files (x86)/microchip/xc32/v1.42/bin/bin/../../lib/gcc/pic32mx/4.8.3/../../../../pic32mx/lib\libpic32.a(general-exception.o)
                              c:/program files (x86)/microchip/xc32/v1.42/bin/bin/../../lib/gcc/pic32mx/4.8.3/../../../../pic32mx/lib/./proc/32MX795F512L/crt0_mips32r2.o (_general_exception_context)
c:/program files (x86)/microchip/xc32/v1.42/bin/bin/../../lib/gcc/pic32mx/4.8.3/../../../../pic32mx/lib\libpic32.a(vector0.o)
                              c:/program files (x86)/microchip/xc32/v1.42/bin/bin/../../lib/gcc/pic32mx/4.8.3/../../../../pic32mx/lib/./proc/32MX795F512L\default_isr_vectors.o (__vector_dispatch_0)
c:/program files (x86)/microchip/xc32/v1.42/bin/bin/../../lib/gcc/pic32mx/4.8.3/../../../../pic32mx/lib\libpic32.a(vector2.o)
                              c:/program files (x86)/microchip/xc32/v1.42/bin/bin/../../lib/gcc/pic32mx/4.8.3/../../../../pic32mx/lib/./proc/32MX795F512L\default_isr_vectors.o (__vector_dispatch_2)
c:/program files (x86)/microchip/xc32/v1.42/bin/bin/../../lib/gcc/pic32mx/4.8.3/../../../../pic32mx/lib\libpic32.a(vector3.o)
                              c:/program files (x86)/microchip/xc32/v1.42/bin/bin/../../lib/gcc/pic32mx/4.8.3/../../../../pic32mx/lib/./proc/32MX795F512L\default_isr_vectors.o (__vector_dispatch_3)
c:/program files (x86)/microchip/xc32/v1.42/bin/bin/../../lib/gcc/pic32mx/4.8.3/../../../../pic32mx/lib\libpic32.a(vector5.o)
                              c:/program files (x86)/microchip/xc32/v1.42/bin/bin/../../lib/gcc/pic32mx/4.8.3/../../../../pic32mx/lib/./proc/32MX795F512L\default_isr_vectors.o (__vector_dispatch_5)
c:/program files (x86)/microchip/xc32/v1.42/bin/bin/../../lib/gcc/pic32mx/4.8.3/../../../../pic32mx/lib\libpic32.a(vector6.o)
                              c:/program files (x86)/microchip/xc32/v1.42/bin/bin/../../lib/gcc/pic32mx/4.8.3/../../../../pic32mx/lib/./proc/32MX795F512L\default_isr_vectors.o (__vector_dispatch_6)
c:/program files (x86)/microchip/xc32/v1.42/bin/bin/../../lib/gcc/pic32mx/4.8.3/../../../../pic32mx/lib\libpic32.a(vector7.o)
                              c:/program files (x86)/microchip/xc32/v1.42/bin/bin/../../lib/gcc/pic32mx/4.8.3/../../../../pic32mx/lib/./proc/32MX795F512L\default_isr_vectors.o (__vector_dispatch_7)
c:/program files (x86)/microchip/xc32/v1.42/bin/bin/../../lib/gcc/pic32mx/4.8.3/../../../../pic32mx/lib\libpic32.a(vector9.o)
                              c:/program files (x86)/microchip/xc32/v1.42/bin/bin/../../lib/gcc/pic32mx/4.8.3/../../../../pic32mx/lib/./proc/32MX795F512L\default_isr_vectors.o (__vector_dispatch_9)
c:/program files (x86)/microchip/xc32/v1.42/bin/bin/../../lib/gcc/pic32mx/4.8.3/../../../../pic32mx/lib\libpic32.a(vector10.o)
                              c:/program files (x86)/microchip/xc32/v1.42/bin/bin/../../lib/gcc/pic32mx/4.8.3/../../../../pic32mx/lib/./proc/32MX795F512L\default_isr_vectors.o (__vector_dispatch_10)
c:/program files (x86)/microchip/xc32/v1.42/bin/bin/../../lib/gcc/pic32mx/4.8.3/../../../../pic32mx/lib\libpic32.a(vector11.o)
[...]
Memory Configuration

Name             Origin             Length             Attributes
kseg0_program_mem 0x9d000000         0x00080000         xr
kseg0_boot_mem   0x9fc00490         0x00000970
exception_mem    0x9fc01000         0x00001000
kseg1_boot_mem   0xbfc00000         0x00000490
debug_exec_mem   0xbfc02000         0x00000ff0
config3          0xbfc02ff0         0x00000004
config2          0xbfc02ff4         0x00000004
config1          0xbfc02ff8         0x00000004
config0          0xbfc02ffc         0x00000004
kseg1_data_mem   0xa0000000         0x00020000         w !x
sfrs             0xbf800000         0x00100000
configsfrs       0xbfc02ff0         0x00000010
*default*        0x00000000         0xffffffff

Linker script and memory map

LOAD c:/program files (x86)/microchip/xc32/v1.42/bin/bin/../../lib/gcc/pic32mx/4.8.3/../../../../pic32mx/lib/./proc/32MX795F512L/crt0_mips32r2.o
LOAD c:/program files (x86)/microchip/xc32/v1.42/bin/bin/../../lib/gcc/pic32mx/4.8.3/../../../../pic32mx/lib\debug-exception-return.o
LOAD build/default/production/_ext/1360937237/control.o
LOAD build/default/production/_ext/1360937237/motor.o
LOAD build/default/production/_ext/1360937237/main.o
LOAD build/default/production/_ext/1360937237/debug.o
LOAD build/default/production/_ext/24337685/osal_freertos.o
LOAD build/default/production/_ext/1271179505/sys_devcon.o
LOAD build/default/production/_ext/1271179505/sys_devcon_pic32mx.o
LOAD build/default/production/_ext/122796885/sys_int_pic32.o
LOAD build/default/production/_ext/1128951024/croutine.o
LOAD build/default/production/_ext/1128951024/list.o
LOAD build/default/production/_ext/1128951024/queue.o
LOAD build/default/production/_ext/1128951024/tasks.o
LOAD build/default/production/_ext/1128951024/timers.o
LOAD build/default/production/_ext/1128951024/event_groups.o
LOAD build/default/production/_ext/1856876499/heap_1.o
LOAD build/default/production/_ext/12131622/port.o
LOAD build/default/production/_ext/12131622/port_asm.o
LOAD build/default/production/_ext/1360937237/tx_thread.o
LOAD build/default/production/_ext/1360937237/rx_thread.o
LOAD build/default/production/_ext/1407244131/drv_tmr_static.o
LOAD build/default/production/_ext/1407244131/drv_tmr_mapping.o
LOAD build/default/production/_ext/327000265/drv_usart_mapping.o
LOAD build/default/production/_ext/327000265/drv_usart_static.o
LOAD build/default/production/_ext/327000265/drv_usart_static_byte_model.o
LOAD build/default/production/_ext/639803181/sys_clk_static.o
LOAD build/default/production/_ext/822048611/sys_ports_static.o
LOAD build/default/production/_ext/1688732426/system_init.o
LOAD build/default/production/_ext/1688732426/system_interrupt.o
LOAD build/default/production/_ext/1688732426/system_exceptions.o
LOAD build/default/production/_ext/1688732426/system_tasks.o
LOAD build/default/production/_ext/1688732426/system_interrupt_a.o
LOAD build/default/production/_ext/1688732426/rtos_hooks.o
LOAD ..\..\..\..\bin\framework\peripheral\PIC32MX795F512L_peripherals.a
                0x00000001                __MPLAB_BUILD = 0x1
                0x00000000                _min_heap_size = 0x0
LOAD c:/program files (x86)/microchip/xc32/v1.42/bin/bin/../../lib/gcc/pic32mx/4.8.3/../../../../pic32mx/lib/./proc/32MX795F512L\default_isr_vectors.o
LOAD c:/program files (x86)/microchip/xc32/v1.42/bin/bin/../../lib/gcc/pic32mx/4.8.3/../../../../pic32mx/lib\pic32_software_reset.o
                0x00000400                PROVIDE (_min_stack_size, 0x400)
LOAD c:/program files (x86)/microchip/xc32/v1.42/bin/bin/../../lib/gcc/pic32mx/4.8.3/../../../../pic32mx/lib/./proc/32MX795F512L\processor.o
START GROUP
LOAD libmchp_peripheral.a
END GROUP
START GROUP
LOAD libmchp_peripheral_32MX795F512L.a
END GROUP
                0x00000001                PROVIDE (_vector_spacing, 0x1)
                0x9fc01000                PROVIDE (_ebase_address, 0x9fc01000)
                0xbfc00000                _RESET_ADDR = 0xbfc00000
                0xbfc00380                _BEV_EXCPT_ADDR = 0xbfc00380
                0xbfc00480                _DBG_EXCPT_ADDR = 0xbfc00480
                0xbfc02000                _DBG_CODE_ADDR = 0xbfc02000
                0x00000ff0                _DBG_CODE_SIZE = 0xff0
                0x9fc01180                _GEN_EXCPT_ADDR = (_ebase_address + 0x180)

.config_BFC02FF0
                0xbfc02ff0        0x4
 *(.config_BFC02FF0)
 .config_BFC02FF0
                0xbfc02ff0        0x4 build/default/production/_ext/1688732426/system_init.o

.config_BFC02FF4
                0xbfc02ff4        0x4
 *(.config_BFC02FF4)
 .config_BFC02FF4
                0xbfc02ff4        0x4 build/default/production/_ext/1688732426/system_init.o

.config_BFC02FF8
                0xbfc02ff8        0x4
 *(.config_BFC02FF8)
 .config_BFC02FF8
                0xbfc02ff8        0x4 build/default/production/_ext/1688732426/system_init.o

.config_BFC02FFC
                0xbfc02ffc        0x4
 *(.config_BFC02FFC)
 .config_BFC02FFC
                0xbfc02ffc        0x4 build/default/production/_ext/1688732426/system_init.o
                0xbfc02000                PROVIDE (_DBG_CODE_ADDR, 0xbfc02000)
                0x00000ff0                PROVIDE (_DBG_CODE_SIZE, 0xff0)

.reset          0xbfc00000      0x208
 *(.reset)
 .reset         0xbfc00000        0x8 c:/program files (x86)/microchip/xc32/v1.42/bin/bin/../../lib/gcc/pic32mx/4.8.3/../../../../pic32mx/lib/./proc/32MX795F512L/crt0_mips32r2.o
                0xbfc00000                _reset
 *(.reset.startup)
 .reset.startup
                0xbfc00008      0x200 c:/program files (x86)/microchip/xc32/v1.42/bin/bin/../../lib/gcc/pic32mx/4.8.3/../../../../pic32mx/lib/./proc/32MX795F512L/crt0_mips32r2.o

.bev_excpt      0xbfc00380       0x10
 *(.bev_handler)
 .bev_handler   0xbfc00380       0x10 c:/program files (x86)/microchip/xc32/v1.42/bin/bin/../../lib/gcc/pic32mx/4.8.3/../../../../pic32mx/lib/./proc/32MX795F512L/crt0_mips32r2.o

.dbg_excpt      0xbfc00480        0x0
                0xbfc00480                . = (. + DEFINED (_DEBUGGER)?0x8:0x0)

.dbg_code       0xbfc02000        0x0
                0xbfc02000                . = (. + DEFINED (_DEBUGGER)?_DBG_CODE_SIZE:0x0)

.app_excpt      0x9fc01180       0x10
 *(.gen_handler)
 .gen_handler   0x9fc01180       0x10 c:/program files (x86)/microchip/xc32/v1.42/bin/bin/../../lib/gcc/pic32mx/4.8.3/../../../../pic32mx/lib/./proc/32MX795F512L/crt0_mips32r2.o

.vector_0       0x9fc01200        0x8
 *(.vector_0)
 .vector_0      0x9fc01200        0x8 c:/program files (x86)/microchip/xc32/v1.42/bin/bin/../../lib/gcc/pic32mx/4.8.3/../../../../pic32mx/lib\libpic32.a(vector0.o)
                0x9fc01200                __vector_dispatch_0
                0x00000001                ASSERT (((_vector_spacing == 0x0) || (SIZEOF (.vector_0) <= (_vector_spacing << 0x5))), function at exception vector 0 too large)

.vector_1       0x9fc01220        0x8
 *(.vector_1)
 .vector_1      0x9fc01220        0x8 build/default/production/_ext/12131622/port.o
                0x9fc01220                __vector_dispatch_1
                0x00000001                ASSERT (((_vector_spacing == 0x0) || (SIZEOF (.vector_1) <= (_vector_spacing << 0x5))), function at exception vector 1 too large)

.vector_2       0x9fc01240        0x8
 *(.vector_2)
 .vector_2      0x9fc01240        0x8 c:/program files (x86)/microchip/xc32/v1.42/bin/bin/../../lib/gcc/pic32mx/4.8.3/../../../../pic32mx/lib\libpic32.a(vector2.o)
                0x9fc01240                __vector_dispatch_2
                0x00000001                ASSERT (((_vector_spacing == 0x0) || (SIZEOF (.vector_2) <= (_vector_spacing << 0x5))), function at exception vector 2 too large)

.vector_3       0x9fc01260        0x8
 *(.vector_3)
 .vector_3      0x9fc01260        0x8 c:/program files (x86)/microchip/xc32/v1.42/bin/bin/../../lib/gcc/pic32mx/4.8.3/../../../../pic32mx/lib\libpic32.a(vector3.o)
                0x9fc01260                __vector_dispatch_3
                0x00000001                ASSERT (((_vector_spacing == 0x0) || (SIZEOF (.vector_3) <= (_vector_spacing << 0x5))), function at exception vector 3 too large)

.vector_4       0x9fc01280        0x8
 *(.vector_4)
 .vector_4      0x9fc01280        0x8 build/default/production/_ext/12131622/port.o
                0x9fc01280                __vector_dispatch_4
                0x00000001                ASSERT (((_vector_spacing == 0x0) || (SIZEOF (.vector_4) <= (_vector_spacing << 0x5))), function at exception vector 4 too large)

.vector_5       0x9fc012a0        0x8
 *(.vector_5)
 .vector_5      0x9fc012a0        0x8 c:/program files (x86)/microchip/xc32/v1.42/bin/bin/../../lib/gcc/pic32mx/4.8.3/../../../../pic32mx/lib\libpic32.a(vector5.o)
                0x9fc012a0                __vector_dispatch_5
                0x00000001                ASSERT (((_vector_spacing == 0x0) || (SIZEOF (.vector_5) <= (_vector_spacing << 0x5))), function at exception vector 5 too large)

.vector_6       0x9fc012c0        0x8
 *(.vector_6)
 .vector_6      0x9fc012c0        0x8 c:/program files (x86)/microchip/xc32/v1.42/bin/bin/../../lib/gcc/pic32mx/4.8.3/../../../../pic32mx/lib\libpic32.a(vector6.o)
                0x9fc012c0                __vector_dispatch_6
                0x00000001                ASSERT (((_vector_spacing == 0x0) || (SIZEOF (.vector_6) <= (_vector_spacing << 0x5))), function at exception vector 6 too large)

.vector_7       0x9fc012e0        0x8
 *(.vector_7)
 .vector_7      0x9fc012e0        0x8 c:/program files (x86)/microchip/xc32/v1.42/bin/bin/../../lib/gcc/pic32mx/4.8.3/../../../../pic32mx/lib\libpic32.a(vector7.o)
                0x9fc012e0                __vector_dispatch_7
                0x00000001                ASSERT (((_vector_spacing == 0x0) || (SIZEOF (.vector_7) <= (_vector_spacing << 0x5))), function at exception vector 7 too large)

.vector_8       0x9fc01300       0x10
 *(.vector_8)
 .vector_8      0x9fc01300       0x10 build/default/production/_ext/1688732426/system_interrupt_a.o
                0x9fc01300                __vector_dispatch_8
                0x00000001                ASSERT (((_vector_spacing == 0x0) || (SIZEOF (.vector_8) <= (_vector_spacing << 0x5))), function at exception vector 8 too large)

.vector_9       0x9fc01320        0x8
 *(.vector_9)
 .vector_9      0x9fc01320        0x8 c:/program files (x86)/microchip/xc32/v1.42/bin/bin/../../lib/gcc/pic32mx/4.8.3/../../../../pic32mx/lib\libpic32.a(vector9.o)
                0x9fc01320                __vector_dispatch_9
                0x00000001                ASSERT (((_vector_spacing == 0x0) || (SIZEOF (.vector_9) <= (_vector_spacing << 0x5))), function at exception vector 9 too large)

.vector_10      0x9fc01340        0x8
 *(.vector_10)
 .vector_10     0x9fc01340        0x8 c:/program files (x86)/microchip/xc32/v1.42/bin/bin/../../lib/gcc/pic32mx/4.8.3/../../../../pic32mx/lib\libpic32.a(vector10.o)
                0x9fc01340                __vector_dispatch_10
                0x00000001                ASSERT (((_vector_spacing == 0x0) || (SIZEOF (.vector_10) <= (_vector_spacing << 0x5))), function at exception vector 10 too large)

.vector_11      0x9fc01360        0x8
 *(.vector_11)
 .vector_11     0x9fc01360        0x8 c:/program files (x86)/microchip/xc32/v1.42/bin/bin/../../lib/gcc/pic32mx/4.8.3/../../../../pic32mx/lib\libpic32.a(vector11.o)
                0x9fc01360                __vector_dispatch_11
                0x00000001                ASSERT (((_vector_spacing == 0x0) || (SIZEOF (.vector_11) <= (_vector_spacing << 0x5))), function at exception vector 11 too large)

.vector_12      0x9fc01380        0x8
 *(.vector_12)
 .vector_12     0x9fc01380        0x8 c:/program files (x86)/microchip/xc32/v1.42/bin/bin/../../lib/gcc/pic32mx/4.8.3/../../../../pic32mx/lib\libpic32.a(vector12.o)
                0x9fc01380                __vector_dispatch_12
                0x00000001                ASSERT (((_vector_spacing == 0x0) || (SIZEOF (.vector_12) <= (_vector_spacing << 0x5))), function at exception vector 12 too large)

.vector_13      0x9fc013a0        0x8
 *(.vector_13)
 .vector_13     0x9fc013a0        0x8 c:/program files (x86)/microchip/xc32/v1.42/bin/bin/../../lib/gcc/pic32mx/4.8.3/../../../../pic32mx/lib\libpic32.a(vector13.o)
                0x9fc013a0                __vector_dispatch_13
                0x00000001                ASSERT (((_vector_spacing == 0x0) || (SIZEOF (.vector_13) <= (_vector_spacing << 0x5))), function at exception vector 13 too large)

.vector_14      0x9fc013c0        0x8
 *(.vector_14)
 .vector_14     0x9fc013c0        0x8 c:/program files (x86)/microchip/xc32/v1.42/bin/bin/../../lib/gcc/pic32mx/4.8.3/../../../../pic32mx/lib\libpic32.a(vector14.o)
                0x9fc013c0                __vector_dispatch_14
                0x00000001                ASSERT (((_vector_spacing == 0x0) || (SIZEOF (.vector_14) <= (_vector_spacing << 0x5))), function at exception vector 14 too large)

.vector_15      0x9fc013e0        0x8
 *(.vector_15)
 .vector_15     0x9fc013e0        0x8 c:/program files (x86)/microchip/xc32/v1.42/bin/bin/../../lib/gcc/pic32mx/4.8.3/../../../../pic32mx/lib\libpic32.a(vector15.o)
                0x9fc013e0                __vector_dispatch_15
                0x00000001                ASSERT (((_vector_spacing == 0x0) || (SIZEOF (.vector_15) <= (_vector_spacing << 0x5))), function at exception vector 15 too large)

.vector_16      0x9fc01400        0x8
 *(.vector_16)
 .vector_16     0x9fc01400        0x8 c:/program files (x86)/microchip/xc32/v1.42/bin/bin/../../lib/gcc/pic32mx/4.8.3/../../../../pic32mx/lib\libpic32.a(vector16.o)
                0x9fc01400                __vector_dispatch_16
                0x00000001                ASSERT (((_vector_spacing == 0x0) || (SIZEOF (.vector_16) <= (_vector_spacing << 0x5))), function at exception vector 16 too large)

.vector_17      0x9fc01420        0x8
 *(.vector_17)
 .vector_17     0x9fc01420        0x8 c:/program files (x86)/microchip/xc32/v1.42/bin/bin/../../lib/gcc/pic32mx/4.8.3/../../../../pic32mx/lib\libpic32.a(vector17.o)
                0x9fc01420                __vector_dispatch_17
                0x00000001                ASSERT (((_vector_spacing == 0x0) || (SIZEOF (.vector_17) <= (_vector_spacing << 0x5))), function at exception vector 17 too large)

.vector_18      0x9fc01440        0x8
 *(.vector_18)
 .vector_18     0x9fc01440        0x8 c:/program files (x86)/microchip/xc32/v1.42/bin/bin/../../lib/gcc/pic32mx/4.8.3/../../../../pic32mx/lib\libpic32.a(vector18.o)
                0x9fc01440                __vector_dispatch_18
                0x00000001                ASSERT (((_vector_spacing == 0x0) || (SIZEOF (.vector_18) <= (_vector_spacing << 0x5))), function at exception vector 18 too large)

.vector_19      0x9fc01460        0x8
 *(.vector_19)
 .vector_19     0x9fc01460        0x8 c:/program files (x86)/microchip/xc32/v1.42/bin/bin/../../lib/gcc/pic32mx/4.8.3/../../../../pic32mx/lib\libpic32.a(vector19.o)
                0x9fc01460                __vector_dispatch_19
                0x00000001                ASSERT (((_vector_spacing == 0x0) || (SIZEOF (.vector_19) <= (_vector_spacing << 0x5))), function at exception vector 19 too large)

.vector_20      0x9fc01480        0x8
 *(.vector_20)
 .vector_20     0x9fc01480        0x8 c:/program files (x86)/microchip/xc32/v1.42/bin/bin/../../lib/gcc/pic32mx/4.8.3/../../../../pic32mx/lib\libpic32.a(vector20.o)
                0x9fc01480                __vector_dispatch_20
                0x00000001                ASSERT (((_vector_spacing == 0x0) || (SIZEOF (.vector_20) <= (_vector_spacing << 0x5))), function at exception vector 20 too large)

.vector_21      0x9fc014a0        0x8
 *(.vector_21)
 .vector_21     0x9fc014a0        0x8 c:/program files (x86)/microchip/xc32/v1.42/bin/bin/../../lib/gcc/pic32mx/4.8.3/../../../../pic32mx/lib\libpic32.a(vector21.o)
                0x9fc014a0                __vector_dispatch_21
                0x00000001                ASSERT (((_vector_spacing == 0x0) || (SIZEOF (.vector_21) <= (_vector_spacing << 0x5))), function at exception vector 21 too large)

.vector_22      0x9fc014c0        0x8
 *(.vector_22)
 .vector_22     0x9fc014c0        0x8 c:/program files (x86)/microchip/xc32/v1.42/bin/bin/../../lib/gcc/pic32mx/4.8.3/../../../../pic32mx/lib\libpic32.a(vector22.o)
                0x9fc014c0                __vector_dispatch_22
                0x00000001                ASSERT (((_vector_spacing == 0x0) || (SIZEOF (.vector_22) <= (_vector_spacing << 0x5))), function at exception vector 22 too large)

.vector_23      0x9fc014e0        0x8
 *(.vector_23)
 .vector_23     0x9fc014e0        0x8 c:/program files (x86)/microchip/xc32/v1.42/bin/bin/../../lib/gcc/pic32mx/4.8.3/../../../../pic32mx/lib\libpic32.a(vector23.o)
                0x9fc014e0                __vector_dispatch_23
                0x00000001                ASSERT (((_vector_spacing == 0x0) || (SIZEOF (.vector_23) <= (_vector_spacing << 0x5))), function at exception vector 23 too large)

.vector_24      0x9fc01500       0x10
 *(.vector_24)
 .vector_24     0x9fc01500       0x10 build/default/production/_ext/1688732426/system_interrupt_a.o
                0x9fc01500                __vector_dispatch_24
                0x00000001                ASSERT (((_vector_spacing == 0x0) || (SIZEOF (.vector_24) <= (_vector_spacing << 0x5))), function at exception vector 24 too large)

.vector_25      0x9fc01520        0x8
 *(.vector_25)
 .vector_25     0x9fc01520        0x8 c:/program files (x86)/microchip/xc32/v1.42/bin/bin/../../lib/gcc/pic32mx/4.8.3/../../../../pic32mx/lib\libpic32.a(vector25.o)
                0x9fc01520                __vector_dispatch_25
                0x00000001                ASSERT (((_vector_spacing == 0x0) || (SIZEOF (.vector_25) <= (_vector_spacing << 0x5))), function at exception vector 25 too large)

.vector_26      0x9fc01540        0x8
 *(.vector_26)
 .vector_26     0x9fc01540        0x8 c:/program files (x86)/microchip/xc32/v1.42/bin/bin/../../lib/gcc/pic32mx/4.8.3/../../../../pic32mx/lib\libpic32.a(vector26.o)
                0x9fc01540                __vector_dispatch_26
                0x00000001                ASSERT (((_vector_spacing == 0x0) || (SIZEOF (.vector_26) <= (_vector_spacing << 0x5))), function at exception vector 26 too large)

.vector_27      0x9fc01560        0x8
 *(.vector_27)
 .vector_27     0x9fc01560        0x8 c:/program files (x86)/microchip/xc32/v1.42/bin/bin/../../lib/gcc/pic32mx/4.8.3/../../../../pic32mx/lib\libpic32.a(vector27.o)
                0x9fc01560                __vector_dispatch_27
                0x00000001                ASSERT (((_vector_spacing == 0x0) || (SIZEOF (.vector_27) <= (_vector_spacing << 0x5))), function at exception vector 27 too large)

.vector_28      0x9fc01580        0x8
 *(.vector_28)
 .vector_28     0x9fc01580        0x8 c:/program files (x86)/microchip/xc32/v1.42/bin/bin/../../lib/gcc/pic32mx/4.8.3/../../../../pic32mx/lib\libpic32.a(vector28.o)
                0x9fc01580                __vector_dispatch_28
                0x00000001                ASSERT (((_vector_spacing == 0x0) || (SIZEOF (.vector_28) <= (_vector_spacing << 0x5))), function at exception vector 28 too large)

.vector_29      0x9fc015a0        0x8
 *(.vector_29)
 .vector_29     0x9fc015a0        0x8 c:/program files (x86)/microchip/xc32/v1.42/bin/bin/../../lib/gcc/pic32mx/4.8.3/../../../../pic32mx/lib\libpic32.a(vector29.o)
                0x9fc015a0                __vector_dispatch_29
                0x00000001                ASSERT (((_vector_spacing == 0x0) || (SIZEOF (.vector_29) <= (_vector_spacing << 0x5))), function at exception vector 29 too large)

.vector_30      0x9fc015c0        0x8
 *(.vector_30)
 .vector_30     0x9fc015c0        0x8 c:/program files (x86)/microchip/xc32/v1.42/bin/bin/../../lib/gcc/pic32mx/4.8.3/../../../../pic32mx/lib\libpic32.a(vector30.o)
                0x9fc015c0                __vector_dispatch_30
                0x00000001                ASSERT (((_vector_spacing == 0x0) || (SIZEOF (.vector_30) <= (_vector_spacing << 0x5))), function at exception vector 30 too large)

.vector_31      0x9fc015e0        0x8
 *(.vector_31)
 .vector_31     0x9fc015e0        0x8 c:/program files (x86)/microchip/xc32/v1.42/bin/bin/../../lib/gcc/pic32mx/4.8.3/../../../../pic32mx/lib\libpic32.a(vector31.o)
                0x9fc015e0                __vector_dispatch_31
                0x00000001                ASSERT (((_vector_spacing == 0x0) || (SIZEOF (.vector_31) <= (_vector_spacing << 0x5))), function at exception vector 31 too large)

.vector_32      0x9fc01600        0x8
 *(.vector_32)
 .vector_32     0x9fc01600        0x8 c:/program files (x86)/microchip/xc32/v1.42/bin/bin/../../lib/gcc/pic32mx/4.8.3/../../../../pic32mx/lib\libpic32.a(vector32.o)
                0x9fc01600                __vector_dispatch_32
                0x00000001                ASSERT (((_vector_spacing == 0x0) || (SIZEOF (.vector_32) <= (_vector_spacing << 0x5))), function at exception vector 32 too large)

.vector_33      0x9fc01620        0x8
 *(.vector_33)
 .vector_33     0x9fc01620        0x8 c:/program files (x86)/microchip/xc32/v1.42/bin/bin/../../lib/gcc/pic32mx/4.8.3/../../../../pic32mx/lib\libpic32.a(vector33.o)
                0x9fc01620                __vector_dispatch_33
                0x00000001                ASSERT (((_vector_spacing == 0x0) || (SIZEOF (.vector_33) <= (_vector_spacing << 0x5))), function at exception vector 33 too large)

.vector_34      0x9fc01640        0x8
 *(.vector_34)
 .vector_34     0x9fc01640        0x8 c:/program files (x86)/microchip/xc32/v1.42/bin/bin/../../lib/gcc/pic32mx/4.8.3/../../../../pic32mx/lib\libpic32.a(vector34.o)
                0x9fc01640                __vector_dispatch_34
                0x00000001                ASSERT (((_vector_spacing == 0x0) || (SIZEOF (.vector_34) <= (_vector_spacing << 0x5))), function at exception vector 34 too large)

.vector_35      0x9fc01660        0x8
 *(.vector_35)
 .vector_35     0x9fc01660        0x8 c:/program files (x86)/microchip/xc32/v1.42/bin/bin/../../lib/gcc/pic32mx/4.8.3/../../../../pic32mx/lib\libpic32.a(vector35.o)
                0x9fc01660                __vector_dispatch_35
                0x00000001                ASSERT (((_vector_spacing == 0x0) || (SIZEOF (.vector_35) <= (_vector_spacing << 0x5))), function at exception vector 35 too large)

.vector_36      0x9fc01680        0x8
 *(.vector_36)
 .vector_36     0x9fc01680        0x8 c:/program files (x86)/microchip/xc32/v1.42/bin/bin/../../lib/gcc/pic32mx/4.8.3/../../../../pic32mx/lib\libpic32.a(vector36.o)
                0x9fc01680                __vector_dispatch_36
                0x00000001                ASSERT (((_vector_spacing == 0x0) || (SIZEOF (.vector_36) <= (_vector_spacing << 0x5))), function at exception vector 36 too large)

.vector_37      0x9fc016a0        0x8
 *(.vector_37)
 .vector_37     0x9fc016a0        0x8 c:/program files (x86)/microchip/xc32/v1.42/bin/bin/../../lib/gcc/pic32mx/4.8.3/../../../../pic32mx/lib\libpic32.a(vector37.o)
                0x9fc016a0                __vector_dispatch_37
                0x00000001                ASSERT (((_vector_spacing == 0x0) || (SIZEOF (.vector_37) <= (_vector_spacing << 0x5))), function at exception vector 37 too large)

.vector_38      0x9fc016c0        0x8
 *(.vector_38)
 .vector_38     0x9fc016c0        0x8 c:/program files (x86)/microchip/xc32/v1.42/bin/bin/../../lib/gcc/pic32mx/4.8.3/../../../../pic32mx/lib\libpic32.a(vector38.o)
                0x9fc016c0                __vector_dispatch_38
                0x00000001                ASSERT (((_vector_spacing == 0x0) || (SIZEOF (.vector_38) <= (_vector_spacing << 0x5))), function at exception vector 38 too large)

.vector_39      0x9fc016e0        0x8
 *(.vector_39)
 .vector_39     0x9fc016e0        0x8 c:/program files (x86)/microchip/xc32/v1.42/bin/bin/../../lib/gcc/pic32mx/4.8.3/../../../../pic32mx/lib\libpic32.a(vector39.o)
                0x9fc016e0                __vector_dispatch_39
                0x00000001                ASSERT (((_vector_spacing == 0x0) || (SIZEOF (.vector_39) <= (_vector_spacing << 0x5))), function at exception vector 39 too large)

.vector_40      0x9fc01700        0x8
 *(.vector_40)
 .vector_40     0x9fc01700        0x8 c:/program files (x86)/microchip/xc32/v1.42/bin/bin/../../lib/gcc/pic32mx/4.8.3/../../../../pic32mx/lib\libpic32.a(vector40.o)
                0x9fc01700                __vector_dispatch_40
                0x00000001                ASSERT (((_vector_spacing == 0x0) || (SIZEOF (.vector_40) <= (_vector_spacing << 0x5))), function at exception vector 40 too large)

.vector_41      0x9fc01720        0x8
 *(.vector_41)
 .vector_41     0x9fc01720        0x8 c:/program files (x86)/microchip/xc32/v1.42/bin/bin/../../lib/gcc/pic32mx/4.8.3/../../../../pic32mx/lib\libpic32.a(vector41.o)
                0x9fc01720                __vector_dispatch_41
                0x00000001                ASSERT (((_vector_spacing == 0x0) || (SIZEOF (.vector_41) <= (_vector_spacing << 0x5))), function at exception vector 41 too large)

.vector_42      0x9fc01740        0x8
 *(.vector_42)
 .vector_42     0x9fc01740        0x8 c:/program files (x86)/microchip/xc32/v1.42/bin/bin/../../lib/gcc/pic32mx/4.8.3/../../../../pic32mx/lib\libpic32.a(vector42.o)
                0x9fc01740                __vector_dispatch_42
                0x00000001                ASSERT (((_vector_spacing == 0x0) || (SIZEOF (.vector_42) <= (_vector_spacing << 0x5))), function at exception vector 42 too large)

.vector_43      0x9fc01760        0x8
 *(.vector_43)
 .vector_43     0x9fc01760        0x8 c:/program files (x86)/microchip/xc32/v1.42/bin/bin/../../lib/gcc/pic32mx/4.8.3/../../../../pic32mx/lib\libpic32.a(vector43.o)
                0x9fc01760                __vector_dispatch_43
                0x00000001                ASSERT (((_vector_spacing == 0x0) || (SIZEOF (.vector_43) <= (_vector_spacing << 0x5))), function at exception vector 43 too large)

.vector_44      0x9fc01780        0x8
 *(.vector_44)
 .vector_44     0x9fc01780        0x8 c:/program files (x86)/microchip/xc32/v1.42/bin/bin/../../lib/gcc/pic32mx/4.8.3/../../../../pic32mx/lib\libpic32.a(vector44.o)
                0x9fc01780                __vector_dispatch_44
                0x00000001                ASSERT (((_vector_spacing == 0x0) || (SIZEOF (.vector_44) <= (_vector_spacing << 0x5))), function at exception vector 44 too large)

.vector_45      0x9fc017a0        0x8
 *(.vector_45)
 .vector_45     0x9fc017a0        0x8 c:/program files (x86)/microchip/xc32/v1.42/bin/bin/../../lib/gcc/pic32mx/4.8.3/../../../../pic32mx/lib\libpic32.a(vector45.o)
                0x9fc017a0                __vector_dispatch_45
                0x00000001                ASSERT (((_vector_spacing == 0x0) || (SIZEOF (.vector_45) <= (_vector_spacing << 0x5))), function at exception vector 45 too large)

.vector_46      0x9fc017c0        0x8
 *(.vector_46)
 .vector_46     0x9fc017c0        0x8 c:/program files (x86)/microchip/xc32/v1.42/bin/bin/../../lib/gcc/pic32mx/4.8.3/../../../../pic32mx/lib\libpic32.a(vector46.o)
                0x9fc017c0                __vector_dispatch_46
                0x00000001                ASSERT (((_vector_spacing == 0x0) || (SIZEOF (.vector_46) <= (_vector_spacing << 0x5))), function at exception vector 46 too large)

.vector_47      0x9fc017e0        0x8
 *(.vector_47)
 .vector_47     0x9fc017e0        0x8 c:/program files (x86)/microchip/xc32/v1.42/bin/bin/../../lib/gcc/pic32mx/4.8.3/../../../../pic32mx/lib\libpic32.a(vector47.o)
                0x9fc017e0                __vector_dispatch_47
                0x00000001                ASSERT (((_vector_spacing == 0x0) || (SIZEOF (.vector_47) <= (_vector_spacing << 0x5))), function at exception vector 47 too large)

.vector_48      0x9fc01800        0x8
 *(.vector_48)
 .vector_48     0x9fc01800        0x8 c:/program files (x86)/microchip/xc32/v1.42/bin/bin/../../lib/gcc/pic32mx/4.8.3/../../../../pic32mx/lib\libpic32.a(vector48.o)
                0x9fc01800                __vector_dispatch_48
                0x00000001                ASSERT (((_vector_spacing == 0x0) || (SIZEOF (.vector_48) <= (_vector_spacing << 0x5))), function at exception vector 48 too large)

.vector_49      0x9fc01820        0x8
 *(.vector_49)
 .vector_49     0x9fc01820        0x8 c:/program files (x86)/microchip/xc32/v1.42/bin/bin/../../lib/gcc/pic32mx/4.8.3/../../../../pic32mx/lib\libpic32.a(vector49.o)
                0x9fc01820                __vector_dispatch_49
                0x00000001                ASSERT (((_vector_spacing == 0x0) || (SIZEOF (.vector_49) <= (_vector_spacing << 0x5))), function at exception vector 49 too large)

.vector_50      0x9fc01840        0x8
 *(.vector_50)
 .vector_50     0x9fc01840        0x8 c:/program files (x86)/microchip/xc32/v1.42/bin/bin/../../lib/gcc/pic32mx/4.8.3/../../../../pic32mx/lib\libpic32.a(vector50.o)
                0x9fc01840                __vector_dispatch_50
                0x00000001                ASSERT (((_vector_spacing == 0x0) || (SIZEOF (.vector_50) <= (_vector_spacing << 0x5))), function at exception vector 50 too large)

.vector_51      0x9fc01860        0x8
 *(.vector_51)
 .vector_51     0x9fc01860        0x8 c:/program files (x86)/microchip/xc32/v1.42/bin/bin/../../lib/gcc/pic32mx/4.8.3/../../../../pic32mx/lib\libpic32.a(vector51.o)
                0x9fc01860                __vector_dispatch_51
                0x00000001                ASSERT (((_vector_spacing == 0x0) || (SIZEOF (.vector_51) <= (_vector_spacing << 0x5))), function at exception vector 51 too large)

.vector_52      0x9fc01880        0x0
 *(.vector_52)
                0x00000001                ASSERT (((_vector_spacing == 0x0) || (SIZEOF (.vector_52) <= (_vector_spacing << 0x5))), function at exception vector 52 too large)

.vector_53      0x9fc018a0        0x0
 *(.vector_53)
                0x00000001                ASSERT (((_vector_spacing == 0x0) || (SIZEOF (.vector_53) <= (_vector_spacing << 0x5))), function at exception vector 53 too large)

.vector_54      0x9fc018c0        0x0
 *(.vector_54)
                0x00000001                ASSERT (((_vector_spacing == 0x0) || (SIZEOF (.vector_54) <= (_vector_spacing << 0x5))), function at exception vector 54 too large)

.vector_55      0x9fc018e0        0x0
 *(.vector_55)
                0x00000001                ASSERT (((_vector_spacing == 0x0) || (SIZEOF (.vector_55) <= (_vector_spacing << 0x5))), function at exception vector 55 too large)

.vector_56      0x9fc01900        0x0
 *(.vector_56)
                0x00000001                ASSERT (((_vector_spacing == 0x0) || (SIZEOF (.vector_56) <= (_vector_spacing << 0x5))), function at exception vector 56 too large)

.vector_57      0x9fc01920        0x0
 *(.vector_57)
                0x00000001                ASSERT (((_vector_spacing == 0x0) || (SIZEOF (.vector_57) <= (_vector_spacing << 0x5))), function at exception vector 57 too large)

.vector_58      0x9fc01940        0x0
 *(.vector_58)
                0x00000001                ASSERT (((_vector_spacing == 0x0) || (SIZEOF (.vector_58) <= (_vector_spacing << 0x5))), function at exception vector 58 too large)

.vector_59      0x9fc01960        0x0
 *(.vector_59)
                0x00000001                ASSERT (((_vector_spacing == 0x0) || (SIZEOF (.vector_59) <= (_vector_spacing << 0x5))), function at exception vector 59 too large)

.vector_60      0x9fc01980        0x0
 *(.vector_60)
                0x00000001                ASSERT (((_vector_spacing == 0x0) || (SIZEOF (.vector_60) <= (_vector_spacing << 0x5))), function at exception vector 60 too large)

.vector_61      0x9fc019a0        0x0
 *(.vector_61)
                0x00000001                ASSERT (((_vector_spacing == 0x0) || (SIZEOF (.vector_61) <= (_vector_spacing << 0x5))), function at exception vector 61 too large)

.vector_62      0x9fc019c0        0x0
 *(.vector_62)
                0x00000001                ASSERT (((_vector_spacing == 0x0) || (SIZEOF (.vector_62) <= (_vector_spacing << 0x5))), function at exception vector 62 too large)

.vector_63      0x9fc019e0        0x0
 *(.vector_63)
                0x00000001                ASSERT (((_vector_spacing == 0x0) || (SIZEOF (.vector_63) <= (_vector_spacing << 0x5))), function at exception vector 63 too large)

.startup
 *(.startup)

.text           0x9d000000        0x0
 *(.stub .gnu.linkonce.t.*)
 *(.text.*personality*)
 *(.mips16.fn.*)
 *(.mips16.call.*)
 *(.gnu.warning)
                0x9d000000                . = ALIGN (0x4)

.init           0x9d000000        0x0
 *crti.o(.init)
 *crtbegin.o(.init)
 *(EXCLUDE_FILE(*crtn.o *crtend?.o *crtend.o) .init)
 *crtend.o(.init)
 *crtn.o(.init)
                0x9d000000                . = ALIGN (0x4)

.fini           0x9d000000        0x0
 *(.fini)
                0x9d000000                . = ALIGN (0x4)

.preinit_array  0x9d000000        0x0
                0x9d000000                PROVIDE (__preinit_array_start, .)
 *(.preinit_array)
                0x9d000000                PROVIDE (__preinit_array_end, .)
                0x9d000000                . = ALIGN (0x4)

.init_array     0x9d000000        0x0
                0x9d000000                PROVIDE (__init_array_start, .)
 *(SORT(.init_array.*))
 *(.init_array)
                0x9d000000                PROVIDE (__init_array_end, .)
                0x9d000000                . = ALIGN (0x4)

.fini_array     0x9d000000        0x0
                0x9d000000                PROVIDE (__fini_array_start, .)
 *(SORT(.fini_array.*))
 *(.fini_array)
                0x9d000000                PROVIDE (__fini_array_end, .)
                0x9d000000                . = ALIGN (0x4)

.ctors          0x9d000000        0x0
 *crtbegin.o(.ctors)
 *crtbegin?.o(.ctors)
 *(EXCLUDE_FILE(*crtend?.o *crtend.o) .ctors)
 *(SORT(.ctors.*))
 *(.ctors)
                0x9d000000                . = ALIGN (0x4)

.dtors          0x9d000000        0x0
 *crtbegin.o(.dtors)
 *crtbegin?.o(.dtors)
 *(EXCLUDE_FILE(*crtend?.o *crtend.o) .dtors)
 *(SORT(.dtors.*))
 *(.dtors)
                0x9d000000                . = ALIGN (0x4)

.rodata         0x9d000000        0x0
 *(.gnu.linkonce.r.*)
 *(.rodata1)
                0x9d000000                . = ALIGN (0x4)

.sdata2         0x9fc00490        0x0
 *(.sdata2 .sdata2.* .gnu.linkonce.s2.*)
                0x9fc00490                . = ALIGN (0x4)

.sbss2          0x9fc00490        0x0
 *(.sbss2 .sbss2.* .gnu.linkonce.sb2.*)
                0x9fc00490                . = ALIGN (0x4)

.eh_frame_hdr
 *(.eh_frame_hdr)
                0x9fc00490                . = ALIGN (0x4)

.eh_frame
 *(.eh_frame)
                0x9fc00490                . = ALIGN (0x4)

.gcc_except_table
 *(.gcc_except_table .gcc_except_table.*)
                0x9fc00490                . = ALIGN (0x4)

.dbg_data       0xa0000000        0x0
                0xa0000000                . = (. + DEFINED (_DEBUGGER)?0x200:0x0)

.jcr            0xa0000000        0x0
 *(.jcr)
                0xa0000000                . = ALIGN (0x4)

.eh_frame
 *(.eh_frame)
                0xa0000000                . = ALIGN (0x4)

.gcc_except_table
 *(.gcc_except_table .gcc_except_table.*)
                0xa0000000                . = ALIGN (0x4)

.persist        0xa0000000        0x0
                0xa0000000                _persist_begin = .
 *(.persist .persist.*)
 *(.pbss .pbss.*)
                0xa0000000                . = ALIGN (0x4)
                0xa0000000                _persist_end = .

.data           0xa0000000        0x0
 *(.gnu.linkonce.d.*)
 *(.data1)
                0xa0000000                . = ALIGN (0x4)
                0xa0000000                . = .
                0xa0007ff0                _gp = (ALIGN (0x10) + 0x7ff0)

.got            0xa0000000        0x0
 *(.got.plt)
 *(.got)
                0xa0000000                . = ALIGN (0x4)

.sdata          0xa0000000        0x4
                0xa0000000                _sdata_begin = .
 *(.sdata .sdata.* .gnu.linkonce.s.*)
 .sdata         0xa0000000        0x4 build/default/production/_ext/12131622/port.o
                0xa0000000                uxInterruptNesting
                0xa0000004                . = ALIGN (0x4)
                0xa0000004                _sdata_end = .

.lit8
 *(.lit8)

.lit4
 *(.lit4)
                0xa0000004                . = ALIGN (0x4)
                0xa0000004                _data_end = .
                0xa0000004                _bss_begin = .

.sbss           0xa0000004       0x74
                0xa0000004                _sbss_begin = .
 *(.dynsbss)
 *(.sbss .sbss.* .gnu.linkonce.sb.*)
 .sbss          0xa0000004       0x3c build/default/production/_ext/1128951024/tasks.o
                0xa000003c                pxCurrentTCB
 .sbss          0xa0000040        0x8 build/default/production/_ext/1856876499/heap_1.o
 .sbss          0xa0000048        0x4 build/default/production/_ext/12131622/port.o
                0xa0000048                uxSavedTaskStackPointer
 .sbss          0xa000004c        0x1 build/default/production/_ext/1407244131/drv_tmr_static.o
 *fill*         0xa000004d        0x3 
 .sbss          0xa0000050        0xc build/default/production/_ext/1688732426/system_exceptions.o
 *(.scommon)
 .scommon       0xa000005c        0x4 build/default/production/_ext/1360937237/control.o
                0xa000005c                controlData
 .scommon       0xa0000060        0x4 build/default/production/_ext/1360937237/motor.o
                0xa0000060                motorData
 .scommon       0xa0000064        0x8 build/default/production/_ext/1271179505/sys_devcon.o
                0xa0000064                sysDevconObj
 .scommon       0xa000006c        0x4 build/default/production/_ext/1360937237/tx_thread.o
                0xa000006c                tx_threadData
 .scommon       0xa0000070        0x4 build/default/production/_ext/1360937237/rx_thread.o
                0xa0000070                rx_threadData
 .scommon       0xa0000074        0x4 build/default/production/_ext/327000265/drv_usart_static.o
                0xa0000074                gDrvUSART0Obj
                0xa0000078                _sbss_end = .
                0xa0000078                . = ALIGN (0x4)

.bss            0xa0000078        0xc
 *(.dynbss)
 *(COMMON)
 COMMON         0xa0000078        0xc build/default/production/_ext/1688732426/system_init.o
                0xa0000078                sysObj
                0xa0000084                . = ALIGN ((. != 0x0)?0x4:0x1)
                0xa0000084                . = ALIGN (0x4)
                0xa0000084                _end = .
                0xa0000084                _bss_end = .
                0x00020000                _bmxdudba_address = 0x20000
                0x00020000                _bmxdupba_address = 0x20000

/DISCARD/
 *(.pdr)
 *(.rel.dyn)
 *(.note.GNU-stack)
 *(.note.GNU-stack)
 *(.gnu_debuglink)
 *(.gnu.lto_*)
 *(.discard)

.gptab.sdata
 *(.gptab.data)
 *(.gptab.sdata)

.gptab.sbss
 *(.gptab.bss)
 *(.gptab.sbss)

.mdebug.abi32   0xa0000084        0x0
 *(.mdebug.abi32)
 .mdebug.abi32  0xa0000084        0x0 build/default/production/_ext/1360937237/control.o
 .mdebug.abi32  0xa0000084        0x0 build/default/production/_ext/1360937237/motor.o
 .mdebug.abi32  0xa0000084        0x0 build/default/production/_ext/1360937237/main.o
 .mdebug.abi32  0xa0000084        0x0 build/default/production/_ext/1360937237/debug.o
 .mdebug.abi32  0xa0000084        0x0 build/default/production/_ext/24337685/osal_freertos.o
 .mdebug.abi32  0xa0000084        0x0 build/default/production/_ext/1271179505/sys_devcon.o
 .mdebug.abi32  0xa0000084        0x0 build/default/production/_ext/1271179505/sys_devcon_pic32mx.o
 .mdebug.abi32  0xa0000084        0x0 build/default/production/_ext/122796885/sys_int_pic32.o
 .mdebug.abi32  0xa0000084        0x0 build/default/production/_ext/1128951024/croutine.o
 .mdebug.abi32  0xa0000084        0x0 build/default/production/_ext/1128951024/list.o
 .mdebug.abi32  0xa0000084        0x0 build/default/production/_ext/1128951024/queue.o
 .mdebug.abi32  0xa0000084        0x0 build/default/production/_ext/1128951024/tasks.o
 .mdebug.abi32  0xa0000084        0x0 build/default/production/_ext/1128951024/timers.o
 .mdebug.abi32  0xa0000084        0x0 build/default/production/_ext/1128951024/event_groups.o
 .mdebug.abi32  0xa0000084        0x0 build/default/production/_ext/1856876499/heap_1.o
 .mdebug.abi32  0xa0000084        0x0 build/default/production/_ext/12131622/port.o
 .mdebug.abi32  0xa0000084        0x0 build/default/production/_ext/1360937237/tx_thread.o
 .mdebug.abi32  0xa0000084        0x0 build/default/production/_ext/1360937237/rx_thread.o
 .mdebug.abi32  0xa0000084        0x0 build/default/production/_ext/1407244131/drv_tmr_static.o
 .mdebug.abi32  0xa0000084        0x0 build/default/production/_ext/1407244131/drv_tmr_mapping.o
 .mdebug.abi32  0xa0000084        0x0 build/default/production/_ext/327000265/drv_usart_mapping.o
 .mdebug.abi32  0xa0000084        0x0 build/default/production/_ext/327000265/drv_usart_static.o
 .mdebug.abi32  0xa0000084        0x0 build/default/production/_ext/327000265/drv_usart_static_byte_model.o
 .mdebug.abi32  0xa0000084        0x0 build/default/production/_ext/639803181/sys_clk_static.o
 .mdebug.abi32  0xa0000084        0x0 build/default/production/_ext/822048611/sys_ports_static.o
 .mdebug.abi32  0xa0000084        0x0 build/default/production/_ext/1688732426/system_init.o
 .mdebug.abi32  0xa0000084        0x0 build/default/production/_ext/1688732426/system_interrupt.o
 .mdebug.abi32  0xa0000084        0x0 build/default/production/_ext/1688732426/system_exceptions.o
 .mdebug.abi32  0xa0000084        0x0 build/default/production/_ext/1688732426/system_tasks.o
 .mdebug.abi32  0xa0000084        0x0 build/default/production/_ext/1688732426/rtos_hooks.o
 .mdebug.abi32  0xa0000084        0x0 c:/program files (x86)/microchip/xc32/v1.42/bin/bin/../../lib/gcc/pic32mx/4.8.3/../../../../pic32mx/lib\libpic32.a(default-bootstrap-exception-handler.o)
 .mdebug.abi32  0xa0000084        0x0 c:/program files (x86)/microchip/xc32/v1.42/bin/bin/../../lib/gcc/pic32mx/4.8.3/../../../../pic32mx/lib\libpic32.a(default-on-reset.o)
 .mdebug.abi32  0xa0000084        0x0 c:/program files (x86)/microchip/xc32/v1.42/bin/bin/../../lib/gcc/pic32mx/4.8.3/../../../../pic32mx/lib\libpic32.a(default-on-bootstrap.o)
 .mdebug.abi32  0xa0000084        0x0 c:/program files (x86)/microchip/xc32/v1.42/bin/bin/../../lib/gcc/pic32mx/4.8.3/../../../../pic32mx/lib\libpic32.a(defaultinterrupt.o)

.mdebug.abiN32
 *(.mdebug.abiN32)

.mdebug.abi64
 *(.mdebug.abi64)

.mdebug.abiO64
 *(.mdebug.abiO64)

.mdebug.eabi32
 *(.mdebug.eabi32)

.mdebug.eabi64
 *(.mdebug.eabi64)

.gcc_compiled_long32
 *(.gcc_compiled_long32)

.gcc_compiled_long64
 *(.gcc_compiled_long64)

.stab
 *(.stab)

.stabstr
 *(.stabstr)

.stab.excl
 *(.stab.excl)

.stab.exclstr
 *(.stab.exclstr)

.stab.index
 *(.stab.index)

.stab.indexstr
 *(.stab.indexstr)

.comment        0x00000000       0x54
 *(.comment)
 .comment       0x00000000       0x3c build/default/production/_ext/1360937237/control.o
                                 0x3d (size before relaxing)
 .comment       0x00000000       0x3d build/default/production/_ext/1360937237/motor.o
 .comment       0x00000000       0x3d build/default/production/_ext/1360937237/main.o
 .comment       0x00000000       0x3d build/default/production/_ext/1360937237/debug.o
 .comment       0x00000000       0x3d build/default/production/_ext/24337685/osal_freertos.o
 .comment       0x00000000       0x3d build/default/production/_ext/1271179505/sys_devcon.o
 .comment       0x00000000       0x3d build/default/production/_ext/1271179505/sys_devcon_pic32mx.o
 .comment       0x00000000       0x3d build/default/production/_ext/122796885/sys_int_pic32.o
 .comment       0x00000000       0x3d build/default/production/_ext/1128951024/croutine.o
 .comment       0x00000000       0x3d build/default/production/_ext/1128951024/list.o
 .comment       0x00000000       0x3d build/default/production/_ext/1128951024/queue.o
 .comment       0x00000000       0x3d build/default/production/_ext/1128951024/tasks.o
 .comment       0x00000000       0x3d build/default/production/_ext/1128951024/timers.o
 .comment       0x00000000       0x3d build/default/production/_ext/1128951024/event_groups.o
 .comment       0x00000000       0x3d build/default/production/_ext/1856876499/heap_1.o
 .comment       0x00000000       0x3d build/default/production/_ext/12131622/port.o
 .comment       0x00000000       0x3d build/default/production/_ext/1360937237/tx_thread.o
 .comment       0x00000000       0x3d build/default/production/_ext/1360937237/rx_thread.o
 .comment       0x00000000       0x3d build/default/production/_ext/1407244131/drv_tmr_static.o
 .comment       0x00000000       0x3d build/default/production/_ext/1407244131/drv_tmr_mapping.o
 .comment       0x00000000       0x3d build/default/production/_ext/327000265/drv_usart_mapping.o
 .comment       0x00000000       0x3d build/default/production/_ext/327000265/drv_usart_static.o
 .comment       0x00000000       0x3d build/default/production/_ext/327000265/drv_usart_static_byte_model.o
 .comment       0x00000000       0x3d build/default/production/_ext/639803181/sys_clk_static.o
 .comment       0x00000000       0x3d build/default/production/_ext/822048611/sys_ports_static.o
 .comment       0x00000000       0x3d build/default/production/_ext/1688732426/system_init.o
 .comment       0x00000000       0x3d build/default/production/_ext/1688732426/system_interrupt.o
 .comment       0x00000000       0x3d build/default/production/_ext/1688732426/system_exceptions.o
 .comment       0x00000000       0x3d build/default/production/_ext/1688732426/system_tasks.o
 .comment       0x00000000       0x3d build/default/production/_ext/1688732426/rtos_hooks.o
 .comment       0x0000003c       0x18 c:/program files (x86)/microchip/xc32/v1.42/bin/bin/../../lib/gcc/pic32mx/4.8.3/../../../../pic32mx/lib\libpic32.a(memset.o)
                                 0x19 (size before relaxing)
 .comment       0x00000000       0x3d c:/program files (x86)/microchip/xc32/v1.42/bin/bin/../../lib/gcc/pic32mx/4.8.3/../../../../pic32mx/lib\libpic32.a(default-bootstrap-exception-handler.o)
 .comment       0x00000000       0x3d c:/program files (x86)/microchip/xc32/v1.42/bin/bin/../../lib/gcc/pic32mx/4.8.3/../../../../pic32mx/lib\libpic32.a(default-on-reset.o)
 .comment       0x00000000       0x3d c:/program files (x86)/microchip/xc32/v1.42/bin/bin/../../lib/gcc/pic32mx/4.8.3/../../../../pic32mx/lib\libpic32.a(default-on-bootstrap.o)
 .comment       0x00000000       0x3d c:/program files (x86)/microchip/xc32/v1.42/bin/bin/../../lib/gcc/pic32mx/4.8.3/../../../../pic32mx/lib\libpic32.a(defaultinterrupt.o)

.debug
 *(.debug)

.line
 *(.line)

.debug_srcinfo
 *(.debug_srcinfo)

.debug_sfnames
 *(.debug_sfnames)

.debug_aranges  0x00000000      0xba8
 *(.debug_aranges)
 .debug_aranges
                0x00000000       0x28 build/default/production/_ext/1360937237/control.o
 .debug_aranges
                0x00000028       0x28 build/default/production/_ext/1360937237/motor.o
 .debug_aranges
                0x00000050       0x20 build/default/production/_ext/1360937237/main.o
 .debug_aranges
                0x00000070       0x38 build/default/production/_ext/1360937237/debug.o
 .debug_aranges
                0x000000a8       0x88 build/default/production/_ext/24337685/osal_freertos.o
 .debug_aranges
                0x00000130       0x78 build/default/production/_ext/1271179505/sys_devcon.o
 .debug_aranges
                0x000001a8       0x20 build/default/production/_ext/1271179505/sys_devcon_pic32mx.o
 .debug_aranges
                0x000001c8       0x48 build/default/production/_ext/122796885/sys_int_pic32.o
 .debug_aranges
                0x00000210       0x18 build/default/production/_ext/1128951024/croutine.o
 .debug_aranges
                0x00000228       0x40 build/default/production/_ext/1128951024/list.o
 .debug_aranges
                0x00000268       0xb0 build/default/production/_ext/1128951024/queue.o
 .debug_aranges
                0x00000318      0x178 build/default/production/_ext/1128951024/tasks.o
 .debug_aranges
                0x00000490       0x18 build/default/production/_ext/1128951024/timers.o
 .debug_aranges
                0x000004a8       0x60 build/default/production/_ext/1128951024/event_groups.o
 .debug_aranges
                0x00000508       0x38 build/default/production/_ext/1856876499/heap_1.o
 .debug_aranges
                0x00000540       0x58 build/default/production/_ext/12131622/port.o
 .debug_aranges
                0x00000598       0x20 build/default/production/_ext/12131622/port_asm.o
 .debug_aranges
                0x000005b8       0x28 build/default/production/_ext/1360937237/tx_thread.o
 .debug_aranges
                0x000005e0       0x28 build/default/production/_ext/1360937237/rx_thread.o
 .debug_aranges
                0x00000608       0x88 build/default/production/_ext/1407244131/drv_tmr_static.o
 .debug_aranges
                0x00000690       0xc8 build/default/production/_ext/1407244131/drv_tmr_mapping.o
 .debug_aranges
                0x00000758       0xa8 build/default/production/_ext/327000265/drv_usart_mapping.o
 .debug_aranges
                0x00000800       0x78 build/default/production/_ext/327000265/drv_usart_static.o
 .debug_aranges
                0x00000878       0x48 build/default/production/_ext/327000265/drv_usart_static_byte_model.o
 .debug_aranges
                0x000008c0       0x50 build/default/production/_ext/639803181/sys_clk_static.o
 .debug_aranges
                0x00000910      0x108 build/default/production/_ext/822048611/sys_ports_static.o
 .debug_aranges
                0x00000a18       0x20 build/default/production/_ext/1688732426/system_init.o
 .debug_aranges
                0x00000a38       0x28 build/default/production/_ext/1688732426/system_interrupt.o
 .debug_aranges
                0x00000a60       0x20 build/default/production/_ext/1688732426/system_exceptions.o
 .debug_aranges
                0x00000a80       0x48 build/default/production/_ext/1688732426/system_tasks.o
 .debug_aranges
                0x00000ac8       0x38 build/default/production/_ext/1688732426/system_interrupt_a.o
 .debug_aranges
                0x00000b00       0x28 build/default/production/_ext/1688732426/rtos_hooks.o
 .debug_aranges
                0x00000b28       0x20 c:/program files (x86)/microchip/xc32/v1.42/bin/bin/../../lib/gcc/pic32mx/4.8.3/../../../../pic32mx/lib\libpic32.a(default-bootstrap-exception-handler.o)
 .debug_aranges
                0x00000b48       0x20 c:/program files (x86)/microchip/xc32/v1.42/bin/bin/../../lib/gcc/pic32mx/4.8.3/../../../../pic32mx/lib\libpic32.a(default-on-reset.o)
 .debug_aranges
                0x00000b68       0x20 c:/program files (x86)/microchip/xc32/v1.42/bin/bin/../../lib/gcc/pic32mx/4.8.3/../../../../pic32mx/lib\libpic32.a(default-on-bootstrap.o)
 .debug_aranges
                0x00000b88       0x20 c:/program files (x86)/microchip/xc32/v1.42/bin/bin/../../lib/gcc/pic32mx/4.8.3/../../../../pic32mx/lib\libpic32.a(defaultinterrupt.o)

.debug_pubnames
 *(.debug_pubnames)

.debug_info     0x00000000    0x240ce
 *(.debug_info .gnu.linkonce.wi.*)
 .debug_info    0x00000000      0xb11 build/default/production/_ext/1360937237/control.o
 .debug_info    0x00000b11      0xb01 build/default/production/_ext/1360937237/motor.o
 .debug_info    0x00001612      0x19c build/default/production/_ext/1360937237/main.o
 .debug_info    0x000017ae     0x17f9 build/default/production/_ext/1360937237/debug.o
 .debug_info    0x00002fa7      0xa80 build/default/production/_ext/24337685/osal_freertos.o
 .debug_info    0x00003a27     0x1140 build/default/production/_ext/1271179505/sys_devcon.o
 .debug_info    0x00004b67      0xd31 build/default/production/_ext/1271179505/sys_devcon_pic32mx.o
 .debug_info    0x00005898     0x1598 build/default/production/_ext/122796885/sys_int_pic32.o
 .debug_info    0x00006e30      0x161 build/default/production/_ext/1128951024/croutine.o
 .debug_info    0x00006f91      0x45d build/default/production/_ext/1128951024/list.o
 .debug_info    0x000073ee     0x1910 build/default/production/_ext/1128951024/queue.o
 .debug_info    0x00008cfe     0x28ff build/default/production/_ext/1128951024/tasks.o
 .debug_info    0x0000b5fd      0x15f build/default/production/_ext/1128951024/timers.o
 .debug_info    0x0000b75c      0xd34 build/default/production/_ext/1128951024/event_groups.o
 .debug_info    0x0000c490      0x367 build/default/production/_ext/1856876499/heap_1.o
 .debug_info    0x0000c7f7     0x1190 build/default/production/_ext/12131622/port.o
 .debug_info    0x0000d987       0xaf build/default/production/_ext/12131622/port_asm.o
 .debug_info    0x0000da36      0xb21 build/default/production/_ext/1360937237/tx_thread.o
 .debug_info    0x0000e557      0xb21 build/default/production/_ext/1360937237/rx_thread.o
 .debug_info    0x0000f078     0x33b8 build/default/production/_ext/1407244131/drv_tmr_static.o
 .debug_info    0x00012430     0x1061 build/default/production/_ext/1407244131/drv_tmr_mapping.o
 .debug_info    0x00013491     0x18ba build/default/production/_ext/327000265/drv_usart_mapping.o
 .debug_info    0x00014d4b     0x3ad0 build/default/production/_ext/327000265/drv_usart_static.o
 .debug_info    0x0001881b     0x1c8c build/default/production/_ext/327000265/drv_usart_static_byte_model.o
 .debug_info    0x0001a4a7     0x1594 build/default/production/_ext/639803181/sys_clk_static.o
 .debug_info    0x0001ba3b     0x3ac7 build/default/production/_ext/822048611/sys_ports_static.o
 .debug_info    0x0001f502     0x18ca build/default/production/_ext/1688732426/system_init.o
 .debug_info    0x00020dcc     0x14ec build/default/production/_ext/1688732426/system_interrupt.o
 .debug_info    0x000222b8      0xad1 build/default/production/_ext/1688732426/system_exceptions.o
 .debug_info    0x00022d89      0xcef build/default/production/_ext/1688732426/system_tasks.o
 .debug_info    0x00023a78       0x8e build/default/production/_ext/1688732426/system_interrupt_a.o
 .debug_info    0x00023b06      0x244 build/default/production/_ext/1688732426/rtos_hooks.o
 .debug_info    0x00023d4a       0xf5 c:/program files (x86)/microchip/xc32/v1.42/bin/bin/../../lib/gcc/pic32mx/4.8.3/../../../../pic32mx/lib\libpic32.a(default-bootstrap-exception-handler.o)
 .debug_info    0x00023e3f       0xcf c:/program files (x86)/microchip/xc32/v1.42/bin/bin/../../lib/gcc/pic32mx/4.8.3/../../../../pic32mx/lib\libpic32.a(default-on-reset.o)
 .debug_info    0x00023f0e       0xd7 c:/program files (x86)/microchip/xc32/v1.42/bin/bin/../../lib/gcc/pic32mx/4.8.3/../../../../pic32mx/lib\libpic32.a(default-on-bootstrap.o)
 .debug_info    0x00023fe5       0xe9 c:/program files (x86)/microchip/xc32/v1.42/bin/bin/../../lib/gcc/pic32mx/4.8.3/../../../../pic32mx/lib\libpic32.a(defaultinterrupt.o)

.debug_abbrev   0x00000000     0x3509
 *(.debug_abbrev)
 .debug_abbrev  0x00000000       0xe4 build/default/production/_ext/1360937237/control.o
 .debug_abbrev  0x000000e4       0xe4 build/default/production/_ext/1360937237/motor.o
 .debug_abbrev  0x000001c8       0x93 build/default/production/_ext/1360937237/main.o
 .debug_abbrev  0x0000025b      0x192 build/default/production/_ext/1360937237/debug.o
 .debug_abbrev  0x000003ed      0x1fe build/default/production/_ext/24337685/osal_freertos.o
 .debug_abbrev  0x000005eb      0x26d build/default/production/_ext/1271179505/sys_devcon.o
 .debug_abbrev  0x00000858      0x16d build/default/production/_ext/1271179505/sys_devcon_pic32mx.o
 .debug_abbrev  0x000009c5      0x1d0 build/default/production/_ext/122796885/sys_int_pic32.o
 .debug_abbrev  0x00000b95       0x1b build/default/production/_ext/1128951024/croutine.o
 .debug_abbrev  0x00000bb0       0xf1 build/default/production/_ext/1128951024/list.o
 .debug_abbrev  0x00000ca1      0x2f4 build/default/production/_ext/1128951024/queue.o
 .debug_abbrev  0x00000f95      0x381 build/default/production/_ext/1128951024/tasks.o
 .debug_abbrev  0x00001316       0x1b build/default/production/_ext/1128951024/timers.o
 .debug_abbrev  0x00001331      0x29a build/default/production/_ext/1128951024/event_groups.o
 .debug_abbrev  0x000015cb      0x13f build/default/production/_ext/1856876499/heap_1.o
 .debug_abbrev  0x0000170a      0x2cf build/default/production/_ext/12131622/port.o
 .debug_abbrev  0x000019d9       0x14 build/default/production/_ext/12131622/port_asm.o
 .debug_abbrev  0x000019ed       0xe4 build/default/production/_ext/1360937237/tx_thread.o
 .debug_abbrev  0x00001ad1       0xe4 build/default/production/_ext/1360937237/rx_thread.o
 .debug_abbrev  0x00001bb5      0x314 build/default/production/_ext/1407244131/drv_tmr_static.o
 .debug_abbrev  0x00001ec9      0x24a build/default/production/_ext/1407244131/drv_tmr_mapping.o
 .debug_abbrev  0x00002113      0x221 build/default/production/_ext/327000265/drv_usart_mapping.o
 .debug_abbrev  0x00002334      0x393 build/default/production/_ext/327000265/drv_usart_static.o
 .debug_abbrev  0x000026c7      0x24f build/default/production/_ext/327000265/drv_usart_static_byte_model.o
 .debug_abbrev  0x00002916      0x27b build/default/production/_ext/639803181/sys_clk_static.o
 .debug_abbrev  0x00002b91      0x222 build/default/production/_ext/822048611/sys_ports_static.o
 .debug_abbrev  0x00002db3      0x2c1 build/default/production/_ext/1688732426/system_init.o
 .debug_abbrev  0x00003074      0x15e build/default/production/_ext/1688732426/system_interrupt.o
 .debug_abbrev  0x000031d2       0xa9 build/default/production/_ext/1688732426/system_exceptions.o
 .debug_abbrev  0x0000327b      0x145 build/default/production/_ext/1688732426/system_tasks.o
 .debug_abbrev  0x000033c0       0x12 build/default/production/_ext/1688732426/system_interrupt_a.o
 .debug_abbrev  0x000033d2       0x97 build/default/production/_ext/1688732426/rtos_hooks.o
 .debug_abbrev  0x00003469       0x28 c:/program files (x86)/microchip/xc32/v1.42/bin/bin/../../lib/gcc/pic32mx/4.8.3/../../../../pic32mx/lib\libpic32.a(default-bootstrap-exception-handler.o)
 .debug_abbrev  0x00003491       0x28 c:/program files (x86)/microchip/xc32/v1.42/bin/bin/../../lib/gcc/pic32mx/4.8.3/../../../../pic32mx/lib\libpic32.a(default-on-reset.o)
 .debug_abbrev  0x000034b9       0x28 c:/program files (x86)/microchip/xc32/v1.42/bin/bin/../../lib/gcc/pic32mx/4.8.3/../../../../pic32mx/lib\libpic32.a(default-on-bootstrap.o)
 .debug_abbrev  0x000034e1       0x28 c:/program files (x86)/microchip/xc32/v1.42/bin/bin/../../lib/gcc/pic32mx/4.8.3/../../../../pic32mx/lib\libpic32.a(defaultinterrupt.o)

.debug_line     0x00000000     0x6be1
 *(.debug_line)
 .debug_line    0x00000000      0x17b build/default/production/_ext/1360937237/control.o
 .debug_line    0x0000017b      0x177 build/default/production/_ext/1360937237/motor.o
 .debug_line    0x000002f2       0xaf build/default/production/_ext/1360937237/main.o
 .debug_line    0x000003a1      0x402 build/default/production/_ext/1360937237/debug.o
 .debug_line    0x000007a3      0x2bb build/default/production/_ext/24337685/osal_freertos.o
 .debug_line    0x00000a5e      0x5c6 build/default/production/_ext/1271179505/sys_devcon.o
 .debug_line    0x00001024      0x471 build/default/production/_ext/1271179505/sys_devcon_pic32mx.o
 .debug_line    0x00001495      0x38c build/default/production/_ext/122796885/sys_int_pic32.o
 .debug_line    0x00001821       0x1d build/default/production/_ext/1128951024/croutine.o
 .debug_line    0x0000183e      0x1dc build/default/production/_ext/1128951024/list.o
 .debug_line    0x00001a1a      0x496 build/default/production/_ext/1128951024/queue.o
 .debug_line    0x00001eb0      0x7ba build/default/production/_ext/1128951024/tasks.o
 .debug_line    0x0000266a       0x1d build/default/production/_ext/1128951024/timers.o
 .debug_line    0x00002687      0x325 build/default/production/_ext/1128951024/event_groups.o
 .debug_line    0x000029ac      0x217 build/default/production/_ext/1856876499/heap_1.o
 .debug_line    0x00002bc3      0x23a build/default/production/_ext/12131622/port.o
 .debug_line    0x00002dfd      0x102 build/default/production/_ext/12131622/port_asm.o
 .debug_line    0x00002eff      0x17f build/default/production/_ext/1360937237/tx_thread.o
 .debug_line    0x0000307e      0x17f build/default/production/_ext/1360937237/rx_thread.o
 .debug_line    0x000031fd      0x6e3 build/default/production/_ext/1407244131/drv_tmr_static.o
 .debug_line    0x000038e0      0x482 build/default/production/_ext/1407244131/drv_tmr_mapping.o
 .debug_line    0x00003d62      0x42a build/default/production/_ext/327000265/drv_usart_mapping.o
 .debug_line    0x0000418c      0x84b build/default/production/_ext/327000265/drv_usart_static.o
 .debug_line    0x000049d7      0x4c3 build/default/production/_ext/327000265/drv_usart_static_byte_model.o
 .debug_line    0x00004e9a      0x402 build/default/production/_ext/639803181/sys_clk_static.o
 .debug_line    0x0000529c      0x77b build/default/production/_ext/822048611/sys_ports_static.o
 .debug_line    0x00005a17      0x5ab build/default/production/_ext/1688732426/system_init.o
 .debug_line    0x00005fc2      0x2e5 build/default/production/_ext/1688732426/system_interrupt.o
 .debug_line    0x000062a7      0x17c build/default/production/_ext/1688732426/system_exceptions.o
 .debug_line    0x00006423      0x35e build/default/production/_ext/1688732426/system_tasks.o
 .debug_line    0x00006781       0xa5 build/default/production/_ext/1688732426/system_interrupt_a.o
 .debug_line    0x00006826      0x13a build/default/production/_ext/1688732426/rtos_hooks.o
 .debug_line    0x00006960       0xa9 c:/program files (x86)/microchip/xc32/v1.42/bin/bin/../../lib/gcc/pic32mx/4.8.3/../../../../pic32mx/lib\libpic32.a(default-bootstrap-exception-handler.o)
 .debug_line    0x00006a09       0x96 c:/program files (x86)/microchip/xc32/v1.42/bin/bin/../../lib/gcc/pic32mx/4.8.3/../../../../pic32mx/lib\libpic32.a(default-on-reset.o)
 .debug_line    0x00006a9f       0x9a c:/program files (x86)/microchip/xc32/v1.42/bin/bin/../../lib/gcc/pic32mx/4.8.3/../../../../pic32mx/lib\libpic32.a(default-on-bootstrap.o)
 .debug_line    0x00006b39       0xa8 c:/program files (x86)/microchip/xc32/v1.42/bin/bin/../../lib/gcc/pic32mx/4.8.3/../../../../pic32mx/lib\libpic32.a(defaultinterrupt.o)

.debug_frame    0x00000000     0x186c
 *(.debug_frame)
 .debug_frame   0x00000000       0x30 build/default/production/_ext/1360937237/control.o
 .debug_frame   0x00000030       0x30 build/default/production/_ext/1360937237/motor.o
 .debug_frame   0x00000060       0x28 build/default/production/_ext/1360937237/main.o
 .debug_frame   0x00000088       0x60 build/default/production/_ext/1360937237/debug.o
 .debug_frame   0x000000e8      0x150 build/default/production/_ext/24337685/osal_freertos.o
 .debug_frame   0x00000238       0xe8 build/default/production/_ext/1271179505/sys_devcon.o
 .debug_frame   0x00000320       0x28 build/default/production/_ext/1271179505/sys_devcon_pic32mx.o
 .debug_frame   0x00000348       0x90 build/default/production/_ext/122796885/sys_int_pic32.o
 .debug_frame   0x000003d8       0x60 build/default/production/_ext/1128951024/list.o
 .debug_frame   0x00000438      0x218 build/default/production/_ext/1128951024/queue.o
 .debug_frame   0x00000650      0x458 build/default/production/_ext/1128951024/tasks.o
 .debug_frame   0x00000aa8      0x108 build/default/production/_ext/1128951024/event_groups.o
 .debug_frame   0x00000bb0       0x5c build/default/production/_ext/1856876499/heap_1.o
 .debug_frame   0x00000c0c       0xc0 build/default/production/_ext/12131622/port.o
 .debug_frame   0x00000ccc       0x30 build/default/production/_ext/1360937237/tx_thread.o
 .debug_frame   0x00000cfc       0x30 build/default/production/_ext/1360937237/rx_thread.o
 .debug_frame   0x00000d2c       0xf8 build/default/production/_ext/1407244131/drv_tmr_static.o
 .debug_frame   0x00000e24      0x210 build/default/production/_ext/1407244131/drv_tmr_mapping.o
 .debug_frame   0x00001034      0x238 build/default/production/_ext/327000265/drv_usart_mapping.o
 .debug_frame   0x0000126c       0xfc build/default/production/_ext/327000265/drv_usart_static.o
 .debug_frame   0x00001368       0x80 build/default/production/_ext/327000265/drv_usart_static_byte_model.o
 .debug_frame   0x000013e8       0xa0 build/default/production/_ext/639803181/sys_clk_static.o
 .debug_frame   0x00001488      0x1f0 build/default/production/_ext/822048611/sys_ports_static.o
 .debug_frame   0x00001678       0x28 build/default/production/_ext/1688732426/system_init.o
 .debug_frame   0x000016a0       0x38 build/default/production/_ext/1688732426/system_interrupt.o
 .debug_frame   0x000016d8       0x28 build/default/production/_ext/1688732426/system_exceptions.o
 .debug_frame   0x00001700       0xa0 build/default/production/_ext/1688732426/system_tasks.o
 .debug_frame   0x000017a0       0x40 build/default/production/_ext/1688732426/rtos_hooks.o
 .debug_frame   0x000017e0       0x2c c:/program files (x86)/microchip/xc32/v1.42/bin/bin/../../lib/gcc/pic32mx/4.8.3/../../../../pic32mx/lib\libpic32.a(default-bootstrap-exception-handler.o)
 .debug_frame   0x0000180c       0x20 c:/program files (x86)/microchip/xc32/v1.42/bin/bin/../../lib/gcc/pic32mx/4.8.3/../../../../pic32mx/lib\libpic32.a(default-on-reset.o)
 .debug_frame   0x0000182c       0x20 c:/program files (x86)/microchip/xc32/v1.42/bin/bin/../../lib/gcc/pic32mx/4.8.3/../../../../pic32mx/lib\libpic32.a(default-on-bootstrap.o)
 .debug_frame   0x0000184c       0x20 c:/program files (x86)/microchip/xc32/v1.42/bin/bin/../../lib/gcc/pic32mx/4.8.3/../../../../pic32mx/lib\libpic32.a(defaultinterrupt.o)

.debug_str      0x00000000      0x6f9
 *(.debug_str)
 .debug_str     0x00000000        0x0 build/default/production/_ext/1360937237/control.o
 .debug_str     0x00000000        0x0 build/default/production/_ext/1360937237/motor.o
 .debug_str     0x00000000        0x0 build/default/production/_ext/1360937237/main.o
 .debug_str     0x00000000       0x1c build/default/production/_ext/1360937237/debug.o
 .debug_str     0x0000001c       0x40 build/default/production/_ext/24337685/osal_freertos.o
 .debug_str     0x0000005c       0x16 build/default/production/_ext/1271179505/sys_devcon.o
 .debug_str     0x00000072        0x6 build/default/production/_ext/1271179505/sys_devcon_pic32mx.o
 .debug_str     0x00000078       0x2d build/default/production/_ext/122796885/sys_int_pic32.o
 .debug_str     0x000000a5        0x0 build/default/production/_ext/1128951024/croutine.o
 .debug_str     0x000000a5       0x2b build/default/production/_ext/1128951024/list.o
 .debug_str     0x000000d0      0x131 build/default/production/_ext/1128951024/queue.o
 .debug_str     0x00000201      0x186 build/default/production/_ext/1128951024/tasks.o
 .debug_str     0x00000387        0x0 build/default/production/_ext/1128951024/timers.o
 .debug_str     0x00000387       0xe6 build/default/production/_ext/1128951024/event_groups.o
 .debug_str     0x0000046d       0x1d build/default/production/_ext/1856876499/heap_1.o
 .debug_str     0x0000048a       0x37 build/default/production/_ext/12131622/port.o
 .debug_str     0x000004c1        0x0 build/default/production/_ext/1360937237/tx_thread.o
 .debug_str     0x000004c1        0x0 build/default/production/_ext/1360937237/rx_thread.o
 .debug_str     0x000004c1       0x4d build/default/production/_ext/1407244131/drv_tmr_static.o
 .debug_str     0x0000050e        0x7 build/default/production/_ext/1407244131/drv_tmr_mapping.o
 .debug_str     0x00000515       0x23 build/default/production/_ext/327000265/drv_usart_mapping.o
 .debug_str     0x00000538       0xe2 build/default/production/_ext/327000265/drv_usart_static.o
 .debug_str     0x0000061a       0x12 build/default/production/_ext/327000265/drv_usart_static_byte_model.o
 .debug_str     0x0000062c       0x39 build/default/production/_ext/639803181/sys_clk_static.o
 .debug_str     0x00000665       0x55 build/default/production/_ext/822048611/sys_ports_static.o
 .debug_str     0x000006ba       0x36 build/default/production/_ext/1688732426/system_init.o
 .debug_str     0x000006f0        0x0 build/default/production/_ext/1688732426/system_interrupt.o
 .debug_str     0x000006f0        0x0 build/default/production/_ext/1688732426/system_exceptions.o
 .debug_str     0x000006f0        0x0 build/default/production/_ext/1688732426/system_tasks.o
 .debug_str     0x000006f0        0x9 build/default/production/_ext/1688732426/rtos_hooks.o
 .debug_str     0x000006f9        0x0 c:/program files (x86)/microchip/xc32/v1.42/bin/bin/../../lib/gcc/pic32mx/4.8.3/../../../../pic32mx/lib\libpic32.a(default-bootstrap-exception-handler.o)
 .debug_str     0x000006f9        0x0 c:/program files (x86)/microchip/xc32/v1.42/bin/bin/../../lib/gcc/pic32mx/4.8.3/../../../../pic32mx/lib\libpic32.a(default-on-reset.o)
 .debug_str     0x000006f9        0x0 c:/program files (x86)/microchip/xc32/v1.42/bin/bin/../../lib/gcc/pic32mx/4.8.3/../../../../pic32mx/lib\libpic32.a(default-on-bootstrap.o)
 .debug_str     0x000006f9        0x0 c:/program files (x86)/microchip/xc32/v1.42/bin/bin/../../lib/gcc/pic32mx/4.8.3/../../../../pic32mx/lib\libpic32.a(defaultinterrupt.o)

.debug_loc      0x00000000     0x5ced
 *(.debug_loc)
 .debug_loc     0x00000000       0x14 build/default/production/_ext/1360937237/control.o
 .debug_loc     0x00000014       0x14 build/default/production/_ext/1360937237/motor.o
 .debug_loc     0x00000028      0x6cb build/default/production/_ext/1360937237/debug.o
 .debug_loc     0x000006f3      0x40c build/default/production/_ext/24337685/osal_freertos.o
 .debug_loc     0x00000aff       0xf0 build/default/production/_ext/1271179505/sys_devcon.o
 .debug_loc     0x00000bef       0xec build/default/production/_ext/1271179505/sys_devcon_pic32mx.o
 .debug_loc     0x00000cdb       0x8d build/default/production/_ext/122796885/sys_int_pic32.o
 .debug_loc     0x00000d68       0x31 build/default/production/_ext/1128951024/list.o
 .debug_loc     0x00000d99      0xeb0 build/default/production/_ext/1128951024/queue.o
 .debug_loc     0x00001c49     0x1471 build/default/production/_ext/1128951024/tasks.o
 .debug_loc     0x000030ba      0x8ea build/default/production/_ext/1128951024/event_groups.o
 .debug_loc     0x000039a4       0x49 build/default/production/_ext/1856876499/heap_1.o
 .debug_loc     0x000039ed       0xea build/default/production/_ext/12131622/port.o
 .debug_loc     0x00003ad7       0x14 build/default/production/_ext/1360937237/tx_thread.o
 .debug_loc     0x00003aeb       0x14 build/default/production/_ext/1360937237/rx_thread.o
 .debug_loc     0x00003aff      0x305 build/default/production/_ext/1407244131/drv_tmr_static.o
 .debug_loc     0x00003e04      0x2f4 build/default/production/_ext/1407244131/drv_tmr_mapping.o
 .debug_loc     0x000040f8      0x69f build/default/production/_ext/327000265/drv_usart_mapping.o
 .debug_loc     0x00004797      0x575 build/default/production/_ext/327000265/drv_usart_static.o
 .debug_loc     0x00004d0c       0x74 build/default/production/_ext/327000265/drv_usart_static_byte_model.o
 .debug_loc     0x00004d80       0x49 build/default/production/_ext/639803181/sys_clk_static.o
 .debug_loc     0x00004dc9      0xecf build/default/production/_ext/822048611/sys_ports_static.o
 .debug_loc     0x00005c98       0x21 build/default/production/_ext/1688732426/system_init.o
 .debug_loc     0x00005cb9       0x34 build/default/production/_ext/1688732426/rtos_hooks.o

.debug_macinfo
 *(.debug_macinfo)

.debug_weaknames
 *(.debug_weaknames)

.debug_funcnames
 *(.debug_funcnames)

.debug_typenames
 *(.debug_typenames)

.debug_varnames
 *(.debug_varnames)

.debug_pubtypes
 *(.debug_pubtypes)

.debug_ranges   0x00000000      0xad0
 *(.debug_ranges)
 .debug_ranges  0x00000000       0x18 build/default/production/_ext/1360937237/control.o
 .debug_ranges  0x00000018       0x18 build/default/production/_ext/1360937237/motor.o
 .debug_ranges  0x00000030       0x10 build/default/production/_ext/1360937237/main.o
 .debug_ranges  0x00000040       0x28 build/default/production/_ext/1360937237/debug.o
 .debug_ranges  0x00000068       0x78 build/default/production/_ext/24337685/osal_freertos.o
 .debug_ranges  0x000000e0       0x68 build/default/production/_ext/1271179505/sys_devcon.o
 .debug_ranges  0x00000148       0x10 build/default/production/_ext/1271179505/sys_devcon_pic32mx.o
 .debug_ranges  0x00000158       0x50 build/default/production/_ext/122796885/sys_int_pic32.o
 .debug_ranges  0x000001a8       0x30 build/default/production/_ext/1128951024/list.o
 .debug_ranges  0x000001d8      0x130 build/default/production/_ext/1128951024/queue.o
 .debug_ranges  0x00000308      0x1b0 build/default/production/_ext/1128951024/tasks.o
 .debug_ranges  0x000004b8       0x98 build/default/production/_ext/1128951024/event_groups.o
 .debug_ranges  0x00000550       0x28 build/default/production/_ext/1856876499/heap_1.o
 .debug_ranges  0x00000578       0x48 build/default/production/_ext/12131622/port.o
 .debug_ranges  0x000005c0       0x18 build/default/production/_ext/1360937237/tx_thread.o
 .debug_ranges  0x000005d8       0x18 build/default/production/_ext/1360937237/rx_thread.o
 .debug_ranges  0x000005f0       0x90 build/default/production/_ext/1407244131/drv_tmr_static.o
 .debug_ranges  0x00000680       0xb8 build/default/production/_ext/1407244131/drv_tmr_mapping.o
 .debug_ranges  0x00000738       0x98 build/default/production/_ext/327000265/drv_usart_mapping.o
 .debug_ranges  0x000007d0       0x98 build/default/production/_ext/327000265/drv_usart_static.o
 .debug_ranges  0x00000868       0x38 build/default/production/_ext/327000265/drv_usart_static_byte_model.o
 .debug_ranges  0x000008a0       0x40 build/default/production/_ext/639803181/sys_clk_static.o
 .debug_ranges  0x000008e0       0xf8 build/default/production/_ext/822048611/sys_ports_static.o
 .debug_ranges  0x000009d8       0x10 build/default/production/_ext/1688732426/system_init.o
 .debug_ranges  0x000009e8       0x18 build/default/production/_ext/1688732426/system_interrupt.o
 .debug_ranges  0x00000a00       0x10 build/default/production/_ext/1688732426/system_exceptions.o
 .debug_ranges  0x00000a10       0x38 build/default/production/_ext/1688732426/system_tasks.o
 .debug_ranges  0x00000a48       0x30 build/default/production/_ext/1688732426/system_interrupt_a.o
 .debug_ranges  0x00000a78       0x18 build/default/production/_ext/1688732426/rtos_hooks.o
 .debug_ranges  0x00000a90       0x10 c:/program files (x86)/microchip/xc32/v1.42/bin/bin/../../lib/gcc/pic32mx/4.8.3/../../../../pic32mx/lib\libpic32.a(default-bootstrap-exception-handler.o)
 .debug_ranges  0x00000aa0       0x10 c:/program files (x86)/microchip/xc32/v1.42/bin/bin/../../lib/gcc/pic32mx/4.8.3/../../../../pic32mx/lib\libpic32.a(default-on-reset.o)
 .debug_ranges  0x00000ab0       0x10 c:/program files (x86)/microchip/xc32/v1.42/bin/bin/../../lib/gcc/pic32mx/4.8.3/../../../../pic32mx/lib\libpic32.a(default-on-bootstrap.o)
 .debug_ranges  0x00000ac0       0x10 c:/program files (x86)/microchip/xc32/v1.42/bin/bin/../../lib/gcc/pic32mx/4.8.3/../../../../pic32mx/lib\libpic32.a(defaultinterrupt.o)

.gnu.attributes
                0x00000000       0x10
 *(.gnu.attributes)
 .gnu.attributes
                0x00000000       0x10 build/default/production/_ext/1360937237/control.o
 .gnu.attributes
                0x00000010       0x10 build/default/production/_ext/1360937237/motor.o
 .gnu.attributes
                0x00000020       0x10 build/default/production/_ext/1360937237/main.o
 .gnu.attributes
                0x00000030       0x10 build/default/production/_ext/1360937237/debug.o
 .gnu.attributes
                0x00000040       0x10 build/default/production/_ext/24337685/osal_freertos.o
 .gnu.attributes
                0x00000050       0x10 build/default/production/_ext/1271179505/sys_devcon.o
 .gnu.attributes
                0x00000060       0x10 build/default/production/_ext/1271179505/sys_devcon_pic32mx.o
 .gnu.attributes
                0x00000070       0x10 build/default/production/_ext/122796885/sys_int_pic32.o
 .gnu.attributes
                0x00000080       0x10 build/default/production/_ext/1128951024/croutine.o
 .gnu.attributes
                0x00000090       0x10 build/default/production/_ext/1128951024/list.o
 .gnu.attributes
                0x000000a0       0x10 build/default/production/_ext/1128951024/queue.o
 .gnu.attributes
                0x000000b0       0x10 build/default/production/_ext/1128951024/tasks.o
 .gnu.attributes
                0x000000c0       0x10 build/default/production/_ext/1128951024/timers.o
 .gnu.attributes
                0x000000d0       0x10 build/default/production/_ext/1128951024/event_groups.o
 .gnu.attributes
                0x000000e0       0x10 build/default/production/_ext/1856876499/heap_1.o
 .gnu.attributes
                0x000000f0       0x10 build/default/production/_ext/12131622/port.o
 .gnu.attributes
                0x00000100       0x10 build/default/production/_ext/1360937237/tx_thread.o
 .gnu.attributes
                0x00000110       0x10 build/default/production/_ext/1360937237/rx_thread.o
 .gnu.attributes
                0x00000120       0x10 build/default/production/_ext/1407244131/drv_tmr_static.o
 .gnu.attributes
                0x00000130       0x10 build/default/production/_ext/1407244131/drv_tmr_mapping.o
 .gnu.attributes
                0x00000140       0x10 build/default/production/_ext/327000265/drv_usart_mapping.o
 .gnu.attributes
                0x00000150       0x10 build/default/production/_ext/327000265/drv_usart_static.o
 .gnu.attributes
                0x00000160       0x10 build/default/production/_ext/327000265/drv_usart_static_byte_model.o
 .gnu.attributes
                0x00000170       0x10 build/default/production/_ext/639803181/sys_clk_static.o
 .gnu.attributes
                0x00000180       0x10 build/default/production/_ext/822048611/sys_ports_static.o
 .gnu.attributes
                0x00000190       0x10 build/default/production/_ext/1688732426/system_init.o
 .gnu.attributes
                0x000001a0       0x10 build/default/production/_ext/1688732426/system_interrupt.o
 .gnu.attributes
                0x000001b0       0x10 build/default/production/_ext/1688732426/system_exceptions.o
 .gnu.attributes
                0x000001c0       0x10 build/default/production/_ext/1688732426/system_tasks.o
 .gnu.attributes
                0x000001d0       0x10 build/default/production/_ext/1688732426/rtos_hooks.o
 .gnu.attributes
                0x000001e0       0x10 c:/program files (x86)/microchip/xc32/v1.42/bin/bin/../../lib/gcc/pic32mx/4.8.3/../../../../pic32mx/lib\libpic32.a(default-bootstrap-exception-handler.o)
 .gnu.attributes
                0x000001f0       0x10 c:/program files (x86)/microchip/xc32/v1.42/bin/bin/../../lib/gcc/pic32mx/4.8.3/../../../../pic32mx/lib\libpic32.a(default-on-reset.o)
 .gnu.attributes
                0x00000200       0x10 c:/program files (x86)/microchip/xc32/v1.42/bin/bin/../../lib/gcc/pic32mx/4.8.3/../../../../pic32mx/lib\libpic32.a(default-on-bootstrap.o)
 .gnu.attributes
                0x00000210       0x10 c:/program files (x86)/microchip/xc32/v1.42/bin/bin/../../lib/gcc/pic32mx/4.8.3/../../../../pic32mx/lib\libpic32.a(defaultinterrupt.o)
LOAD c:/program files (x86)/microchip/xc32/v1.42/bin/bin/../../lib/gcc/pic32mx/4.8.3\libgcc.a
START GROUP
LOAD c:/program files (x86)/microchip/xc32/v1.42/bin/bin/../../lib/gcc/pic32mx/4.8.3/../../../../pic32mx/lib\libpic32.a
LOAD c:/program files (x86)/microchip/xc32/v1.42/bin/bin/../../lib/gcc/pic32mx/4.8.3/../../../../pic32mx/lib\libdebug.a
LOAD c:/program files (x86)/microchip/xc32/v1.42/bin/bin/../../lib/gcc/pic32mx/4.8.3/../../../../pic32mx/lib\libpic32.a
LOAD c:/program files (x86)/microchip/xc32/v1.42/bin/bin/../../lib/gcc/pic32mx/4.8.3/../../../../pic32mx/lib\libm.a
LOAD c:/program files (x86)/microchip/xc32/v1.42/bin/bin/../../lib/gcc/pic32mx/4.8.3/../../../../pic32mx/lib\libe.a
LOAD c:/program files (x86)/microchip/xc32/v1.42/bin/bin/../../lib/gcc/pic32mx/4.8.3/../../../../pic32mx/lib\libdsp.a
LOAD c:/program files (x86)/microchip/xc32/v1.42/bin/bin/../../lib/gcc/pic32mx/4.8.3\libgcc.a
LOAD c:/program files (x86)/microchip/xc32/v1.42/bin/bin/../../lib/gcc/pic32mx/4.8.3/../../../../pic32mx/lib\libc.a
LOAD c:/program files (x86)/microchip/xc32/v1.42/bin/bin/../../lib/gcc/pic32mx/4.8.3/../../../../pic32mx/lib\libc.a
LOAD c:/program files (x86)/microchip/xc32/v1.42/bin/bin/../../lib/gcc/pic32mx/4.8.3/../../../../pic32mx/lib\libpic32.a
END GROUP
LOAD c:/program files (x86)/microchip/xc32/v1.42/bin/bin/../../lib/gcc/pic32mx/4.8.3\libgcc.a
OUTPUT(dist/default/production/Mile2.X.production.elf elf32-tradlittlemips)
LOAD stack
LOAD data_init

.reginfo        0x00000000       0x18
 .reginfo       0x00000000       0x18 c:/program files (x86)/microchip/xc32/v1.42/bin/bin/../../lib/gcc/pic32mx/4.8.3/../../../../pic32mx/lib/./proc/32MX795F512L/crt0_mips32r2.o

.stack          0xa00197a8      0x400
 .stack         0xa00197a8      0x400 stack

.bss            0xa0000084    0x19708
 .bss           0xa0000084    0x19000 build/default/production/_ext/1856876499/heap_1.o
 .bss           0xa0019084      0x640 build/default/production/_ext/12131622/port.o
                0xa0019084                xISRStack
 .bss           0xa00196c4       0xc8 build/default/production/_ext/1128951024/tasks.o

._debug_exception
                0xbfc00480       0x2c
 ._debug_exception
                0xbfc00480       0x2c c:/program files (x86)/microchip/xc32/v1.42/bin/bin/../../lib/gcc/pic32mx/4.8.3/../../../../pic32mx/lib\debug-exception-return.o
                0xbfc00480                __DbgExecReturn

.text           0x9d000000      0x454
 .text          0x9d000000      0x454 build/default/production/_ext/12131622/port_asm.o
                0x9d000000                vPortTickInterruptHandler
                0x9d0001ac                vPortStartFirstTask
                0x9d000274                vPortYieldISR

.text.xTaskCreate
                0x9d000454      0x2d0
 .text.xTaskCreate
                0x9d000454      0x2d0 build/default/production/_ext/1128951024/tasks.o
                0x9d000454                xTaskCreate

.text.xQueueGenericSend
                0x9d000724      0x20c
 .text.xQueueGenericSend
                0x9d000724      0x20c build/default/production/_ext/1128951024/queue.o
                0x9d000724                xQueueGenericSend

.DrvTmrInstance0_vector_text
                0x9d000930      0x1b4
 .DrvTmrInstance0_vector_text
                0x9d000930      0x1b4 build/default/production/_ext/1688732426/system_interrupt_a.o

.DrvUsartInstance0_vector_text
                0x9d000ae4      0x1b4
 .DrvUsartInstance0_vector_text
                0x9d000ae4      0x1b4 build/default/production/_ext/1688732426/system_interrupt_a.o

.text.xTaskIncrementTick
                0x9d000c98      0x198
 .text.xTaskIncrementTick
                0x9d000c98      0x198 build/default/production/_ext/1128951024/tasks.o
                0x9d000c98                xTaskIncrementTick

.text.DRV_USART0_Initialize
                0x9d000e30      0x174
 .text.DRV_USART0_Initialize
                0x9d000e30      0x174 build/default/production/_ext/327000265/drv_usart_static.o
                0x9d000e30                DRV_USART0_Initialize

.text           0x9d000fa4      0x168
 .text          0x9d000fa4      0x168 c:/program files (x86)/microchip/xc32/v1.42/bin/bin/../../lib/gcc/pic32mx/4.8.3/../../../../pic32mx/lib\libpic32.a(memcpy.o)
                0x9d000fa4                memcpy

.text.xTaskResumeAll
                0x9d00110c      0x148
 .text.xTaskResumeAll
                0x9d00110c      0x148 build/default/production/_ext/1128951024/tasks.o
                0x9d00110c                xTaskResumeAll

.rodata         0x9d001254      0x128
 .rodata        0x9d001254      0x128 build/default/production/_ext/1688732426/system_exceptions.o

.text.prvUnlockQueue
                0x9d00137c       0xfc
 .text.prvUnlockQueue
                0x9d00137c       0xfc build/default/production/_ext/1128951024/queue.o

.text.xTaskPriorityDisinherit
                0x9d001478       0xf8
 .text.xTaskPriorityDisinherit
                0x9d001478       0xf8 build/default/production/_ext/1128951024/tasks.o
                0x9d001478                xTaskPriorityDisinherit

.text.prvCopyDataToQueue
                0x9d001570       0xf4
 .text.prvCopyDataToQueue
                0x9d001570       0xf4 build/default/production/_ext/1128951024/queue.o

.text.prvAddCurrentTaskToDelayedList
                0x9d001664       0xe4
 .text.prvAddCurrentTaskToDelayedList
                0x9d001664       0xe4 build/default/production/_ext/1128951024/tasks.o

.text.vTaskSwitchContext
                0x9d001748       0xe0
 .text.vTaskSwitchContext
                0x9d001748       0xe0 build/default/production/_ext/1128951024/tasks.o
                0x9d001748                vTaskSwitchContext

.text.SYS_DEVCON_PerformanceConfig
                0x9d001828       0xdc
 .text.SYS_DEVCON_PerformanceConfig
                0x9d001828       0xdc build/default/production/_ext/1271179505/sys_devcon_pic32mx.o
                0x9d001828                SYS_DEVCON_PerformanceConfig

.text.SYS_Tasks
                0x9d001904       0xdc
 .text.SYS_Tasks
                0x9d001904       0xdc build/default/production/_ext/1688732426/system_tasks.o
                0x9d001904                SYS_Tasks

.text.general_exception
                0x9d0019e0       0xdc
 .text.general_exception
                0x9d0019e0       0xdc c:/program files (x86)/microchip/xc32/v1.42/bin/bin/../../lib/gcc/pic32mx/4.8.3/../../../../pic32mx/lib\libpic32.a(general-exception.o)
                0x9d0019e0                _general_exception_context

.text.SYS_Initialize
                0x9d001abc       0xc4
 .text.SYS_Initialize
                0x9d001abc       0xc4 build/default/production/_ext/1688732426/system_init.o
                0x9d001abc                SYS_Initialize

.text.xQueueGenericReset
                0x9d001b80       0xc0
 .text.xQueueGenericReset
                0x9d001b80       0xc0 build/default/production/_ext/1128951024/queue.o
                0x9d001b80                xQueueGenericReset

.text.pvPortMalloc
                0x9d001c40       0xc0
 .text.pvPortMalloc
                0x9d001c40       0xc0 build/default/production/_ext/1856876499/heap_1.o
                0x9d001c40                pvPortMalloc

.text.xTaskRemoveFromEventList
                0x9d001d00       0xbc
 .text.xTaskRemoveFromEventList
                0x9d001d00       0xbc build/default/production/_ext/1128951024/tasks.o
                0x9d001d00                xTaskRemoveFromEventList

.text.prvIdleTask
                0x9d001dbc       0xb4
 .text.prvIdleTask
                0x9d001dbc       0xb4 build/default/production/_ext/1128951024/tasks.o

.text           0x9d001e70       0xa8
 .text          0x9d001e70       0xa8 c:/program files (x86)/microchip/xc32/v1.42/bin/bin/../../lib/gcc/pic32mx/4.8.3/../../../../pic32mx/lib\libpic32.a(memset.o)
                0x9d001e70                memset

.text.xTaskCheckForTimeOut
                0x9d001f18       0xa0
 .text.xTaskCheckForTimeOut
                0x9d001f18       0xa0 build/default/production/_ext/1128951024/tasks.o
                0x9d001f18                xTaskCheckForTimeOut

.text.xQueueGenericCreate
                0x9d001fb8       0x94
 .text.xQueueGenericCreate
                0x9d001fb8       0x94 build/default/production/_ext/1128951024/queue.o
                0x9d001fb8                xQueueGenericCreate

.text.vTaskStartScheduler
                0x9d00204c       0x80
 .text.vTaskStartScheduler
                0x9d00204c       0x80 build/default/production/_ext/1128951024/tasks.o
                0x9d00204c                vTaskStartScheduler

.dinit          0x9d0020cc       0x80
 .dinit         0x9d0020cc       0x80 data_init

.text.DRV_TMR0_Initialize
                0x9d00214c       0x7c
 .text.DRV_TMR0_Initialize
                0x9d00214c       0x7c build/default/production/_ext/1407244131/drv_tmr_static.o
                0x9d00214c                DRV_TMR0_Initialize

.text.vApplicationSetupTickTimerInterrupt
                0x9d0021c8       0x6c
 .text.vApplicationSetupTickTimerInterrupt
                0x9d0021c8       0x6c build/default/production/_ext/12131622/port.o
                0x9d0021c8                vApplicationSetupTickTimerInterrupt

.text.vTaskExitCritical
                0x9d002234       0x68
 .text.vTaskExitCritical
                0x9d002234       0x68 build/default/production/_ext/1128951024/tasks.o
                0x9d002234                vTaskExitCritical

.text.vListInsert
                0x9d00229c       0x5c
 .text.vListInsert
                0x9d00229c       0x5c build/default/production/_ext/1128951024/list.o
                0x9d00229c                vListInsert

.text.xPortStartScheduler
                0x9d0022f8       0x5c
 .text.xPortStartScheduler
                0x9d0022f8       0x5c build/default/production/_ext/12131622/port.o
                0x9d0022f8                xPortStartScheduler

.text.SYS_DEVCON_SystemUnlock
                0x9d002354       0x58
 .text.SYS_DEVCON_SystemUnlock
                0x9d002354       0x58 build/default/production/_ext/1271179505/sys_devcon.o
                0x9d002354                SYS_DEVCON_SystemUnlock

.text.SYS_INT_SourceDisable
                0x9d0023ac       0x58
 .text.SYS_INT_SourceDisable
                0x9d0023ac       0x58 build/default/production/_ext/122796885/sys_int_pic32.o
                0x9d0023ac                SYS_INT_SourceDisable

.text.xQueueCreateMutex
                0x9d002404       0x58
 .text.xQueueCreateMutex
                0x9d002404       0x58 build/default/production/_ext/1128951024/queue.o
                0x9d002404                xQueueCreateMutex

.text.vTaskDelay
                0x9d00245c       0x58
 .text.vTaskDelay
                0x9d00245c       0x58 build/default/production/_ext/1128951024/tasks.o
                0x9d00245c                vTaskDelay

.text.SYS_CLK_Initialize
                0x9d0024b4       0x58
 .text.SYS_CLK_Initialize
                0x9d0024b4       0x58 build/default/production/_ext/639803181/sys_clk_static.o
                0x9d0024b4                SYS_CLK_Initialize

.text.main_entry
                0x9d00250c       0x54
 .text.main_entry
                0x9d00250c       0x54 c:/program files (x86)/microchip/xc32/v1.42/bin/bin/../../lib/gcc/pic32mx/4.8.3/../../../../pic32mx/lib/./proc/32MX795F512L/crt0_mips32r2.o
                0x9d002540                __crt0_exit

.text.pxPortInitialiseStack
                0x9d002560       0x54
 .text.pxPortInitialiseStack
                0x9d002560       0x54 build/default/production/_ext/12131622/port.o
                0x9d002560                pxPortInitialiseStack

.text.vPortIncrementTick
                0x9d0025b4       0x54
 .text.vPortIncrementTick
                0x9d0025b4       0x54 build/default/production/_ext/12131622/port.o
                0x9d0025b4                vPortIncrementTick

.text.vTaskEnterCritical
                0x9d002608       0x50
 .text.vTaskEnterCritical
                0x9d002608       0x50 build/default/production/_ext/1128951024/tasks.o
                0x9d002608                vTaskEnterCritical

.text.DRV_USART0_TasksError
                0x9d002658       0x4c
 .text.DRV_USART0_TasksError
                0x9d002658       0x4c build/default/production/_ext/327000265/drv_usart_static.o
                0x9d002658                DRV_USART0_TasksError

.text.SYS_DEVCON_SystemLock
                0x9d0026a4       0x48
 .text.SYS_DEVCON_SystemLock
                0x9d0026a4       0x48 build/default/production/_ext/1271179505/sys_devcon.o
                0x9d0026a4                SYS_DEVCON_SystemLock

.rodata         0x9d0026ec       0x48
 .rodata        0x9d0026ec       0x48 build/default/production/_ext/1688732426/system_tasks.o

.text._bootstrap_exception_handler
                0x9d002734       0x48
 .text._bootstrap_exception_handler
                0x9d002734       0x48 c:/program files (x86)/microchip/xc32/v1.42/bin/bin/../../lib/gcc/pic32mx/4.8.3/../../../../pic32mx/lib\libpic32.a(default-bootstrap-exception-handler.o)
                0x9d002734                _bootstrap_exception_handler

.vector_default
                0x9d00277c       0x48
 .vector_default
                0x9d00277c       0x48 c:/program files (x86)/microchip/xc32/v1.42/bin/bin/../../lib/gcc/pic32mx/4.8.3/../../../../pic32mx/lib\libpic32.a(defaultinterrupt.o)
                0x9d00277c                _DefaultInterrupt

.text.uxListRemove
                0x9d0027c4       0x44
 .text.uxListRemove